Component: ARM Compiler 5.06 update 6 (build 750) Tool: armlink [4d35ed]

==============================================================================

Section Cross References

    startup_stm32f429_439xx.o(RESET) refers to startup_stm32f429_439xx.o(STACK) for __initial_sp
    startup_stm32f429_439xx.o(RESET) refers to startup_stm32f429_439xx.o(.text) for Reset_Handler
    startup_stm32f429_439xx.o(RESET) refers to stm32f4xx_it.o(i.NMI_Handler) for NMI_Handler
    startup_stm32f429_439xx.o(RESET) refers to stm32f4xx_it.o(i.HardFault_Handler) for HardFault_Handler
    startup_stm32f429_439xx.o(RESET) refers to stm32f4xx_it.o(i.MemManage_Handler) for MemManage_Handler
    startup_stm32f429_439xx.o(RESET) refers to stm32f4xx_it.o(i.BusFault_Handler) for BusFault_Handler
    startup_stm32f429_439xx.o(RESET) refers to stm32f4xx_it.o(i.UsageFault_Handler) for UsageFault_Handler
    startup_stm32f429_439xx.o(RESET) refers to stm32f4xx_it.o(i.SVC_Handler) for SVC_Handler
    startup_stm32f429_439xx.o(RESET) refers to stm32f4xx_it.o(i.DebugMon_Handler) for DebugMon_Handler
    startup_stm32f429_439xx.o(RESET) refers to os_cpu_a.o(CODE) for OS_CPU_PendSVHandler
    startup_stm32f429_439xx.o(RESET) refers to os_cpu_c.o(i.OS_CPU_SysTickHandler) for OS_CPU_SysTickHandler
    startup_stm32f429_439xx.o(RESET) refers to bsp_wm8978.o(i.DMA1_Stream3_IRQHandler) for DMA1_Stream3_IRQHandler
    startup_stm32f429_439xx.o(RESET) refers to bsp_wm8978.o(i.DMA1_Stream4_IRQHandler) for DMA1_Stream4_IRQHandler
    startup_stm32f429_439xx.o(RESET) refers to player.o(i.TIM2_IRQHandler) for TIM2_IRQHandler
    startup_stm32f429_439xx.o(RESET) refers to usart.o(i.USART2_IRQHandler) for USART2_IRQHandler
    startup_stm32f429_439xx.o(RESET) refers to bsp_sdio_sd.o(i.SDIO_IRQHandler) for SDIO_IRQHandler
    startup_stm32f429_439xx.o(RESET) refers to bsp_sdio_sd.o(i.DMA2_Stream3_IRQHandler) for DMA2_Stream3_IRQHandler
    startup_stm32f429_439xx.o(.text) refers to system_stm32f4xx.o(i.SystemInit) for SystemInit
    startup_stm32f429_439xx.o(.text) refers to entry.o(.ARM.Collect$$$$00000000) for __main
    system_stm32f4xx.o(i.SystemCoreClockUpdate) refers to system_stm32f4xx.o(.data) for SystemCoreClock
    system_stm32f4xx.o(i.SystemInit) refers to system_stm32f4xx.o(i.SetSysClock) for SetSysClock
    stm32f4xx_adc.o(i.ADC_DeInit) refers to stm32f4xx_rcc.o(i.RCC_APB2PeriphResetCmd) for RCC_APB2PeriphResetCmd
    stm32f4xx_can.o(i.CAN_DeInit) refers to stm32f4xx_rcc.o(i.RCC_APB1PeriphResetCmd) for RCC_APB1PeriphResetCmd
    stm32f4xx_can.o(i.CAN_GetITStatus) refers to stm32f4xx_can.o(i.CheckITStatus) for CheckITStatus
    stm32f4xx_cryp.o(i.CRYP_DeInit) refers to stm32f4xx_rcc.o(i.RCC_AHB2PeriphResetCmd) for RCC_AHB2PeriphResetCmd
    stm32f4xx_cryp_aes.o(i.CRYP_AES_CBC) refers to stm32f4xx_cryp.o(i.CRYP_KeyStructInit) for CRYP_KeyStructInit
    stm32f4xx_cryp_aes.o(i.CRYP_AES_CBC) refers to stm32f4xx_cryp.o(i.CRYP_FIFOFlush) for CRYP_FIFOFlush
    stm32f4xx_cryp_aes.o(i.CRYP_AES_CBC) refers to stm32f4xx_cryp.o(i.CRYP_Init) for CRYP_Init
    stm32f4xx_cryp_aes.o(i.CRYP_AES_CBC) refers to stm32f4xx_cryp.o(i.CRYP_KeyInit) for CRYP_KeyInit
    stm32f4xx_cryp_aes.o(i.CRYP_AES_CBC) refers to stm32f4xx_cryp.o(i.CRYP_Cmd) for CRYP_Cmd
    stm32f4xx_cryp_aes.o(i.CRYP_AES_CBC) refers to stm32f4xx_cryp.o(i.CRYP_GetFlagStatus) for CRYP_GetFlagStatus
    stm32f4xx_cryp_aes.o(i.CRYP_AES_CBC) refers to stm32f4xx_cryp.o(i.CRYP_IVInit) for CRYP_IVInit
    stm32f4xx_cryp_aes.o(i.CRYP_AES_CBC) refers to stm32f4xx_cryp.o(i.CRYP_GetCmdStatus) for CRYP_GetCmdStatus
    stm32f4xx_cryp_aes.o(i.CRYP_AES_CBC) refers to stm32f4xx_cryp.o(i.CRYP_DataIn) for CRYP_DataIn
    stm32f4xx_cryp_aes.o(i.CRYP_AES_CBC) refers to stm32f4xx_cryp.o(i.CRYP_DataOut) for CRYP_DataOut
    stm32f4xx_cryp_aes.o(i.CRYP_AES_CCM) refers to stm32f4xx_cryp.o(i.CRYP_KeyStructInit) for CRYP_KeyStructInit
    stm32f4xx_cryp_aes.o(i.CRYP_AES_CCM) refers to stm32f4xx_cryp.o(i.CRYP_FIFOFlush) for CRYP_FIFOFlush
    stm32f4xx_cryp_aes.o(i.CRYP_AES_CCM) refers to stm32f4xx_cryp.o(i.CRYP_KeyInit) for CRYP_KeyInit
    stm32f4xx_cryp_aes.o(i.CRYP_AES_CCM) refers to stm32f4xx_cryp.o(i.CRYP_IVInit) for CRYP_IVInit
    stm32f4xx_cryp_aes.o(i.CRYP_AES_CCM) refers to stm32f4xx_cryp.o(i.CRYP_Init) for CRYP_Init
    stm32f4xx_cryp_aes.o(i.CRYP_AES_CCM) refers to stm32f4xx_cryp.o(i.CRYP_PhaseConfig) for CRYP_PhaseConfig
    stm32f4xx_cryp_aes.o(i.CRYP_AES_CCM) refers to stm32f4xx_cryp.o(i.CRYP_DataIn) for CRYP_DataIn
    stm32f4xx_cryp_aes.o(i.CRYP_AES_CCM) refers to stm32f4xx_cryp.o(i.CRYP_Cmd) for CRYP_Cmd
    stm32f4xx_cryp_aes.o(i.CRYP_AES_CCM) refers to stm32f4xx_cryp.o(i.CRYP_GetCmdStatus) for CRYP_GetCmdStatus
    stm32f4xx_cryp_aes.o(i.CRYP_AES_CCM) refers to stm32f4xx_cryp.o(i.CRYP_GetFlagStatus) for CRYP_GetFlagStatus
    stm32f4xx_cryp_aes.o(i.CRYP_AES_CCM) refers to stm32f4xx_cryp.o(i.CRYP_DataOut) for CRYP_DataOut
[...]
    OS_SchedLockTimeMeasStop                 0x08003d19   Thumb Code    44  os_core.o(i.OS_SchedLockTimeMeasStop)
    OS_SemInit                               0x08003d55   Thumb Code    14  os_sem.o(i.OS_SemInit)
    OS_StatTask                              0x08003d6d   Thumb Code   684  os_stat.o(i.OS_StatTask)
    OS_StatTaskInit                          0x08004055   Thumb Code   136  os_stat.o(i.OS_StatTaskInit)
    OS_TaskBlock                             0x08004121   Thumb Code    40  os_core.o(i.OS_TaskBlock)
    OS_TaskChangePrio                        0x0800414d   Thumb Code   232  os_task.o(i.OS_TaskChangePrio)
    OS_TaskDbgListAdd                        0x08004239   Thumb Code    42  os_task.o(i.OS_TaskDbgListAdd)
    OS_TaskDbgListRemove                     0x08004269   Thumb Code    64  os_task.o(i.OS_TaskDbgListRemove)
    OS_TaskInit                              0x080042ad   Thumb Code    18  os_task.o(i.OS_TaskInit)
    OS_TaskInitTCB                           0x080042cd   Thumb Code   176  os_task.o(i.OS_TaskInitTCB)
    OS_TaskResume                            0x08004389   Thumb Code   256  os_task.o(i.OS_TaskResume)
    OS_TaskReturn                            0x08004489   Thumb Code    20  os_task.o(i.OS_TaskReturn)
    OS_TaskSemPost                           0x080044a1   Thumb Code   448  os_task.o(i.OS_TaskSemPost)
    OS_TaskSuspend                           0x08004665   Thumb Code   272  os_task.o(i.OS_TaskSuspend)
    OS_TickListInsert                        0x0800477d   Thumb Code   134  os_tick.o(i.OS_TickListInsert)
    OS_TickListInsertDly                     0x08004805   Thumb Code   180  os_tick.o(i.OS_TickListInsertDly)
    OS_TickListRemove                        0x080048c1   Thumb Code    88  os_tick.o(i.OS_TickListRemove)
    OS_TickListResetPeak                     0x08004919   Thumb Code     2  os_tick.o(i.OS_TickListResetPeak)
    OS_TickTask                              0x08004ac9   Thumb Code    90  os_tick.o(i.OS_TickTask)
    OS_TickTaskInit                          0x08004b2d   Thumb Code   140  os_tick.o(i.OS_TickTaskInit)
    OS_TmrInit                               0x08004bf5   Thumb Code   200  os_tmr.o(i.OS_TmrInit)
    OS_TmrResetPeak                          0x08004d41   Thumb Code     2  os_tmr.o(i.OS_TmrResetPeak)
    OS_TmrTask                               0x08004d45   Thumb Code   134  os_tmr.o(i.OS_TmrTask)
    OS_TmrUnlink                             0x08004dd9   Thumb Code    58  os_tmr.o(i.OS_TmrUnlink)
    RCC_AHB1PeriphClockCmd                   0x08004e31   Thumb Code    26  stm32f4xx_rcc.o(i.RCC_AHB1PeriphClockCmd)
    RCC_AHB3PeriphClockCmd                   0x08004e51   Thumb Code    26  stm32f4xx_rcc.o(i.RCC_AHB3PeriphClockCmd)
    RCC_APB1PeriphClockCmd                   0x08004e71   Thumb Code    26  stm32f4xx_rcc.o(i.RCC_APB1PeriphClockCmd)
    RCC_APB1PeriphResetCmd                   0x08004e91   Thumb Code    26  stm32f4xx_rcc.o(i.RCC_APB1PeriphResetCmd)
    RCC_APB2PeriphClockCmd                   0x08004eb1   Thumb Code    26  stm32f4xx_rcc.o(i.RCC_APB2PeriphClockCmd)
    RCC_APB2PeriphResetCmd                   0x08004ed1   Thumb Code    26  stm32f4xx_rcc.o(i.RCC_APB2PeriphResetCmd)
    RCC_GetClocksFreq                        0x08004ef1   Thumb Code   214  stm32f4xx_rcc.o(i.RCC_GetClocksFreq)
    RCC_GetFlagStatus                        0x08004fd9   Thumb Code    60  stm32f4xx_rcc.o(i.RCC_GetFlagStatus)
    RCC_I2SCLKConfig                         0x08005019   Thumb Code     6  stm32f4xx_rcc.o(i.RCC_I2SCLKConfig)
    RCC_PLLI2SCmd                            0x08005025   Thumb Code     6  stm32f4xx_rcc.o(i.RCC_PLLI2SCmd)
    SDIO_ClearFlag                           0x0800514d   Thumb Code     6  stm32f4xx_sdio.o(i.SDIO_ClearFlag)
    SDIO_ClearITPendingBit                   0x08005159   Thumb Code     6  stm32f4xx_sdio.o(i.SDIO_ClearITPendingBit)
    SDIO_ClockCmd                            0x08005165   Thumb Code     6  stm32f4xx_sdio.o(i.SDIO_ClockCmd)
    SDIO_DMACmd                              0x08005171   Thumb Code     6  stm32f4xx_sdio.o(i.SDIO_DMACmd)
    SDIO_DataConfig                          0x0800517d   Thumb Code    46  stm32f4xx_sdio.o(i.SDIO_DataConfig)
    SDIO_DeInit                              0x080051b1   Thumb Code    22  stm32f4xx_sdio.o(i.SDIO_DeInit)
    SDIO_GetCommandResponse                  0x080051c9   Thumb Code     8  stm32f4xx_sdio.o(i.SDIO_GetCommandResponse)
    SDIO_GetFlagStatus                       0x080051d5   Thumb Code    20  stm32f4xx_sdio.o(i.SDIO_GetFlagStatus)
    SDIO_GetITStatus                         0x080051ed   Thumb Code    20  stm32f4xx_sdio.o(i.SDIO_GetITStatus)
    SDIO_GetPowerState                       0x08005205   Thumb Code    10  stm32f4xx_sdio.o(i.SDIO_GetPowerState)
    SDIO_GetResponse                         0x08005215   Thumb Code    20  stm32f4xx_sdio.o(i.SDIO_GetResponse)
    SDIO_IRQHandler                          0x0800522d   Thumb Code     8  bsp_sdio_sd.o(i.SDIO_IRQHandler)
    SDIO_ITConfig                            0x08005235   Thumb Code    26  stm32f4xx_sdio.o(i.SDIO_ITConfig)
    SDIO_Init                                0x08005255   Thumb Code    42  stm32f4xx_sdio.o(i.SDIO_Init)
    SDIO_ReadData                            0x08005285   Thumb Code     6  stm32f4xx_sdio.o(i.SDIO_ReadData)
    SDIO_SendCommand                         0x08005291   Thumb Code    40  stm32f4xx_sdio.o(i.SDIO_SendCommand)
    SDIO_SetPowerState                       0x080052bd   Thumb Code     6  stm32f4xx_sdio.o(i.SDIO_SetPowerState)
    SDRAM_Init                               0x0800566d   Thumb Code   100  sdram.o(i.SDRAM_Init)
    SD_Detect                                0x080057a5   Thumb Code    12  bsp_sdio_sd.o(i.SD_Detect)
    SD_EnableWideBusOperation                0x080057b1   Thumb Code   136  bsp_sdio_sd.o(i.SD_EnableWideBusOperation)
    SD_GetCardInfo                           0x08005841   Thumb Code   780  bsp_sdio_sd.o(i.SD_GetCardInfo)
    SD_GetState                              0x08005b5d   Thumb Code    38  bsp_sdio_sd.o(i.SD_GetState)
    SD_GetStatus                             0x08005b83   Thumb Code    30  bsp_sdio_sd.o(i.SD_GetStatus)
    SD_Init                                  0x08005ba1   Thumb Code   182  bsp_sdio_sd.o(i.SD_Init)
    SD_InitializeCards                       0x08005c61   Thumb Code   294  bsp_sdio_sd.o(i.SD_InitializeCards)
    SD_LowLevel_DMA_RxConfig                 0x08005d9d   Thumb Code   136  bsp_sdio_sd.o(i.SD_LowLevel_DMA_RxConfig)
    SD_LowLevel_DMA_TxConfig                 0x08005e2d   Thumb Code   136  bsp_sdio_sd.o(i.SD_LowLevel_DMA_TxConfig)
    SD_LowLevel_Init                         0x08005ebd   Thumb Code   156  bsp_sdio_sd.o(i.SD_LowLevel_Init)
    SD_PowerON                               0x08005f61   Thumb Code   400  bsp_sdio_sd.o(i.SD_PowerON)
    SD_ProcessDMAIRQ                         0x08006101   Thumb Code    32  bsp_sdio_sd.o(i.SD_ProcessDMAIRQ)
    SD_ProcessIRQSrc                         0x08006129   Thumb Code   162  bsp_sdio_sd.o(i.SD_ProcessIRQSrc)
    SD_ReadMultiBlocks                       0x080061d5   Thumb Code   220  bsp_sdio_sd.o(i.SD_ReadMultiBlocks)
    SD_SelectDeselect                        0x080062cd   Thumb Code    50  bsp_sdio_sd.o(i.SD_SelectDeselect)
    SD_SendStatus                            0x08006305   Thumb Code    74  bsp_sdio_sd.o(i.SD_SendStatus)
    SD_StopTransfer                          0x08006359   Thumb Code    46  bsp_sdio_sd.o(i.SD_StopTransfer)
    SD_WaitReadOperation                     0x0800638d   Thumb Code   108  bsp_sdio_sd.o(i.SD_WaitReadOperation)
    SD_WaitWriteOperation                    0x0800640d   Thumb Code   108  bsp_sdio_sd.o(i.SD_WaitWriteOperation)
    SD_WriteMultiBlocks                      0x0800648d   Thumb Code   312  bsp_sdio_sd.o(i.SD_WriteMultiBlocks)
    SPI_I2S_DMACmd                           0x080065e5   Thumb Code    18  stm32f4xx_spi.o(i.SPI_I2S_DMACmd)
    SPI_I2S_DeInit                           0x080065f9   Thumb Code   152  stm32f4xx_spi.o(i.SPI_I2S_DeInit)
    SVC_Handler                              0x080066a9   Thumb Code     2  stm32f4xx_it.o(i.SVC_Handler)
    ShellCmdCallFuncCat                      0x080067cd   Thumb Code   126  system.o(i.ShellCmdCallFuncCat)
    ShellCmdCallFuncCd                       0x08006871   Thumb Code    58  system.o(i.ShellCmdCallFuncCd)
    ShellCmdCallFuncCp                       0x080068d1   Thumb Code   476  system.o(i.ShellCmdCallFuncCp)
    ShellCmdCallFuncLoadWav                  0x08006b4d   Thumb Code    54  system.o(i.ShellCmdCallFuncLoadWav)
    ShellCmdCallFuncLs                       0x08006b99   Thumb Code   138  system.o(i.ShellCmdCallFuncLs)
    ShellCmdCallFuncMkdir                    0x08006c79   Thumb Code    58  system.o(i.ShellCmdCallFuncMkdir)
    ShellCmdCallFuncPadMode                  0x08006cb5   Thumb Code   184  system.o(i.ShellCmdCallFuncPadMode)
    ShellCmdCallFuncPlayWav                  0x08006e21   Thumb Code    46  system.o(i.ShellCmdCallFuncPlayWav)
    ShellCmdCallFuncPwd                      0x08006e55   Thumb Code    16  system.o(i.ShellCmdCallFuncPwd)
    ShellCmdCallFuncRm                       0x08006e71   Thumb Code    52  system.o(i.ShellCmdCallFuncRm)
    ShellCmdCallFuncVersion                  0x08006ea5   Thumb Code    52  system.o(i.ShellCmdCallFuncVersion)
    ShellCmdParse                            0x08006f39   Thumb Code   286  shell.o(i.ShellCmdParse)
    ShellCmdPut                              0x0800709d   Thumb Code    90  shell.o(i.ShellCmdPut)
    ShellCmdRegex                            0x08007109   Thumb Code    58  shell.o(i.ShellCmdRegex)
    ShellCmdRegexFuncLed                     0x08007169   Thumb Code   298  bsp_led.o(i.ShellCmdRegexFuncLed)
    ShellConfig                              0x080072d9   Thumb Code    38  shell.o(i.ShellConfig)
    ShellLoop                                0x08007321   Thumb Code    42  shell.o(i.ShellLoop)
    SystemConfig                             0x08007355   Thumb Code   176  system.o(i.SystemConfig)
    SystemInit                               0x0800749d   Thumb Code    88  system_stm32f4xx.o(i.SystemInit)
    TIM2_IRQHandler                          0x08007505   Thumb Code   212  player.o(i.TIM2_IRQHandler)
    TIM2_Int_Init                            0x080075f9   Thumb Code   106  player.o(i.TIM2_Int_Init)
    TIM_ClearFlag                            0x08007663   Thumb Code     6  stm32f4xx_tim.o(i.TIM_ClearFlag)
    TIM_ClearITPendingBit                    0x08007669   Thumb Code     6  stm32f4xx_tim.o(i.TIM_ClearITPendingBit)
    TIM_Cmd                                  0x0800766f   Thumb Code    24  stm32f4xx_tim.o(i.TIM_Cmd)
    TIM_DeInit                               0x08007689   Thumb Code   346  stm32f4xx_tim.o(i.TIM_DeInit)
    TIM_GetITStatus                          0x08007819   Thumb Code    34  stm32f4xx_tim.o(i.TIM_GetITStatus)
    TIM_ITConfig                             0x0800783b   Thumb Code    18  stm32f4xx_tim.o(i.TIM_ITConfig)
    TIM_TimeBaseInit                         0x0800784d   Thumb Code   104  stm32f4xx_tim.o(i.TIM_TimeBaseInit)
    USART2_IRQHandler                        0x080078d1   Thumb Code   170  usart.o(i.USART2_IRQHandler)
    USART_Cmd                                0x0800798d   Thumb Code    24  stm32f4xx_usart.o(i.USART_Cmd)
    USART_GetFlagStatus                      0x080079a5   Thumb Code    26  stm32f4xx_usart.o(i.USART_GetFlagStatus)
    USART_GetITStatus                        0x080079bf   Thumb Code    84  stm32f4xx_usart.o(i.USART_GetITStatus)
    USART_ITConfig                           0x08007a13   Thumb Code    74  stm32f4xx_usart.o(i.USART_ITConfig)
    USART_Init                               0x08007a5d   Thumb Code   204  stm32f4xx_usart.o(i.USART_Init)
    USART_ReceiveData                        0x08007b31   Thumb Code    10  stm32f4xx_usart.o(i.USART_ReceiveData)
    USART_SendData                           0x08007b3b   Thumb Code     8  stm32f4xx_usart.o(i.USART_SendData)
    UsageFault_Handler                       0x08007b43   Thumb Code     4  stm32f4xx_it.o(i.UsageFault_Handler)
    Usart_SendByte                           0x08007b47   Thumb Code    30  usart.o(i.Usart_SendByte)
    __0printf$3                              0x08007c79   Thumb Code    22  printf3.o(i.__0printf$3)
    __1printf$3                              0x08007c79   Thumb Code     0  printf3.o(i.__0printf$3)
    __2printf                                0x08007c79   Thumb Code     0  printf3.o(i.__0printf$3)
    __0sprintf$3                             0x08007c99   Thumb Code    34  printf3.o(i.__0sprintf$3)
    __1sprintf$3                             0x08007c99   Thumb Code     0  printf3.o(i.__0sprintf$3)
    __2sprintf                               0x08007c99   Thumb Code     0  printf3.o(i.__0sprintf$3)
    __aeabi_errno_addr                       0x08007cc1   Thumb Code     4  errno.o(i.__aeabi_errno_addr)
    __rt_errno_addr                          0x08007cc1   Thumb Code     0  errno.o(i.__aeabi_errno_addr)
    __scatterload_copy                       0x08007cc9   Thumb Code    14  handlers.o(i.__scatterload_copy)
    __scatterload_null                       0x08007cd7   Thumb Code     2  handlers.o(i.__scatterload_null)
    __scatterload_zeroinit                   0x08007cd9   Thumb Code    14  handlers.o(i.__scatterload_zeroinit)
    clust2sect                               0x08007f51   Thumb Code    26  ff.o(i.clust2sect)
    disk_initialize                          0x080088e9   Thumb Code    42  diskio.o(i.disk_initialize)
    disk_ioctl                               0x08008915   Thumb Code   104  diskio.o(i.disk_ioctl)
    disk_read                                0x08008981   Thumb Code   180  diskio.o(i.disk_read)
    disk_status                              0x08008a35   Thumb Code    28  diskio.o(i.disk_status)
    disk_write                               0x08008a51   Thumb Code   186  diskio.o(i.disk_write)
    f_close                                  0x08008b0b   Thumb Code    32  ff.o(i.f_close)
    f_closedir                               0x08008b2b   Thumb Code    22  ff.o(i.f_closedir)
    f_delpath                                0x08008b41   Thumb Code   154  system.o(i.f_delpath)
    f_lseek                                  0x08008be5   Thumb Code   410  ff.o(i.f_lseek)
    f_mkdir                                  0x08008d7f   Thumb Code   358  ff.o(i.f_mkdir)
    f_mount                                  0x08008ee5   Thumb Code    86  ff.o(i.f_mount)
    f_open                                   0x08008f41   Thumb Code   362  ff.o(i.f_open)
    f_opendir                                0x080090ab   Thumb Code   118  ff.o(i.f_opendir)
    f_read                                   0x08009121   Thumb Code   464  ff.o(i.f_read)
    f_readdir                                0x080092f1   Thumb Code   100  ff.o(i.f_readdir)
    f_sync                                   0x08009355   Thumb Code   176  ff.o(i.f_sync)
    f_unlink                                 0x08009405   Thumb Code   178  ff.o(i.f_unlink)
    f_write                                  0x080094b7   Thumb Code   524  ff.o(i.f_write)
    ff_convert                               0x080096c5   Thumb Code   116  cc936.o(i.ff_convert)
    ff_wtoupper                              0x08009741   Thumb Code    46  cc936.o(i.ff_wtoupper)
    fputc                                    0x08009c51   Thumb Code    32  usart.o(i.fputc)
    getFileName                              0x08009d3d   Thumb Code    60  system.o(i.getFileName)
    getWav                                   0x08009d79   Thumb Code    34  wav.o(i.getWav)
    get_fat                                  0x08009da5   Thumb Code   318  ff.o(i.get_fat)
    get_fattime                              0x08009ee5   Thumb Code     4  diskio.o(i.get_fattime)
    loadWav                                  0x0800a065   Thumb Code   510  wav.o(i.loadWav)
    main                                     0x0800a31d   Thumb Code    68  app.o(i.main)
    mixer                                    0x0800a3d1   Thumb Code   144  player.o(i.mixer)
    parsePath                                0x0800a499   Thumb Code   340  system.o(i.parsePath)
    pathMerge                                0x0800a609   Thumb Code    48  system.o(i.pathMerge)
    play_wav                                 0x0800a6b1   Thumb Code   136  player.o(i.play_wav)
    player_Init                              0x0800a749   Thumb Code    54  player.o(i.player_Init)
    player_queue_length                      0x0800a791   Thumb Code    24  player.o(i.player_queue_length)
    player_queue_pop                         0x0800a7a9   Thumb Code    28  player.o(i.player_queue_pop)
    player_queue_push                        0x0800a7c5   Thumb Code    14  player.o(i.player_queue_push)
    put_fat                                  0x0800a7d3   Thumb Code   392  ff.o(i.put_fat)
    readData                                 0x0800a95b   Thumb Code    84  player.o(i.readData)
    unloadWav                                0x0800ab65   Thumb Code    46  wav.o(i.unloadWav)
    useVolume                                0x0800aba1   Thumb Code    36  player.o(i.useVolume)
    wm8978_CfgAudioIF                        0x0800abfb   Thumb Code    76  bsp_wm8978.o(i.wm8978_CfgAudioIF)
    wm8978_CfgAudioPath                      0x0800ac47   Thumb Code   624  bsp_wm8978.o(i.wm8978_CfgAudioPath)
    wm8978_Init                              0x0800aeb7   Thumb Code    20  bsp_wm8978.o(i.wm8978_Init)
    wm8978_PowerDown                         0x0800aecb   Thumb Code     8  bsp_wm8978.o(i.wm8978_PowerDown)
    wm8978_Reset                             0x0800aed5   Thumb Code    52  bsp_wm8978.o(i.wm8978_Reset)
    wm8978_SetOUT1Volume                     0x0800af11   Thumb Code    34  bsp_wm8978.o(i.wm8978_SetOUT1Volume)
    OSCfg_IdleTaskStkBasePtr                 0x08035ccc   Data           4  os_cfg_app.o(.constdata)
    OSCfg_IdleTaskStkLimit                   0x08035cd0   Data           4  os_cfg_app.o(.constdata)
    OSCfg_IdleTaskStkSize                    0x08035cd4   Data           4  os_cfg_app.o(.constdata)
    OSCfg_IdleTaskStkSizeRAM                 0x08035cd8   Data           4  os_cfg_app.o(.constdata)
    OSCfg_IntQBasePtr                        0x08035cdc   Data           4  os_cfg_app.o(.constdata)
    OSCfg_IntQSize                           0x08035ce0   Data           2  os_cfg_app.o(.constdata)
    OSCfg_IntQSizeRAM                        0x08035ce4   Data           4  os_cfg_app.o(.constdata)
    OSCfg_IntQTaskStkBasePtr                 0x08035ce8   Data           4  os_cfg_app.o(.constdata)
    OSCfg_IntQTaskStkLimit                   0x08035cec   Data           4  os_cfg_app.o(.constdata)
    OSCfg_IntQTaskStkSize                    0x08035cf0   Data           4  os_cfg_app.o(.constdata)
    OSCfg_IntQTaskStkSizeRAM                 0x08035cf4   Data           4  os_cfg_app.o(.constdata)
    OSCfg_ISRStkBasePtr                      0x08035cf8   Data           4  os_cfg_app.o(.constdata)
    OSCfg_ISRStkSize                         0x08035cfc   Data           4  os_cfg_app.o(.constdata)
    OSCfg_ISRStkSizeRAM                      0x08035d00   Data           4  os_cfg_app.o(.constdata)
    OSCfg_MsgPoolSize                        0x08035d04   Data           2  os_cfg_app.o(.constdata)
    OSCfg_MsgPoolSizeRAM                     0x08035d08   Data           4  os_cfg_app.o(.constdata)
    OSCfg_MsgPoolBasePtr                     0x08035d0c   Data           4  os_cfg_app.o(.constdata)
    OSCfg_StatTaskPrio                       0x08035d10   Data           1  os_cfg_app.o(.constdata)
    OSCfg_StatTaskRate_Hz                    0x08035d14   Data           4  os_cfg_app.o(.constdata)
    OSCfg_StatTaskStkBasePtr                 0x08035d18   Data           4  os_cfg_app.o(.constdata)
    OSCfg_StatTaskStkLimit                   0x08035d1c   Data           4  os_cfg_app.o(.constdata)
    OSCfg_StatTaskStkSize                    0x08035d20   Data           4  os_cfg_app.o(.constdata)
    OSCfg_StatTaskStkSizeRAM                 0x08035d24   Data           4  os_cfg_app.o(.constdata)
    OSCfg_StkSizeMin                         0x08035d28   Data           4  os_cfg_app.o(.constdata)
    OSCfg_TickRate_Hz                        0x08035d2c   Data           4  os_cfg_app.o(.constdata)
    OSCfg_TickTaskPrio                       0x08035d30   Data           1  os_cfg_app.o(.constdata)
    OSCfg_TickTaskStkBasePtr                 0x08035d34   Data           4  os_cfg_app.o(.constdata)
    OSCfg_TickTaskStkLimit                   0x08035d38   Data           4  os_cfg_app.o(.constdata)
    OSCfg_TickTaskStkSize                    0x08035d3c   Data           4  os_cfg_app.o(.constdata)
    OSCfg_TickTaskStkSizeRAM                 0x08035d40   Data           4  os_cfg_app.o(.constdata)
    OSCfg_TmrTaskPrio                        0x08035d44   Data           1  os_cfg_app.o(.constdata)
    OSCfg_TmrTaskRate_Hz                     0x08035d48   Data           4  os_cfg_app.o(.constdata)
    OSCfg_TmrTaskStkBasePtr                  0x08035d4c   Data           4  os_cfg_app.o(.constdata)
    OSCfg_TmrTaskStkLimit                    0x08035d50   Data           4  os_cfg_app.o(.constdata)
    OSCfg_TmrTaskStkSize                     0x08035d54   Data           4  os_cfg_app.o(.constdata)
    OSCfg_TmrTaskStkSizeRAM                  0x08035d58   Data           4  os_cfg_app.o(.constdata)
    OSCfg_DataSizeRAM                        0x08035d5c   Data           4  os_cfg_app.o(.constdata)
    OSDbg_DbgEn                              0x08035d60   Data           1  os_dbg.o(.constdata)
    OSDbg_ArgChkEn                           0x08035d61   Data           1  os_dbg.o(.constdata)
    OSDbg_AppHooksEn                         0x08035d62   Data           1  os_dbg.o(.constdata)
    OSDbg_EndiannessTest                     0x08035d64   Data           4  os_dbg.o(.constdata)
    OSDbg_CalledFromISRChkEn                 0x08035d68   Data           1  os_dbg.o(.constdata)
    OSDbg_FlagEn                             0x08035d69   Data           1  os_dbg.o(.constdata)
    OSDbg_FlagGrp                            0x08035d6c   Data          40  os_dbg.o(.constdata)
    OSDbg_FlagDelEn                          0x08035d94   Data           1  os_dbg.o(.constdata)
    OSDbg_FlagModeClrEn                      0x08035d95   Data           1  os_dbg.o(.constdata)
    OSDbg_FlagPendAbortEn                    0x08035d96   Data           1  os_dbg.o(.constdata)
    OSDbg_FlagGrpSize                        0x08035d98   Data           2  os_dbg.o(.constdata)
    OSDbg_FlagWidth                          0x08035d9a   Data           2  os_dbg.o(.constdata)
    OSDbg_IntQ                               0x08035d9c   Data           2  os_dbg.o(.constdata)
    OSDbg_ISRPostDeferredEn                  0x08035d9e   Data           1  os_dbg.o(.constdata)
    OSDbg_Mem                                0x08035da0   Data          32  os_dbg.o(.constdata)
    OSDbg_MemEn                              0x08035dc0   Data           1  os_dbg.o(.constdata)
    OSDbg_MemSize                            0x08035dc2   Data           2  os_dbg.o(.constdata)
    OSDbg_MsgEn                              0x08035dc4   Data           1  os_dbg.o(.constdata)
    OSDbg_MsgSize                            0x08035dc6   Data           2  os_dbg.o(.constdata)
    OSDbg_MsgPoolSize                        0x08035dc8   Data           2  os_dbg.o(.constdata)
    OSDbg_MsgQSize                           0x08035dca   Data           2  os_dbg.o(.constdata)
    OSDbg_Mutex                              0x08035dcc   Data          48  os_dbg.o(.constdata)
    OSDbg_MutexEn                            0x08035dfc   Data           1  os_dbg.o(.constdata)
    OSDbg_MutexDelEn                         0x08035dfd   Data           1  os_dbg.o(.constdata)
    OSDbg_MutexPendAbortEn                   0x08035dfe   Data           1  os_dbg.o(.constdata)
    OSDbg_MutexSize                          0x08035e00   Data           2  os_dbg.o(.constdata)
    OSDbg_ObjTypeChkEn                       0x08035e02   Data           1  os_dbg.o(.constdata)
    OSDbg_PendMultiEn                        0x08035e03   Data           1  os_dbg.o(.constdata)
    OSDbg_PendDataSize                       0x08035e04   Data           2  os_dbg.o(.constdata)
    OSDbg_PendListSize                       0x08035e06   Data           2  os_dbg.o(.constdata)
    OSDbg_PendObjSize                        0x08035e08   Data           2  os_dbg.o(.constdata)
    OSDbg_PrioMax                            0x08035e0a   Data           2  os_dbg.o(.constdata)
    OSDbg_PrioTblSize                        0x08035e0c   Data           2  os_dbg.o(.constdata)
    OSDbg_PtrSize                            0x08035e0e   Data           2  os_dbg.o(.constdata)
    OSDbg_Q                                  0x08035e10   Data          48  os_dbg.o(.constdata)
    OSDbg_QEn                                0x08035e40   Data           1  os_dbg.o(.constdata)
    OSDbg_QDelEn                             0x08035e41   Data           1  os_dbg.o(.constdata)
    OSDbg_QFlushEn                           0x08035e42   Data           1  os_dbg.o(.constdata)
    OSDbg_QPendAbortEn                       0x08035e43   Data           1  os_dbg.o(.constdata)
    OSDbg_QSize                              0x08035e44   Data           2  os_dbg.o(.constdata)
    OSDbg_SchedRoundRobinEn                  0x08035e46   Data           1  os_dbg.o(.constdata)
    OSDbg_Sem                                0x08035e48   Data          40  os_dbg.o(.constdata)
    OSDbg_SemEn                              0x08035e70   Data           1  os_dbg.o(.constdata)
    OSDbg_SemDelEn                           0x08035e71   Data           1  os_dbg.o(.constdata)
    OSDbg_SemPendAbortEn                     0x08035e72   Data           1  os_dbg.o(.constdata)
    OSDbg_SemSetEn                           0x08035e73   Data           1  os_dbg.o(.constdata)
    OSDbg_SemSize                            0x08035e74   Data           2  os_dbg.o(.constdata)
    OSDbg_RdyList                            0x08035e76   Data           2  os_dbg.o(.constdata)
    OSDbg_RdyListSize                        0x08035e78   Data           4  os_dbg.o(.constdata)
    OSDbg_StkWidth                           0x08035e7c   Data           1  os_dbg.o(.constdata)
    OSDbg_StatTaskEn                         0x08035e7d   Data           1  os_dbg.o(.constdata)
    OSDbg_StatTaskStkChkEn                   0x08035e7e   Data           1  os_dbg.o(.constdata)
    OSDbg_TaskChangePrioEn                   0x08035e7f   Data           1  os_dbg.o(.constdata)
    OSDbg_TaskDelEn                          0x08035e80   Data           1  os_dbg.o(.constdata)
    OSDbg_TaskQEn                            0x08035e81   Data           1  os_dbg.o(.constdata)
    OSDbg_TaskQPendAbortEn                   0x08035e82   Data           1  os_dbg.o(.constdata)
    OSDbg_TaskProfileEn                      0x08035e83   Data           1  os_dbg.o(.constdata)
    OSDbg_TaskRegTblSize                     0x08035e84   Data           2  os_dbg.o(.constdata)
    OSDbg_TaskSemPendAbortEn                 0x08035e86   Data           1  os_dbg.o(.constdata)
    OSDbg_TaskSuspendEn                      0x08035e87   Data           1  os_dbg.o(.constdata)
    OSDbg_TCBSize                            0x08035e88   Data           2  os_dbg.o(.constdata)
    OSDbg_TickListSize                       0x08035e8a   Data           2  os_dbg.o(.constdata)
    OSDbg_TimeDlyHMSMEn                      0x08035e8c   Data           1  os_dbg.o(.constdata)
    OSDbg_TimeDlyResumeEn                    0x08035e8d   Data           1  os_dbg.o(.constdata)
    OSDbg_TLS_TblSize                        0x08035e8e   Data           2  os_dbg.o(.constdata)
    OSDbg_Tmr                                0x08035e90   Data          48  os_dbg.o(.constdata)
    OSDbg_TmrEn                              0x08035ec0   Data           1  os_dbg.o(.constdata)
    OSDbg_TmrDelEn                           0x08035ec1   Data           1  os_dbg.o(.constdata)
    OSDbg_TmrSize                            0x08035ec2   Data           2  os_dbg.o(.constdata)
    OSDbg_VersionNbr                         0x08035ec4   Data           2  os_dbg.o(.constdata)
    OSDbg_DataSize                           0x08035ec8   Data           4  os_dbg.o(.constdata)
    __ctype_table                            0x08035ecc   Data         129  ctype_o.o(.constdata)
    Region$$Table$$Base                      0x08035f98   Number         0  anon$$obj.o(Region$$Table)
    Region$$Table$$Limit                     0x08035fb8   Number         0  anon$$obj.o(Region$$Table)
    _load_wav_start_addr                     0x20000010   Data           4  wav.o(.data)
    _load_wav_curr_index                     0x20000014   Data           2  wav.o(.data)
    ShellCmdLed                              0x20000018   Data           4  bsp_led.o(.data)
    CmdBuffer                                0x2000001c   Data           4  usart.o(.data)
    CmdRecvIndex                             0x20000020   Data           4  usart.o(.data)
    CmdLen                                   0x20000024   Data           4  usart.o(.data)
    shellCmdCallFuncRegexIndex               0x20000028   Data           2  shell.o(.data)
    ShellCmdSourcePutIndex                   0x2000002a   Data           2  shell.o(.data)
    ShellCmdSourceParseIndex                 0x2000002c   Data           2  shell.o(.data)
    ShellCmdSourceLength                     0x2000002e   Data           2  shell.o(.data)
    ShellCmdVersion                          0x20000030   Data           4  system.o(.data)
    ShellCmdLS                               0x20000034   Data           4  system.o(.data)
    ShellCmdPWD                              0x20000038   Data           4  system.o(.data)
    ShellCmdCD                               0x2000003c   Data           4  system.o(.data)
    ShellCmdCAT                              0x20000040   Data           4  system.o(.data)
    ShellCmdCP                               0x20000044   Data           4  system.o(.data)
    ShellCmdRM                               0x20000048   Data           4  system.o(.data)
    ShellCmdMKDIR                            0x2000004c   Data           4  system.o(.data)
    ShellCmdLoadWav                          0x20000050   Data           4  system.o(.data)
    s_wav                                    0x20000054   Data           4  system.o(.data)
    ShellCmdPlayWav                          0x20000058   Data           4  system.o(.data)
    ShellCmdPad                              0x2000005c   Data           4  system.o(.data)
    StopCondition                            0x20000068   Data           4  bsp_sdio_sd.o(.data)
    TransferError                            0x2000006c   Data           1  bsp_sdio_sd.o(.data)
    TransferEnd                              0x20000070   Data           4  bsp_sdio_sd.o(.data)
    DMAEndOfTransfer                         0x20000074   Data           4  bsp_sdio_sd.o(.data)
    I2S_DMA_TX_Callback                      0x200000f4   Data           4  bsp_wm8978.o(.data)
    I2S_DMA_RX_Callback                      0x200000f8   Data           4  bsp_wm8978.o(.data)
    playerAudioBufflag                       0x200000fc   Data           1  player.o(.data)
    playerAudioBuffIsread                    0x200000fd   Data           1  player.o(.data)
    playerQueue                              0x20000100   Data           8  player.o(.data)
    playingEffectQueue                       0x20000108   Data           8  player.o(.data)
    playingBGMQueue                          0x20000110   Data           8  player.o(.data)
    s_player_id                              0x20000118   Data           4  player.o(.data)
    CPU_TS_TmrFreq_Hz                        0x2000011c   Data           4  cpu_core.o(.data)
    Mem_SegHeadPtr                           0x20000120   Data           4  lib_mem.o(.data)
    OSPrioTbl                                0x20000124   Data           8  os_prio.o(.data)
    OS_AppTaskCreateHookPtr                  0x2000012c   Data           4  os_var.o(.data)
    OS_AppTaskDelHookPtr                     0x20000130   Data           4  os_var.o(.data)
    OS_AppTaskReturnHookPtr                  0x20000134   Data           4  os_var.o(.data)
    OS_AppIdleTaskHookPtr                    0x20000138   Data           4  os_var.o(.data)
    OS_AppStatTaskHookPtr                    0x2000013c   Data           4  os_var.o(.data)
    OS_AppTaskSwHookPtr                      0x20000140   Data           4  os_var.o(.data)
    OS_AppTimeTickHookPtr                    0x20000144   Data           4  os_var.o(.data)
    OSIdleTaskCtr                            0x20000148   Data           4  os_var.o(.data)
    OSIntNestingCtr                          0x2000014c   Data           1  os_var.o(.data)
    OSRunning                                0x2000014d   Data           1  os_var.o(.data)
    OSFlagDbgListPtr                         0x20000150   Data           4  os_var.o(.data)
    OSFlagQty                                0x20000154   Data           2  os_var.o(.data)
    OSMemDbgListPtr                          0x20000158   Data           4  os_var.o(.data)
    OSMemQty                                 0x2000015c   Data           2  os_var.o(.data)
    OSMutexDbgListPtr                        0x20000160   Data           4  os_var.o(.data)
    OSMutexQty                               0x20000164   Data           2  os_var.o(.data)
    OSPrioCur                                0x20000166   Data           1  os_var.o(.data)
    OSPrioHighRdy                            0x20000167   Data           1  os_var.o(.data)
    OSPrioSaved                              0x20000168   Data           1  os_var.o(.data)
    OSQDbgListPtr                            0x2000016c   Data           4  os_var.o(.data)
    OSQQty                                   0x20000170   Data           2  os_var.o(.data)
    OSSchedLockTimeBegin                     0x20000174   Data           4  os_var.o(.data)
    OSSchedLockTimeMax                       0x20000178   Data           4  os_var.o(.data)
    OSSchedLockTimeMaxCur                    0x2000017c   Data           4  os_var.o(.data)
    OSSchedLockNestingCtr                    0x20000180   Data           1  os_var.o(.data)
    OSSemDbgListPtr                          0x20000184   Data           4  os_var.o(.data)
    OSSemQty                                 0x20000188   Data           2  os_var.o(.data)
    OSStatResetFlag                          0x2000018a   Data           1  os_var.o(.data)
    OSStatTaskCPUUsage                       0x2000018c   Data           2  os_var.o(.data)
    OSStatTaskCPUUsageMax                    0x2000018e   Data           2  os_var.o(.data)
    OSStatTaskCtr                            0x20000190   Data           4  os_var.o(.data)
    OSStatTaskCtrMax                         0x20000194   Data           4  os_var.o(.data)
    OSStatTaskCtrRun                         0x20000198   Data           4  os_var.o(.data)
    OSStatTaskRdy                            0x2000019c   Data           1  os_var.o(.data)
    OSStatTaskTimeMax                        0x200001a0   Data           4  os_var.o(.data)
    OSTaskCtxSwCtr                           0x200001a4   Data           4  os_var.o(.data)
    OSTaskDbgListPtr                         0x200001a8   Data           4  os_var.o(.data)
    OSTaskQty                                0x200001ac   Data           2  os_var.o(.data)
    OSTaskRegNextAvailID                     0x200001ae   Data           1  os_var.o(.data)
    OSTickCtr                                0x200001b0   Data           4  os_var.o(.data)
    OSTickTaskTimeMax                        0x200001b4   Data           4  os_var.o(.data)
    OSTickListDly                            0x200001b8   Data           8  os_var.o(.data)
    OSTickListTimeout                        0x200001c0   Data           8  os_var.o(.data)
    OSTmrDbgListPtr                          0x200001c8   Data           4  os_var.o(.data)
    OSTmrListEntries                         0x200001cc   Data           2  os_var.o(.data)
    OSTmrListPtr                             0x200001d0   Data           4  os_var.o(.data)
    OSTmrQty                                 0x200001d4   Data           2  os_var.o(.data)
    OSTmrTaskTimeMax                         0x200001d8   Data           4  os_var.o(.data)
    OSTmrTickCtr                             0x200001dc   Data           4  os_var.o(.data)
    OSTmrUpdateCnt                           0x200001e0   Data           4  os_var.o(.data)
    OSTmrUpdateCtr                           0x200001e4   Data           4  os_var.o(.data)
    OSTCBCurPtr                              0x200001e8   Data           4  os_var.o(.data)
    OSTCBHighRdyPtr                          0x200001ec   Data           4  os_var.o(.data)
    OS_CPU_ExceptStkBase                     0x200001f0   Data           4  os_cpu_c.o(.data)
    __stdout                                 0x200001f4   Data           4  stdout.o(.data)
    _load_wav_poll                           0x200056fc   Data       86016  wav.o(.bss)
    _CmdBuffer                               0x2001a6fc   Data         256  usart.o(.bss)
    DmaSendBuffer                            0x2001a7fc   Data        5000  usart.o(.bss)
    _shellCmdPoll                            0x2001bb84   Data          64  shell.o(.bss)
    shellCmdPoll                             0x2001bbc4   Data        2048  shell.o(.bss)
    shellCmdSource                           0x2001c3c4   Data       16384  shell.o(.bss)
    shellCmdCallFuncPool                     0x200203c4   Data        8192  shell.o(.bss)
    shellCmdSourceMutex                      0x200223c4   Data          48  shell.o(.bss)
    system_fs                                0x200223f4   Data        4144  system.o(.bss)
    system_dir                               0x20023424   Data          36  system.o(.bss)
    system_curr_path                         0x20023448   Data        1024  system.o(.bss)
    SDCardInfo                               0x20023878   Data          88  bsp_sdio_sd.o(.bss)
    SDIO_InitStructure                       0x200238d0   Data          24  bsp_sdio_sd.o(.bss)
    SDIO_CmdInitStructure                    0x200238e8   Data          20  bsp_sdio_sd.o(.bss)
    SDIO_DataInitStructure                   0x200238fc   Data          24  bsp_sdio_sd.o(.bss)
    playerAudioBuffA                         0x20023920   Data          10  player.o(.bss)
    playerAudioBuffB                         0x2002392a   Data          10  player.o(.bss)
    readAudioBuffer                          0x20023934   Data          10  player.o(.bss)
    _playerPool                              0x20023940   Data         768  player.o(.bss)
    CPU_Name                                 0x20023c40   Data          16  cpu_core.o(.bss)
    Mem_Heap                                 0x20023c50   Data        3072  lib_mem.o(.bss)
    Mem_SegHeap                              0x20024850   Data          20  lib_mem.o(.bss)
    OSCfg_IdleTaskStk                        0x20024864   Data         256  os_cfg_app.o(.bss)
    OSCfg_ISRStk                             0x20024964   Data         400  os_cfg_app.o(.bss)
    OSCfg_MsgPool                            0x20024af4   Data        1600  os_cfg_app.o(.bss)
    OSCfg_StatTaskStk                        0x20025134   Data         400  os_cfg_app.o(.bss)
    OSCfg_TickTaskStk                        0x200252c4   Data         400  os_cfg_app.o(.bss)
    OSCfg_TmrTaskStk                         0x20025454   Data         400  os_cfg_app.o(.bss)
    OSIdleTaskTCB                            0x200255e4   Data         192  os_var.o(.bss)
    OSMsgPool                                0x200256a4   Data          12  os_var.o(.bss)
    OSRdyList                                0x200256b0   Data         768  os_var.o(.bss)
    OSStatTaskTCB                            0x200259b0   Data         192  os_var.o(.bss)
    OSTickTaskTCB                            0x20025a70   Data         192  os_var.o(.bss)
    OSTmrMutex                               0x20025b30   Data          48  os_var.o(.bss)
    OSTmrTaskTCB                             0x20025b60   Data         192  os_var.o(.bss)
    __initial_sp                             0x20026c20   Data           0  startup_stm32f429_439xx.o(STACK)



==============================================================================

Memory Map of the image

  Image Entry point : 0x080001ad

  Load Region LR_IROM1 (Base: 0x08000000, Size: 0x000361b4, Max: 0x00100000, ABSOLUTE, COMPRESSED[0x00036034])

    Execution Region ER_IROM1 (Exec base: 0x08000000, Load base: 0x08000000, Size: 0x00035fb8, Max: 0x00100000, ABSOLUTE)

    Exec Addr    Load Addr    Size         Type   Attr      Idx    E Section Name        Object

    0x08000000   0x08000000   0x000001ac   Data   RO            3    RESET               startup_stm32f429_439xx.o
    0x080001ac   0x080001ac   0x00000000   Code   RO         8824  * .ARM.Collect$$$$00000000  mc_w.l(entry.o)
    0x080001ac   0x080001ac   0x00000004   Code   RO         9106    .ARM.Collect$$$$00000001  mc_w.l(entry2.o)
    0x080001b0   0x080001b0   0x00000004   Code   RO         9109    .ARM.Collect$$$$00000004  mc_w.l(entry5.o)
    0x080001b4   0x080001b4   0x00000000   Code   RO         9111    .ARM.Collect$$$$00000008  mc_w.l(entry7b.o)
    0x080001b4   0x080001b4   0x00000000   Code   RO         9113    .ARM.Collect$$$$0000000A  mc_w.l(entry8b.o)
    0x080001b4   0x080001b4   0x00000008   Code   RO         9114    .ARM.Collect$$$$0000000B  mc_w.l(entry9a.o)
    0x080001bc   0x080001bc   0x00000000   Code   RO         9116    .ARM.Collect$$$$0000000D  mc_w.l(entry10a.o)
    0x080001bc   0x080001bc   0x00000000   Code   RO         9118    .ARM.Collect$$$$0000000F  mc_w.l(entry11a.o)
    0x080001bc   0x080001bc   0x00000004   Code   RO         9107    .ARM.Collect$$$$00002712  mc_w.l(entry2.o)
    0x080001c0   0x080001c0   0x0000004c   Code   RO            4    .text               startup_stm32f429_439xx.o
    0x0800020c   0x0800020c   0x00000034   Code   RO         7112    .text               cpu_a.o
    0x08000240   0x08000240   0x00000062   Code   RO         8827    .text               mc_w.l(uldiv.o)
    0x080002a2   0x080002a2   0x00000024   Code   RO         8829    .text               mc_w.l(memcpya.o)
    0x080002c6   0x080002c6   0x00000024   Code   RO         8831    .text               mc_w.l(memseta.o)
    0x080002ea   0x080002ea   0x0000000e   Code   RO         8833    .text               mc_w.l(strlen.o)
    0x080002f8   0x080002f8   0x0000001c   Code   RO         8835    .text               mc_w.l(strcmp.o)
    0x08000314   0x08000314   0x00000012   Code   RO         8837    .text               mc_w.l(strcpy.o)
    0x08000326   0x08000326   0x00000032   Code   RO         8841    .text               mc_w.l(strncasecmp.o)
    0x08000358   0x08000358   0x0000001a   Code   RO         9104    .text               mc_w.l(atoi.o)
    0x08000372   0x08000372   0x0000002c   Code   RO         9121    .text               mc_w.l(uidiv.o)
    0x0800039e   0x0800039e   0x0000001e   Code   RO         9123    .text               mc_w.l(llshl.o)
    0x080003bc   0x080003bc   0x00000020   Code   RO         9125    .text               mc_w.l(llushr.o)
    0x080003dc   0x080003dc   0x0000000c   Code   RO         9127    .text               mc_w.l(tolower.o)
    0x080003e8   0x080003e8   0x00000070   Code   RO         9136    .text               mc_w.l(strtol.o)
    0x08000458   0x08000458   0x00000024   Code   RO         9149    .text               mc_w.l(init.o)
    0x0800047c   0x0800047c   0x00000008   Code   RO         9153    .text               mc_w.l(ctype_o.o)
    0x08000484   0x08000484   0x0000009e   Code   RO         9181    .text               mc_w.l(_strtoul.o)
    0x08000522   0x08000522   0x0000001c   Code   RO         9185    .text               mc_w.l(_chval.o)
    0x0800053e   0x0800053e   0x00000056   Code   RO         9195    .text               mc_w.l(__dczerorl2.o)
    0x08000594   0x08000594   0x0000010c   Code   RO         8736    CODE                os_cpu_a.o
    0x080006a0   0x080006a0   0x00000024   Code   RO         5236    i.AppTaskLed2       app.o
    0x080006c4   0x080006c4   0x00000024   Code   RO         5237    i.AppTaskLed3       app.o
    0x080006e8   0x080006e8   0x00000008   Code   RO         5238    i.AppTaskShell      app.o
    0x080006f0   0x080006f0   0x00000128   Code   RO         5239    i.AppTaskStart      app.o
    0x08000818   0x08000818   0x00000040   Code   RO         5750    i.BL8782_PDN_INIT   system.o
    0x08000858   0x08000858   0x0000000e   Code   RO         5519    i.BSP_CPU_ClkFreq   bsp.o
    0x08000866   0x08000866   0x00000002   PAD
    0x08000868   0x08000868   0x00000040   Code   RO         5520    i.BSP_Init          bsp.o
    0x080008a8   0x080008a8   0x00000004   Code   RO         5161    i.BusFault_Handler  stm32f4xx_it.o
    0x080008ac   0x080008ac   0x0000000c   Code   RO         6994    i.CPU_Init          cpu_core.o
    0x080008b8   0x080008b8   0x00000030   Code   RO         6995    i.CPU_NameClr       cpu_core.o
    0x080008e8   0x080008e8   0x00000008   Code   RO         6997    i.CPU_NameInit      cpu_core.o
    0x080008f0   0x080008f0   0x00000004   Code   RO         6999    i.CPU_SW_Exception  cpu_core.o
    0x080008f4   0x080008f4   0x00000014   Code   RO         7001    i.CPU_TS_Init       cpu_core.o
    0x08000908   0x08000908   0x0000000c   Code   RO         7003    i.CPU_TS_TmrFreqSet  cpu_core.o
    0x08000914   0x08000914   0x00000034   Code   RO         5523    i.CPU_TS_TmrInit    bsp.o
    0x08000948   0x08000948   0x0000000c   Code   RO         5524    i.CPU_TS_TmrRd      bsp.o
    0x08000954   0x08000954   0x0000002c   Code   RO         5964    i.CmdError          bsp_sdio_sd.o
    0x08000980   0x08000980   0x00000134   Code   RO         5965    i.CmdResp1Error     bsp_sdio_sd.o
    0x08000ab4   0x08000ab4   0x0000004c   Code   RO         5966    i.CmdResp2Error     bsp_sdio_sd.o
    0x08000b00   0x08000b00   0x00000038   Code   RO         5967    i.CmdResp3Error     bsp_sdio_sd.o
    0x08000b38   0x08000b38   0x0000009c   Code   RO         5968    i.CmdResp6Error     bsp_sdio_sd.o
    0x08000bd4   0x08000bd4   0x0000004c   Code   RO         5969    i.CmdResp7Error     bsp_sdio_sd.o
    0x08000c20   0x08000c20   0x0000002c   Code   RO         6674    i.DMA1_Stream3_IRQHandler  bsp_wm8978.o
    0x08000c4c   0x08000c4c   0x0000002c   Code   RO         6675    i.DMA1_Stream4_IRQHandler  bsp_wm8978.o
    0x08000c78   0x08000c78   0x00000008   Code   RO         5970    i.DMA2_Stream3_IRQHandler  bsp_sdio_sd.o
    0x08000c80   0x08000c80   0x00000034   Code   RO         1220    i.DMA_ClearFlag     stm32f4xx_dma.o
    0x08000cb4   0x08000cb4   0x00000034   Code   RO         1221    i.DMA_ClearITPendingBit  stm32f4xx_dma.o
    0x08000ce8   0x08000ce8   0x00000016   Code   RO         1222    i.DMA_Cmd           stm32f4xx_dma.o
    0x08000cfe   0x08000cfe   0x00000002   PAD
    0x08000d00   0x08000d00   0x00000158   Code   RO         1223    i.DMA_DeInit        stm32f4xx_dma.o
    0x08000e58   0x08000e58   0x00000016   Code   RO         1224    i.DMA_DoubleBufferModeCmd  stm32f4xx_dma.o
    0x08000e6e   0x08000e6e   0x00000018   Code   RO         1225    i.DMA_DoubleBufferModeConfig  stm32f4xx_dma.o
    0x08000e86   0x08000e86   0x00000016   Code   RO         1226    i.DMA_FlowControllerConfig  stm32f4xx_dma.o
    0x08000e9c   0x08000e9c   0x00000014   Code   RO         1227    i.DMA_GetCmdStatus  stm32f4xx_dma.o
    0x08000eb0   0x08000eb0   0x00000064   Code   RO         1232    i.DMA_GetITStatus   stm32f4xx_dma.o
    0x08000f14   0x08000f14   0x0000003a   Code   RO         1233    i.DMA_ITConfig      stm32f4xx_dma.o
    0x08000f4e   0x08000f4e   0x00000002   PAD
    0x08000f50   0x08000f50   0x00000058   Code   RO         1234    i.DMA_Init          stm32f4xx_dma.o
    0x08000fa8   0x08000fa8   0x00000002   Code   RO         5162    i.DebugMon_Handler  stm32f4xx_it.o
    0x08000faa   0x08000faa   0x00000002   PAD
    0x08000fac   0x08000fac   0x000000a8   Code   RO         5629    i.Debug_USART_Config  usart.o
    0x08001054   0x08001054   0x00000048   Code   RO         1844    i.FMC_GetFlagStatus  stm32f4xx_fmc.o
    0x0800109c   0x0800109c   0x00000020   Code   RO         1861    i.FMC_SDRAMCmdConfig  stm32f4xx_fmc.o
    0x080010bc   0x080010bc   0x00000144   Code   RO         1863    i.FMC_SDRAMInit     stm32f4xx_fmc.o
    0x08001200   0x08001200   0x00000018   Code   RO         1867    i.FMC_SetRefreshCount  stm32f4xx_fmc.o
    0x08001218   0x08001218   0x00000194   Code   RO         5971    i.FindSCR           bsp_sdio_sd.o
    0x080013ac   0x080013ac   0x00000090   Code   RO         2046    i.GPIO_Init         stm32f4xx_gpio.o
    0x0800143c   0x0800143c   0x00000046   Code   RO         2047    i.GPIO_PinAFConfig  stm32f4xx_gpio.o
    0x08001482   0x08001482   0x00000004   Code   RO         2053    i.GPIO_ResetBits    stm32f4xx_gpio.o
    0x08001486   0x08001486   0x00000004   Code   RO         5163    i.HardFault_Handler  stm32f4xx_it.o
    0x0800148a   0x0800148a   0x00000018   Code   RO         2334    i.I2C_AcknowledgeConfig  stm32f4xx_i2c.o
    0x080014a2   0x080014a2   0x0000002a   Code   RO         2337    i.I2C_CheckEvent    stm32f4xx_i2c.o
    0x080014cc   0x080014cc   0x00000018   Code   RO         2340    i.I2C_Cmd           stm32f4xx_i2c.o
    0x080014e4   0x080014e4   0x00000064   Code   RO         6676    i.I2C_GPIO_Config   bsp_wm8978.o
    0x08001548   0x08001548   0x00000018   Code   RO         2348    i.I2C_GenerateSTART  stm32f4xx_i2c.o
    0x08001560   0x08001560   0x00000018   Code   RO         2349    i.I2C_GenerateSTOP  stm32f4xx_i2c.o
    0x08001578   0x08001578   0x0000003a   Code   RO         2350    i.I2C_GetFlagStatus  stm32f4xx_i2c.o
    0x080015b2   0x080015b2   0x00000002   PAD
    0x080015b4   0x080015b4   0x000000e8   Code   RO         2355    i.I2C_Init          stm32f4xx_i2c.o
    0x0800169c   0x0800169c   0x0000004c   Code   RO         6677    i.I2C_Mode_Configu  bsp_wm8978.o
    0x080016e8   0x080016e8   0x00000010   Code   RO         2362    i.I2C_Send7bitAddress  stm32f4xx_i2c.o
    0x080016f8   0x080016f8   0x00000004   Code   RO         2363    i.I2C_SendData      stm32f4xx_i2c.o
    0x080016fc   0x080016fc   0x00000018   Code   RO         4109    i.I2S_Cmd           stm32f4xx_spi.o
    0x08001714   0x08001714   0x000000a4   Code   RO         6678    i.I2S_GPIO_Config   bsp_wm8978.o
    0x080017b8   0x080017b8   0x00000198   Code   RO         4111    i.I2S_Init          stm32f4xx_spi.o
    0x08001950   0x08001950   0x00000068   Code   RO         6885    i.I2S_Int_Init      player.o
    0x080019b8   0x080019b8   0x00000010   Code   RO         6679    i.I2S_Play_Start    bsp_wm8978.o
    0x080019c8   0x080019c8   0x0000001c   Code   RO         6681    i.I2S_Stop          bsp_wm8978.o
    0x080019e4   0x080019e4   0x0000007c   Code   RO         6682    i.I2Sx_Mode_Config  bsp_wm8978.o
    0x08001a60   0x08001a60   0x000000c8   Code   RO         6683    i.I2Sx_TX_DMA_Init  bsp_wm8978.o
    0x08001b28   0x08001b28   0x00000024   Code   RO         5751    i.IsDirectoryPath   system.o
    0x08001b4c   0x08001b4c   0x00000078   Code   RO         5586    i.LED_GPIO_Config   bsp_led.o
    0x08001bc4   0x08001bc4   0x00000004   Code   RO         5164    i.MemManage_Handler  stm32f4xx_it.o
    0x08001bc8   0x08001bc8   0x00000012   Code   RO         7314    i.Mem_Clr           lib_mem.o
    0x08001bda   0x08001bda   0x00000002   PAD
    0x08001bdc   0x08001bdc   0x0000004c   Code   RO         7324    i.Mem_Init          lib_mem.o
    0x08001c28   0x08001c28   0x0000004a   Code   RO         7337    i.Mem_SegCreate     lib_mem.o
    0x08001c72   0x08001c72   0x00000002   PAD
    0x08001c74   0x08001c74   0x00000020   Code   RO         7338    i.Mem_SegCreateCritical  lib_mem.o
    0x08001c94   0x08001c94   0x00000054   Code   RO         7341    i.Mem_Set           lib_mem.o
    0x08001ce8   0x08001ce8   0x0000002c   Code   RO         6886    i.MusicPlayer_I2S_DMA_TX_Callback  player.o
    0x08001d14   0x08001d14   0x00000002   Code   RO         5165    i.NMI_Handler       stm32f4xx_it.o
    0x08001d16   0x08001d16   0x00000026   Code   RO         5631    i.NVIC_Configuration  usart.o
    0x08001d3c   0x08001d3c   0x00000078   Code   RO          164    i.NVIC_Init         misc.o
    0x08001db4   0x08001db4   0x00000014   Code   RO          165    i.NVIC_PriorityGroupConfig  misc.o
    0x08001dc8   0x08001dc8   0x00000002   Code   RO         7649    i.OSCfg_Init        os_cfg_app.o
    0x08001dca   0x08001dca   0x00000002   PAD
    0x08001dcc   0x08001dcc   0x00000014   Code   RO         8739    i.OSIdleTaskHook    os_cpu_c.o
    0x08001de0   0x08001de0   0x00000164   Code   RO         7672    i.OSInit            os_core.o
    0x08001f44   0x08001f44   0x00000028   Code   RO         8740    i.OSInitHook        os_cpu_c.o
    0x08001f6c   0x08001f6c   0x000000dc   Code   RO         7674    i.OSIntExit         os_core.o
    0x08002048   0x08002048   0x00000070   Code   RO         8065    i.OSMutexCreate     os_mutex.o
    0x080020b8   0x080020b8   0x000001d0   Code   RO         8067    i.OSMutexPend       os_mutex.o
    0x08002288   0x08002288   0x0000018c   Code   RO         8069    i.OSMutexPost       os_mutex.o
    0x08002414   0x08002414   0x000000a4   Code   RO         7675    i.OSSched           os_core.o
    0x080024b8   0x080024b8   0x00000060   Code   RO         7676    i.OSSchedLock       os_core.o
    0x08002518   0x08002518   0x00000080   Code   RO         7677    i.OSSchedUnlock     os_core.o
    0x08002598   0x08002598   0x00000068   Code   RO         7678    i.OSStart           os_core.o
    0x08002600   0x08002600   0x00000128   Code   RO         8336    i.OSStatReset       os_stat.o
    0x08002728   0x08002728   0x000000f0   Code   RO         8337    i.OSStatTaskCPUUsageInit  os_stat.o
    0x08002818   0x08002818   0x00000014   Code   RO         8741    i.OSStatTaskHook    os_cpu_c.o
    0x0800282c   0x0800282c   0x00000190   Code   RO         8367    i.OSTaskCreate      os_task.o
    0x080029bc   0x080029bc   0x00000018   Code   RO         8742    i.OSTaskCreateHook  os_cpu_c.o
    0x080029d4   0x080029d4   0x00000188   Code   RO         8368    i.OSTaskDel         os_task.o
    0x08002b5c   0x08002b5c   0x00000018   Code   RO         8743    i.OSTaskDelHook     os_cpu_c.o
    0x08002b74   0x08002b74   0x00000054   Code   RO         8376    i.OSTaskResume      os_task.o
    0x08002bc8   0x08002bc8   0x00000018   Code   RO         8744    i.OSTaskReturnHook  os_cpu_c.o
    0x08002be0   0x08002be0   0x000001c8   Code   RO         8377    i.OSTaskSemPend     os_task.o
    0x08002da8   0x08002da8   0x0000003e   Code   RO         8379    i.OSTaskSemPost     os_task.o
    0x08002de6   0x08002de6   0x00000002   PAD
    0x08002de8   0x08002de8   0x000000c0   Code   RO         8381    i.OSTaskStkChk      os_task.o
    0x08002ea8   0x08002ea8   0x000002c4   Code   RO         8745    i.OSTaskStkInit     os_cpu_c.o
    0x0800316c   0x0800316c   0x00000024   Code   RO         8382    i.OSTaskSuspend     os_task.o
    0x08003190   0x08003190   0x000000b8   Code   RO         8746    i.OSTaskSwHook      os_cpu_c.o
    0x08003248   0x08003248   0x000000a4   Code   RO         8586    i.OSTimeDly         os_time.o
    0x080032ec   0x080032ec   0x00000044   Code   RO         8591    i.OSTimeTick        os_time.o
    0x08003330   0x08003330   0x00000014   Code   RO         8747    i.OSTimeTickHook    os_cpu_c.o
    0x08003344   0x08003344   0x00000038   Code   RO         8748    i.OS_CPU_SysTickHandler  os_cpu_c.o
    0x0800337c   0x0800337c   0x00000030   Code   RO         8749    i.OS_CPU_SysTickInit  os_cpu_c.o
    0x080033ac   0x080033ac   0x000001a8   Code   RO         7888    i.OS_Dbg_Init       os_dbg.o
    0x08003554   0x08003554   0x00000018   Code   RO         7913    i.OS_FlagInit       os_flag.o
    0x0800356c   0x0800356c   0x00000044   Code   RO         7680    i.OS_IdleTask       os_core.o
    0x080035b0   0x080035b0   0x00000070   Code   RO         7681    i.OS_IdleTaskInit   os_core.o
    0x08003620   0x08003620   0x00000018   Code   RO         7997    i.OS_MemInit        os_mem.o
    0x08003638   0x08003638   0x0000007c   Code   RO         8029    i.OS_MsgPoolInit    os_msg.o
    0x080036b4   0x080036b4   0x00000044   Code   RO         8030    i.OS_MsgQFreeAll    os_msg.o
    0x080036f8   0x080036f8   0x0000000e   Code   RO         8032    i.OS_MsgQInit       os_msg.o
    0x08003706   0x08003706   0x00000002   PAD
    0x08003708   0x08003708   0x00000030   Code   RO         8071    i.OS_MutexDbgListAdd  os_mutex.o
    0x08003738   0x08003738   0x00000008   Code   RO         8073    i.OS_MutexGrpAdd    os_mutex.o
    0x08003740   0x08003740   0x00000060   Code   RO         8074    i.OS_MutexGrpPostAll  os_mutex.o
    0x080037a0   0x080037a0   0x0000002c   Code   RO         8075    i.OS_MutexGrpPrioFindHighest  os_mutex.o
    0x080037cc   0x080037cc   0x0000001c   Code   RO         8076    i.OS_MutexGrpRemove  os_mutex.o
    0x080037e8   0x080037e8   0x00000018   Code   RO         8077    i.OS_MutexInit      os_mutex.o
    0x08003800   0x08003800   0x00000068   Code   RO         7682    i.OS_Pend           os_core.o
    0x08003868   0x08003868   0x00000028   Code   RO         7685    i.OS_PendDataInit   os_core.o
    0x08003890   0x08003890   0x0000005c   Code   RO         7686    i.OS_PendDbgNameAdd  os_core.o
    0x080038ec   0x080038ec   0x00000024   Code   RO         7687    i.OS_PendDbgNameRemove  os_core.o
    0x08003910   0x08003910   0x0000003a   Code   RO         7688    i.OS_PendListChangePrio  os_core.o
    0x0800394a   0x0800394a   0x0000000a   Code   RO         7689    i.OS_PendListInit   os_core.o
    0x08003954   0x08003954   0x00000066   Code   RO         7691    i.OS_PendListInsertPrio  os_core.o
    0x080039ba   0x080039ba   0x00000034   Code   RO         7692    i.OS_PendListRemove  os_core.o
    0x080039ee   0x080039ee   0x00000042   Code   RO         7693    i.OS_PendListRemove1  os_core.o
    0x08003a30   0x08003a30   0x000000d6   Code   RO         7696    i.OS_Post           os_core.o
    0x08003b06   0x08003b06   0x0000002c   Code   RO         7697    i.OS_Post1          os_core.o
    0x08003b32   0x08003b32   0x00000002   PAD
    0x08003b34   0x08003b34   0x00000028   Code   RO         8155    i.OS_PrioGetHighest  os_prio.o
    0x08003b5c   0x08003b5c   0x00000018   Code   RO         8156    i.OS_PrioInit       os_prio.o
    0x08003b74   0x08003b74   0x00000024   Code   RO         8157    i.OS_PrioInsert     os_prio.o
    0x08003b98   0x08003b98   0x00000024   Code   RO         8158    i.OS_PrioRemove     os_prio.o
    0x08003bbc   0x08003bbc   0x00000018   Code   RO         8201    i.OS_QInit          os_q.o
    0x08003bd4   0x08003bd4   0x00000024   Code   RO         7698    i.OS_RdyListInit    os_core.o
    0x08003bf8   0x08003bf8   0x0000002c   Code   RO         7699    i.OS_RdyListInsert  os_core.o
    0x08003c24   0x08003c24   0x00000040   Code   RO         7700    i.OS_RdyListInsertHead  os_core.o
    0x08003c64   0x08003c64   0x0000003c   Code   RO         7701    i.OS_RdyListInsertTail  os_core.o
    0x08003ca0   0x08003ca0   0x0000005c   Code   RO         7703    i.OS_RdyListRemove  os_core.o
    0x08003cfc   0x08003cfc   0x0000001c   Code   RO         7704    i.OS_SchedLockTimeMeasStart  os_core.o
    0x08003d18   0x08003d18   0x0000003c   Code   RO         7705    i.OS_SchedLockTimeMeasStop  os_core.o
    0x08003d54   0x08003d54   0x00000018   Code   RO         8273    i.OS_SemInit        os_sem.o
    0x08003d6c   0x08003d6c   0x000002e8   Code   RO         8338    i.OS_StatTask       os_stat.o
    0x08004054   0x08004054   0x000000cc   Code   RO         8339    i.OS_StatTaskInit   os_stat.o
    0x08004120   0x08004120   0x0000002c   Code   RO         7706    i.OS_TaskBlock      os_core.o
    0x0800414c   0x0800414c   0x000000ec   Code   RO         8383    i.OS_TaskChangePrio  os_task.o
    0x08004238   0x08004238   0x00000030   Code   RO         8384    i.OS_TaskDbgListAdd  os_task.o
    0x08004268   0x08004268   0x00000044   Code   RO         8385    i.OS_TaskDbgListRemove  os_task.o
    0x080042ac   0x080042ac   0x00000020   Code   RO         8386    i.OS_TaskInit       os_task.o
    0x080042cc   0x080042cc   0x000000bc   Code   RO         8387    i.OS_TaskInitTCB    os_task.o
    0x08004388   0x08004388   0x00000100   Code   RO         8389    i.OS_TaskResume     os_task.o
    0x08004488   0x08004488   0x00000018   Code   RO         8390    i.OS_TaskReturn     os_task.o
    0x080044a0   0x080044a0   0x000001c4   Code   RO         8391    i.OS_TaskSemPost    os_task.o
    0x08004664   0x08004664   0x00000118   Code   RO         8392    i.OS_TaskSuspend    os_task.o
    0x0800477c   0x0800477c   0x00000086   Code   RO         8534    i.OS_TickListInsert  os_tick.o
    0x08004802   0x08004802   0x00000002   PAD
    0x08004804   0x08004804   0x000000bc   Code   RO         8535    i.OS_TickListInsertDly  os_tick.o
    0x080048c0   0x080048c0   0x00000058   Code   RO         8536    i.OS_TickListRemove  os_tick.o
    0x08004918   0x08004918   0x00000002   Code   RO         8537    i.OS_TickListResetPeak  os_tick.o
    0x0800491a   0x0800491a   0x00000002   PAD
    0x0800491c   0x0800491c   0x00000098   Code   RO         8538    i.OS_TickListUpdateDly  os_tick.o
    0x080049b4   0x080049b4   0x00000114   Code   RO         8539    i.OS_TickListUpdateTimeout  os_tick.o
    0x08004ac8   0x08004ac8   0x00000064   Code   RO         8540    i.OS_TickTask       os_tick.o
    0x08004b2c   0x08004b2c   0x000000c8   Code   RO         8541    i.OS_TickTaskInit   os_tick.o
    0x08004bf4   0x08004bf4   0x00000134   Code   RO         8637    i.OS_TmrInit        os_tmr.o
    0x08004d28   0x08004d28   0x00000018   Code   RO         8638    i.OS_TmrLock        os_tmr.o
    0x08004d40   0x08004d40   0x00000002   Code   RO         8639    i.OS_TmrResetPeak   os_tmr.o
    0x08004d42   0x08004d42   0x00000002   PAD
    0x08004d44   0x08004d44   0x00000094   Code   RO         8640    i.OS_TmrTask        os_tmr.o
    0x08004dd8   0x08004dd8   0x00000044   Code   RO         8641    i.OS_TmrUnlink      os_tmr.o
    0x08004e1c   0x08004e1c   0x00000014   Code   RO         8642    i.OS_TmrUnlock      os_tmr.o
    0x08004e30   0x08004e30   0x00000020   Code   RO         2960    i.RCC_AHB1PeriphClockCmd  stm32f4xx_rcc.o
    0x08004e50   0x08004e50   0x00000020   Code   RO         2966    i.RCC_AHB3PeriphClockCmd  stm32f4xx_rcc.o
    0x08004e70   0x08004e70   0x00000020   Code   RO         2969    i.RCC_APB1PeriphClockCmd  stm32f4xx_rcc.o
    0x08004e90   0x08004e90   0x00000020   Code   RO         2971    i.RCC_APB1PeriphResetCmd  stm32f4xx_rcc.o
    0x08004eb0   0x08004eb0   0x00000020   Code   RO         2972    i.RCC_APB2PeriphClockCmd  stm32f4xx_rcc.o
    0x08004ed0   0x08004ed0   0x00000020   Code   RO         2974    i.RCC_APB2PeriphResetCmd  stm32f4xx_rcc.o
    0x08004ef0   0x08004ef0   0x000000e8   Code   RO         2981    i.RCC_GetClocksFreq  stm32f4xx_rcc.o
    0x08004fd8   0x08004fd8   0x00000040   Code   RO         2982    i.RCC_GetFlagStatus  stm32f4xx_rcc.o
    0x08005018   0x08005018   0x0000000c   Code   RO         2988    i.RCC_I2SCLKConfig  stm32f4xx_rcc.o
    0x08005024   0x08005024   0x0000000c   Code   RO         3000    i.RCC_PLLI2SCmd     stm32f4xx_rcc.o
    0x08005030   0x08005030   0x0000011c   Code   RO         5973    i.SDEnWideBus       bsp_sdio_sd.o
    0x0800514c   0x0800514c   0x0000000c   Code   RO         3891    i.SDIO_ClearFlag    stm32f4xx_sdio.o
    0x08005158   0x08005158   0x0000000c   Code   RO         3892    i.SDIO_ClearITPendingBit  stm32f4xx_sdio.o
    0x08005164   0x08005164   0x0000000c   Code   RO         3893    i.SDIO_ClockCmd     stm32f4xx_sdio.o
    0x08005170   0x08005170   0x0000000c   Code   RO         3896    i.SDIO_DMACmd       stm32f4xx_sdio.o
    0x0800517c   0x0800517c   0x00000034   Code   RO         3897    i.SDIO_DataConfig   stm32f4xx_sdio.o
    0x080051b0   0x080051b0   0x00000016   Code   RO         3899    i.SDIO_DeInit       stm32f4xx_sdio.o
    0x080051c6   0x080051c6   0x00000002   PAD
    0x080051c8   0x080051c8   0x0000000c   Code   RO         3900    i.SDIO_GetCommandResponse  stm32f4xx_sdio.o
    0x080051d4   0x080051d4   0x00000018   Code   RO         3903    i.SDIO_GetFlagStatus  stm32f4xx_sdio.o
    0x080051ec   0x080051ec   0x00000018   Code   RO         3904    i.SDIO_GetITStatus  stm32f4xx_sdio.o
    0x08005204   0x08005204   0x00000010   Code   RO         3905    i.SDIO_GetPowerState  stm32f4xx_sdio.o
    0x08005214   0x08005214   0x00000018   Code   RO         3906    i.SDIO_GetResponse  stm32f4xx_sdio.o
    0x0800522c   0x0800522c   0x00000008   Code   RO         5974    i.SDIO_IRQHandler   bsp_sdio_sd.o
    0x08005234   0x08005234   0x00000020   Code   RO         3907    i.SDIO_ITConfig     stm32f4xx_sdio.o
    0x08005254   0x08005254   0x00000030   Code   RO         3908    i.SDIO_Init         stm32f4xx_sdio.o
    0x08005284   0x08005284   0x0000000c   Code   RO         3909    i.SDIO_ReadData     stm32f4xx_sdio.o
    0x08005290   0x08005290   0x0000002c   Code   RO         3911    i.SDIO_SendCommand  stm32f4xx_sdio.o
    0x080052bc   0x080052bc   0x0000000c   Code   RO         3913    i.SDIO_SetPowerState  stm32f4xx_sdio.o
    0x080052c8   0x080052c8   0x000003a4   Code   RO         5906    i.SDRAM_GPIO_Config  sdram.o
    0x0800566c   0x0800566c   0x00000064   Code   RO         5907    i.SDRAM_Init        sdram.o
    0x080056d0   0x080056d0   0x000000b0   Code   RO         5908    i.SDRAM_InitSequence  sdram.o
    0x08005780   0x08005780   0x00000024   Code   RO         5912    i.SDRAM_delay       sdram.o
    0x080057a4   0x080057a4   0x0000000c   Code   RO         5976    i.SD_Detect         bsp_sdio_sd.o
    0x080057b0   0x080057b0   0x00000090   Code   RO         5977    i.SD_EnableWideBusOperation  bsp_sdio_sd.o
    0x08005840   0x08005840   0x0000031c   Code   RO         5979    i.SD_GetCardInfo    bsp_sdio_sd.o
    0x08005b5c   0x08005b5c   0x00000026   Code   RO         5981    i.SD_GetState       bsp_sdio_sd.o
    0x08005b82   0x08005b82   0x0000001e   Code   RO         5982    i.SD_GetStatus      bsp_sdio_sd.o
    0x08005ba0   0x08005ba0   0x000000c0   Code   RO         5985    i.SD_Init           bsp_sdio_sd.o
    0x08005c60   0x08005c60   0x0000013c   Code   RO         5986    i.SD_InitializeCards  bsp_sdio_sd.o
    0x08005d9c   0x08005d9c   0x00000090   Code   RO         5987    i.SD_LowLevel_DMA_RxConfig  bsp_sdio_sd.o
    0x08005e2c   0x08005e2c   0x00000090   Code   RO         5988    i.SD_LowLevel_DMA_TxConfig  bsp_sdio_sd.o
    0x08005ebc   0x08005ebc   0x000000a4   Code   RO         5990    i.SD_LowLevel_Init  bsp_sdio_sd.o
    0x08005f60   0x08005f60   0x000001a0   Code   RO         5992    i.SD_PowerON        bsp_sdio_sd.o
    0x08006100   0x08006100   0x00000028   Code   RO         5993    i.SD_ProcessDMAIRQ  bsp_sdio_sd.o
    0x08006128   0x08006128   0x000000ac   Code   RO         5994    i.SD_ProcessIRQSrc  bsp_sdio_sd.o
    0x080061d4   0x080061d4   0x000000f8   Code   RO         5996    i.SD_ReadMultiBlocks  bsp_sdio_sd.o
    0x080062cc   0x080062cc   0x00000038   Code   RO         5997    i.SD_SelectDeselect  bsp_sdio_sd.o
    0x08006304   0x08006304   0x00000054   Code   RO         5999    i.SD_SendStatus     bsp_sdio_sd.o
    0x08006358   0x08006358   0x00000034   Code   RO         6000    i.SD_StopTransfer   bsp_sdio_sd.o
    0x0800638c   0x0800638c   0x00000080   Code   RO         6001    i.SD_WaitReadOperation  bsp_sdio_sd.o
    0x0800640c   0x0800640c   0x00000080   Code   RO         6002    i.SD_WaitWriteOperation  bsp_sdio_sd.o
    0x0800648c   0x0800648c   0x00000158   Code   RO         6004    i.SD_WriteMultiBlocks  bsp_sdio_sd.o
    0x080065e4   0x080065e4   0x00000012   Code   RO         4121    i.SPI_I2S_DMACmd    stm32f4xx_spi.o
    0x080065f6   0x080065f6   0x00000002   PAD
    0x080065f8   0x080065f8   0x000000b0   Code   RO         4122    i.SPI_I2S_DeInit    stm32f4xx_spi.o
    0x080066a8   0x080066a8   0x00000002   Code   RO         5167    i.SVC_Handler       stm32f4xx_it.o
    0x080066aa   0x080066aa   0x00000002   PAD
    0x080066ac   0x080066ac   0x00000120   Code   RO           13    i.SetSysClock       system_stm32f4xx.o
    0x080067cc   0x080067cc   0x000000a4   Code   RO         5753    i.ShellCmdCallFuncCat  system.o
    0x08006870   0x08006870   0x00000060   Code   RO         5754    i.ShellCmdCallFuncCd  system.o
    0x080068d0   0x080068d0   0x0000027c   Code   RO         5755    i.ShellCmdCallFuncCp  system.o
    0x08006b4c   0x08006b4c   0x0000004c   Code   RO         5756    i.ShellCmdCallFuncLoadWav  system.o
    0x08006b98   0x08006b98   0x000000e0   Code   RO         5757    i.ShellCmdCallFuncLs  system.o
    0x08006c78   0x08006c78   0x0000003a   Code   RO         5758    i.ShellCmdCallFuncMkdir  system.o
    0x08006cb2   0x08006cb2   0x00000002   PAD
    0x08006cb4   0x08006cb4   0x0000016c   Code   RO         5759    i.ShellCmdCallFuncPadMode  system.o
    0x08006e20   0x08006e20   0x00000034   Code   RO         5760    i.ShellCmdCallFuncPlayWav  system.o
    0x08006e54   0x08006e54   0x0000001c   Code   RO         5761    i.ShellCmdCallFuncPwd  system.o
    0x08006e70   0x08006e70   0x00000034   Code   RO         5762    i.ShellCmdCallFuncRm  system.o
    0x08006ea4   0x08006ea4   0x00000094   Code   RO         5763    i.ShellCmdCallFuncVersion  system.o
    0x08006f38   0x08006f38   0x00000164   Code   RO         5698    i.ShellCmdParse     shell.o
    0x0800709c   0x0800709c   0x0000006c   Code   RO         5699    i.ShellCmdPut       shell.o
    0x08007108   0x08007108   0x00000060   Code   RO         5700    i.ShellCmdRegex     shell.o
    0x08007168   0x08007168   0x00000170   Code   RO         5587    i.ShellCmdRegexFuncLed  bsp_led.o
    0x080072d8   0x080072d8   0x00000048   Code   RO         5701    i.ShellConfig       shell.o
    0x08007320   0x08007320   0x00000034   Code   RO         5702    i.ShellLoop         shell.o
    0x08007354   0x08007354   0x00000148   Code   RO         5764    i.SystemConfig      system.o
    0x0800749c   0x0800749c   0x00000068   Code   RO           15    i.SystemInit        system_stm32f4xx.o
    0x08007504   0x08007504   0x000000f4   Code   RO         6887    i.TIM2_IRQHandler   player.o
    0x080075f8   0x080075f8   0x0000006a   Code   RO         6888    i.TIM2_Int_Init     player.o
    0x08007662   0x08007662   0x00000006   Code   RO         4347    i.TIM_ClearFlag     stm32f4xx_tim.o
    0x08007668   0x08007668   0x00000006   Code   RO         4348    i.TIM_ClearITPendingBit  stm32f4xx_tim.o
    0x0800766e   0x0800766e   0x00000018   Code   RO         4353    i.TIM_Cmd           stm32f4xx_tim.o
    0x08007686   0x08007686   0x00000002   PAD
    0x08007688   0x08007688   0x00000190   Code   RO         4358    i.TIM_DeInit        stm32f4xx_tim.o
    0x08007818   0x08007818   0x00000022   Code   RO         4374    i.TIM_GetITStatus   stm32f4xx_tim.o
    0x0800783a   0x0800783a   0x00000012   Code   RO         4378    i.TIM_ITConfig      stm32f4xx_tim.o
    0x0800784c   0x0800784c   0x00000084   Code   RO         4425    i.TIM_TimeBaseInit  stm32f4xx_tim.o
    0x080078d0   0x080078d0   0x000000bc   Code   RO         5632    i.USART2_IRQHandler  usart.o
    0x0800798c   0x0800798c   0x00000018   Code   RO         4907    i.USART_Cmd         stm32f4xx_usart.o
    0x080079a4   0x080079a4   0x0000001a   Code   RO         4910    i.USART_GetFlagStatus  stm32f4xx_usart.o
    0x080079be   0x080079be   0x00000054   Code   RO         4911    i.USART_GetITStatus  stm32f4xx_usart.o
    0x08007a12   0x08007a12   0x0000004a   Code   RO         4913    i.USART_ITConfig    stm32f4xx_usart.o
    0x08007a5c   0x08007a5c   0x000000d4   Code   RO         4914    i.USART_Init        stm32f4xx_usart.o
    0x08007b30   0x08007b30   0x0000000a   Code   RO         4921    i.USART_ReceiveData  stm32f4xx_usart.o
    0x08007b3a   0x08007b3a   0x00000008   Code   RO         4924    i.USART_SendData    stm32f4xx_usart.o
    0x08007b42   0x08007b42   0x00000004   Code   RO         5169    i.UsageFault_Handler  stm32f4xx_it.o
    0x08007b46   0x08007b46   0x0000001e   Code   RO         5633    i.Usart_SendByte    usart.o
    0x08007b64   0x08007b64   0x00000020   Code   RO         6688    i.WM8978_I2C_TIMEOUT_UserCallback  bsp_wm8978.o
    0x08007b84   0x08007b84   0x000000f4   Code   RO         6689    i.WM8978_I2C_WriteRegister  bsp_wm8978.o
    0x08007c78   0x08007c78   0x00000020   Code   RO         8932    i.__0printf$3       mc_w.l(printf3.o)
    0x08007c98   0x08007c98   0x00000028   Code   RO         8934    i.__0sprintf$3      mc_w.l(printf3.o)
    0x08007cc0   0x08007cc0   0x00000008   Code   RO         9129    i.__aeabi_errno_addr  mc_w.l(errno.o)
    0x08007cc8   0x08007cc8   0x0000000e   Code   RO         9189    i.__scatterload_copy  mc_w.l(handlers.o)
    0x08007cd6   0x08007cd6   0x00000002   Code   RO         9190    i.__scatterload_null  mc_w.l(handlers.o)
    0x08007cd8   0x08007cd8   0x0000000e   Code   RO         9191    i.__scatterload_zeroinit  mc_w.l(handlers.o)
    0x08007ce6   0x08007ce6   0x00000002   PAD
    0x08007ce8   0x08007ce8   0x000001b8   Code   RO         8939    i._printf_core      mc_w.l(printf3.o)
    0x08007ea0   0x08007ea0   0x0000000a   Code   RO         8941    i._sputc            mc_w.l(printf3.o)
    0x08007eaa   0x08007eaa   0x00000002   PAD
    0x08007eac   0x08007eac   0x00000090   Code   RO         6229    i.check_fs          ff.o
    0x08007f3c   0x08007f3c   0x00000014   Code   RO         6230    i.chk_chr           ff.o
    0x08007f50   0x08007f50   0x0000001a   Code   RO         6231    i.clust2sect        ff.o
    0x08007f6a   0x08007f6a   0x00000002   PAD
    0x08007f6c   0x08007f6c   0x00000090   Code   RO         6232    i.cmp_lfn           ff.o
    0x08007ffc   0x08007ffc   0x000000d6   Code   RO         6233    i.create_chain      ff.o
    0x080080d2   0x080080d2   0x00000002   PAD
    0x080080d4   0x080080d4   0x00000270   Code   RO         6234    i.create_name       ff.o
    0x08008344   0x08008344   0x0000005c   Code   RO         6235    i.dir_alloc         ff.o
    0x080083a0   0x080083a0   0x000000ea   Code   RO         6236    i.dir_find          ff.o
    0x0800848a   0x0800848a   0x0000013c   Code   RO         6237    i.dir_next          ff.o
    0x080085c6   0x080085c6   0x000000c6   Code   RO         6238    i.dir_read          ff.o
    0x0800868c   0x0800868c   0x0000012a   Code   RO         6239    i.dir_register      ff.o
    0x080087b6   0x080087b6   0x0000006a   Code   RO         6240    i.dir_remove        ff.o
    0x08008820   0x08008820   0x000000c8   Code   RO         6241    i.dir_sdi           ff.o
    0x080088e8   0x080088e8   0x0000002a   Code   RO         6575    i.disk_initialize   diskio.o
    0x08008912   0x08008912   0x00000002   PAD
    0x08008914   0x08008914   0x0000006c   Code   RO         6576    i.disk_ioctl        diskio.o
    0x08008980   0x08008980   0x000000b4   Code   RO         6577    i.disk_read         diskio.o
    0x08008a34   0x08008a34   0x0000001c   Code   RO         6578    i.disk_status       diskio.o
    0x08008a50   0x08008a50   0x000000ba   Code   RO         6579    i.disk_write        diskio.o
    0x08008b0a   0x08008b0a   0x00000020   Code   RO         6243    i.f_close           ff.o
    0x08008b2a   0x08008b2a   0x00000016   Code   RO         6244    i.f_closedir        ff.o
    0x08008b40   0x08008b40   0x000000a4   Code   RO         5765    i.f_delpath         system.o
    0x08008be4   0x08008be4   0x0000019a   Code   RO         6248    i.f_lseek           ff.o
    0x08008d7e   0x08008d7e   0x00000166   Code   RO         6249    i.f_mkdir           ff.o
    0x08008ee4   0x08008ee4   0x0000005c   Code   RO         6251    i.f_mount           ff.o
    0x08008f40   0x08008f40   0x0000016a   Code   RO         6252    i.f_open            ff.o
    0x080090aa   0x080090aa   0x00000076   Code   RO         6253    i.f_opendir         ff.o
    0x08009120   0x08009120   0x000001d0   Code   RO         6257    i.f_read            ff.o
    0x080092f0   0x080092f0   0x00000064   Code   RO         6258    i.f_readdir         ff.o
    0x08009354   0x08009354   0x000000b0   Code   RO         6262    i.f_sync            ff.o
    0x08009404   0x08009404   0x000000b2   Code   RO         6264    i.f_unlink          ff.o
    0x080094b6   0x080094b6   0x0000020c   Code   RO         6266    i.f_write           ff.o
    0x080096c2   0x080096c2   0x00000002   PAD
    0x080096c4   0x080096c4   0x0000007c   Code   RO         6642    i.ff_convert        cc936.o
    0x08009740   0x08009740   0x00000038   Code   RO         6643    i.ff_wtoupper       cc936.o
    0x08009778   0x08009778   0x000003c8   Code   RO         6267    i.find_volume       ff.o
    0x08009b40   0x08009b40   0x00000080   Code   RO         6268    i.fit_lfn           ff.o
    0x08009bc0   0x08009bc0   0x00000090   Code   RO         6269    i.follow_path       ff.o
    0x08009c50   0x08009c50   0x00000024   Code   RO         5636    i.fputc             usart.o
    0x08009c74   0x08009c74   0x000000c8   Code   RO         6270    i.gen_numname       ff.o
    0x08009d3c   0x08009d3c   0x0000003c   Code   RO         5766    i.getFileName       system.o
    0x08009d78   0x08009d78   0x0000002c   Code   RO         5481    i.getWav            wav.o
    0x08009da4   0x08009da4   0x0000013e   Code   RO         6271    i.get_fat           ff.o
    0x08009ee2   0x08009ee2   0x00000002   PAD
    0x08009ee4   0x08009ee4   0x00000008   Code   RO         6580    i.get_fattime       diskio.o
    0x08009eec   0x08009eec   0x0000010c   Code   RO         6272    i.get_fileinfo      ff.o
    0x08009ff8   0x08009ff8   0x0000004a   Code   RO         6273    i.get_ldnumber      ff.o
    0x0800a042   0x0800a042   0x00000020   Code   RO         6274    i.ld_clust          ff.o
    0x0800a062   0x0800a062   0x00000002   PAD
    0x0800a064   0x0800a064   0x000002b8   Code   RO         5482    i.loadWav           wav.o
    0x0800a31c   0x0800a31c   0x00000060   Code   RO         5240    i.main              app.o
    0x0800a37c   0x0800a37c   0x00000026   Code   RO         6275    i.mem_cmp           ff.o
    0x0800a3a2   0x0800a3a2   0x0000001a   Code   RO         6276    i.mem_cpy           ff.o
    0x0800a3bc   0x0800a3bc   0x00000014   Code   RO         6277    i.mem_set           ff.o
    0x0800a3d0   0x0800a3d0   0x00000094   Code   RO         6889    i.mixer             player.o
    0x0800a464   0x0800a464   0x00000034   Code   RO         6278    i.move_window       ff.o
    0x0800a498   0x0800a498   0x00000170   Code   RO         5767    i.parsePath         system.o
    0x0800a608   0x0800a608   0x00000034   Code   RO         5768    i.pathMerge         system.o
    0x0800a63c   0x0800a63c   0x00000074   Code   RO         6279    i.pick_lfn          ff.o
    0x0800a6b0   0x0800a6b0   0x00000098   Code   RO         6890    i.play_wav          player.o
    0x0800a748   0x0800a748   0x00000048   Code   RO         6891    i.player_Init       player.o
    0x0800a790   0x0800a790   0x00000018   Code   RO         6892    i.player_queue_length  player.o
    0x0800a7a8   0x0800a7a8   0x0000001c   Code   RO         6893    i.player_queue_pop  player.o
    0x0800a7c4   0x0800a7c4   0x0000000e   Code   RO         6894    i.player_queue_push  player.o
    0x0800a7d2   0x0800a7d2   0x00000188   Code   RO         6280    i.put_fat           ff.o
    0x0800a95a   0x0800a95a   0x00000054   Code   RO         6895    i.readData          player.o
    0x0800a9ae   0x0800a9ae   0x0000006c   Code   RO         6282    i.remove_chain      ff.o
    0x0800aa1a   0x0800aa1a   0x00000010   Code   RO         6283    i.st_clust          ff.o
    0x0800aa2a   0x0800aa2a   0x00000020   Code   RO         6284    i.sum_sfn           ff.o
    0x0800aa4a   0x0800aa4a   0x000000c8   Code   RO         6285    i.sync_fs           ff.o
    0x0800ab12   0x0800ab12   0x00000052   Code   RO         6286    i.sync_window       ff.o
    0x0800ab64   0x0800ab64   0x0000003c   Code   RO         5483    i.unloadWav         wav.o
    0x0800aba0   0x0800aba0   0x00000024   Code   RO         6896    i.useVolume         player.o
    0x0800abc4   0x0800abc4   0x00000036   Code   RO         6287    i.validate          ff.o
    0x0800abfa   0x0800abfa   0x0000004c   Code   RO         6690    i.wm8978_CfgAudioIF  bsp_wm8978.o
    0x0800ac46   0x0800ac46   0x00000270   Code   RO         6691    i.wm8978_CfgAudioPath  bsp_wm8978.o
    0x0800aeb6   0x0800aeb6   0x00000014   Code   RO         6693    i.wm8978_Init       bsp_wm8978.o
    0x0800aeca   0x0800aeca   0x00000008   Code   RO         6696    i.wm8978_PowerDown  bsp_wm8978.o
    0x0800aed2   0x0800aed2   0x00000002   PAD
    0x0800aed4   0x0800aed4   0x0000003c   Code   RO         6700    i.wm8978_Reset      bsp_wm8978.o
    0x0800af10   0x0800af10   0x00000022   Code   RO         6703    i.wm8978_SetOUT1Volume  bsp_wm8978.o
    0x0800af32   0x0800af32   0x00000002   PAD
    0x0800af34   0x0800af34   0x00000020   Code   RO         6705    i.wm8978_WriteReg   bsp_wm8978.o
    0x0800af54   0x0800af54   0x0000003a   Data   RO         6289    .constdata          ff.o
    0x0800af8e   0x0800af8e   0x0002acc8   Data   RO         6644    .constdata          cc936.o
    0x08035c56   0x08035c56   0x00000002   PAD
    0x08035c58   0x08035c58   0x00000074   Data   RO         6706    .constdata          bsp_wm8978.o
    0x08035ccc   0x08035ccc   0x00000094   Data   RO         7651    .constdata          os_cfg_app.o
    0x08035d60   0x08035d60   0x0000016c   Data   RO         7889    .constdata          os_dbg.o
    0x08035ecc   0x08035ecc   0x00000081   Data   RO         9154    .constdata          mc_w.l(ctype_o.o)
    0x08035f4d   0x08035f4d   0x00000003   PAD
    0x08035f50   0x08035f50   0x00000004   Data   RO         9155    .constdata          mc_w.l(ctype_o.o)
    0x08035f54   0x08035f54   0x00000004   Data   RO         5588    .conststring        bsp_led.o
    0x08035f58   0x08035f58   0x0000003d   Data   RO         5770    .conststring        system.o
    0x08035f95   0x08035f95   0x00000003   PAD
    0x08035f98   0x08035f98   0x00000020   Data   RO         9187    Region$$Table       anon$$obj.o


    Execution Region RW_IRAM1 (Exec base: 0x20000000, Load base: 0x08035fb8, Size: 0x00026c20, Max: 0x00030000, ABSOLUTE, COMPRESSED[0x0000007c])

    Exec Addr    Load Addr    Size         Type   Attr      Idx    E Section Name        Object

    0x20000000   COMPRESSED   0x00000010   Data   RW         3013    .data               stm32f4xx_rcc.o
    0x20000010   COMPRESSED   0x00000006   Data   RW         5485    .data               wav.o
    0x20000016   COMPRESSED   0x00000002   PAD
    0x20000018   COMPRESSED   0x00000004   Data   RW         5589    .data               bsp_led.o
    0x2000001c   COMPRESSED   0x0000000c   Data   RW         5638    .data               usart.o
    0x20000028   COMPRESSED   0x00000008   Data   RW         5704    .data               shell.o
    0x20000030   COMPRESSED   0x00000030   Data   RW         5771    .data               system.o
    0x20000060   COMPRESSED   0x00000018   Data   RW         6007    .data               bsp_sdio_sd.o
    0x20000078   COMPRESSED   0x00000002   Data   RW         6290    .data               ff.o
    0x2000007a   COMPRESSED   0x00000002   PAD
    0x2000007c   COMPRESSED   0x00000080   Data   RW         6707    .data               bsp_wm8978.o
    0x200000fc   COMPRESSED   0x00000020   Data   RW         6898    .data               player.o
    0x2000011c   COMPRESSED   0x00000004   Data   RW         7007    .data               cpu_core.o
    0x20000120   COMPRESSED   0x00000004   Data   RW         7343    .data               lib_mem.o
    0x20000124   COMPRESSED   0x00000008   Data   RW         8159    .data               os_prio.o
    0x2000012c   COMPRESSED   0x000000c4   Data   RW         8723    .data               os_var.o
    0x200001f0   COMPRESSED   0x00000004   Data   RW         8750    .data               os_cpu_c.o
    0x200001f4   COMPRESSED   0x00000004   Data   RW         9120    .data               mc_w.l(stdout.o)
    0x200001f8   COMPRESSED   0x00000004   Data   RW         9132    .data               mc_w.l(errno.o)
    0x200001fc        -       0x00005500   Zero   RW         5241    .bss                app.o
    0x200056fc        -       0x00015000   Zero   RW         5484    .bss                wav.o
    0x2001a6fc        -       0x00001488   Zero   RW         5637    .bss                usart.o
    0x2001bb84        -       0x00006870   Zero   RW         5703    .bss                shell.o
    0x200223f4        -       0x00001454   Zero   RW         5769    .bss                system.o
    0x20023848        -       0x000000cc   Zero   RW         6006    .bss                bsp_sdio_sd.o
    0x20023914        -       0x0000000c   Zero   RW         6288    .bss                ff.o
    0x20023920        -       0x00000320   Zero   RW         6897    .bss                player.o
    0x20023c40        -       0x00000010   Zero   RW         7005    .bss                cpu_core.o
    0x20023c50        -       0x00000c14   Zero   RW         7342    .bss                lib_mem.o
    0x20024864        -       0x00000d80   Zero   RW         7650    .bss                os_cfg_app.o
    0x200255e4        -       0x0000063c   Zero   RW         8722    .bss                os_var.o
    0x20025c20        -       0x00001000   Zero   RW            1    STACK               startup_stm32f429_439xx.o


==============================================================================

Image component sizes


      Code (inc. data)   RO Data    RW Data    ZI Data      Debug   Object Name

       472        134          0          0      21760      32086   app.o
       142         38          0          0          0       2057   bsp.o
       488         84          4          4          0       2155   bsp_led.o
      5068        292          0         24        204      31991   bsp_sdio_sd.o
      1926        144        116        128          0      12375   bsp_wm8978.o
       180         18     175304          0          0       2607   cc936.o
        52          0          0          0          0        328   cpu_a.o
         0          0          0          0          0       7772   cpu_c.o
       104         18          0          4         16       4900   cpu_core.o
       552          8          0          0          0      12241   diskio.o
      8720         68         58          2         12      43231   ff.o
       284         26          0          4       3092      15173   lib_mem.o
       140         24          0          0          0       1743   misc.o
         0          0          0          0          0      38215   os_app_hooks.o
         2          0        148          0       3456      19207   os_cfg_app.o
      2494        342          0          0          0      18685   os_core.o
       268         14          0          0          0        416   os_cpu_a.o
      1168        168          0          4          0      26683   os_cpu_c.o
       424        278        364          0          0       4725   os_dbg.o
        24         10          0          0          0        866   os_flag.o
        24         10          0          0          0        873   os_mem.o
       206         20          0          0          0       2352   os_msg.o
      1220         56          0          0          0       7203   os_mutex.o
       136         16          0          8          0       2874   os_prio.o
        24         10          0          0          0        867   os_q.o
        24         10          0          0          0        865   os_sem.o
      1484        190          0          0          0       3943   os_stat.o
      3206        164          0          0          0      13869   os_task.o
      1140         88          0          0          0       6382   os_tick.o
       232         26          0          0          0       1657   os_time.o
       570        142          0          0          0       4047   os_tmr.o
         0          0          0        196       1596      17840   os_var.o
      1056         98          0         32        800      11012   player.o
      1244         28          0          0          0       3277   sdram.o
       684        170          0          8      26736       4533   shell.o
        76         16        428          0       4096        996   startup_stm32f429_439xx.o
       804         72          0          0          0       8940   stm32f4xx_dma.o
       452         20          0          0          0       3811   stm32f4xx_fmc.o
       218          0          0          0          0       2584   stm32f4xx_gpio.o
       448         14          0          0          0       6734   stm32f4xx_i2c.o
        22          0          0          0          0       3255   stm32f4xx_it.o
       512         70          0         16          0       8809   stm32f4xx_rcc.o
       370         80          0          0          0      11590   stm32f4xx_sdio.o
       626         36          0          0          0       3615   stm32f4xx_spi.o
       620         82          0          0          0       5479   stm32f4xx_tim.o
       438          8          0          0          0       5969   stm32f4xx_usart.o
      2970        842         61         48       5204      19528   system.o
       392         32          0          0          0     348561   system_stm32f4xx.o
       460         32          0         12       5256       4031   usart.o
       800        210          0          6      86016       7050   wav.o

    ----------------------------------------------------------------------
     43020       4208     176520        500     158244     800002   Object Totals
         0          0         32          0          0          0   (incl. Generated)
        54          0          5          4          0          0   (incl. Padding)

    ----------------------------------------------------------------------

      Code (inc. data)   RO Data    RW Data    ZI Data      Debug   Library Member Name

        86          0          0          0          0          0   __dczerorl2.o
        28          0          0          0          0         68   _chval.o
       158          0          0          0          0         92   _strtoul.o
        26          0          0          0          0         80   atoi.o
         8          4        133          0          0         68   ctype_o.o
         0          0          0          0          0          0   entry.o
         0          0          0          0          0          0   entry10a.o
         0          0          0          0          0          0   entry11a.o
         8          4          0          0          0          0   entry2.o
         4          0          0          0          0          0   entry5.o
         0          0          0          0          0          0   entry7b.o
         0          0          0          0          0          0   entry8b.o
         8          4          0          0          0          0   entry9a.o
         8          4          0          4          0         68   errno.o
        30          0          0          0          0          0   handlers.o
        36          8          0          0          0         68   init.o
        30          0          0          0          0         68   llshl.o
        32          0          0          0          0         68   llushr.o
        36          0          0          0          0         68   memcpya.o
        36          0          0          0          0        108   memseta.o
       522         20          0          0          0        336   printf3.o
         0          0          0          4          0          0   stdout.o
        28          0          0          0          0         76   strcmp.o
        18          0          0          0          0         68   strcpy.o
        14          0          0          0          0         68   strlen.o
        50          0          0          0          0         84   strncasecmp.o
       112          0          0          0          0         88   strtol.o
        12          0          0          0          0         68   tolower.o
        44          0          0          0          0         80   uidiv.o
        98          0          0          0          0         92   uldiv.o

    ----------------------------------------------------------------------
      1436         44        136          8          0       1716   Library Totals
         4          0          3          0          0          0   (incl. Padding)

    ----------------------------------------------------------------------

      Code (inc. data)   RO Data    RW Data    ZI Data      Debug   Library Name

      1432         44        133          8          0       1716   mc_w.l

    ----------------------------------------------------------------------
      1436         44        136          8          0       1716   Library Totals

    ----------------------------------------------------------------------

==============================================================================


      Code (inc. data)   RO Data    RW Data    ZI Data      Debug   

     44456       4252     176656        508     158244     767270   Grand Totals
     44456       4252     176656        124     158244     767270   ELF Image Totals (compressed)
     44456       4252     176656        124          0          0   ROM Totals

==============================================================================

    Total RO  Size (Code + RO Data)               221112 ( 215.93kB)
    Total RW  Size (RW Data + ZI Data)            158752 ( 155.03kB)
    Total ROM Size (Code + RO Data + RW Data)     221236 ( 216.05kB)

==============================================================================

