Component: ARM Compiler 5.06 update 6 (build 750) Tool: armlink [4d35ed]

==============================================================================

Section Cross References

    startup_stm32f429_439xx.o(RESET) refers to startup_stm32f429_439xx.o(STACK) for __initial_sp
    startup_stm32f429_439xx.o(RESET) refers to startup_stm32f429_439xx.o(.text) for Reset_Handler
    startup_stm32f429_439xx.o(RESET) refers to stm32f4xx_it.o(i.NMI_Handler) for NMI_Handler
    startup_stm32f429_439xx.o(RESET) refers to stm32f4xx_it.o(i.HardFault_Handler) for HardFault_Handler
    startup_stm32f429_439xx.o(RESET) refers to stm32f4xx_it.o(i.MemManage_Handler) for MemManage_Handler
    startup_stm32f429_439xx.o(RESET) refers to stm32f4xx_it.o(i.BusFault_Handler) for BusFault_Handler
    startup_stm32f429_439xx.o(RESET) refers to stm32f4xx_it.o(i.UsageFault_Handler) for UsageFault_Handler
    startup_stm32f429_439xx.o(RESET) refers to stm32f4xx_it.o(i.SVC_Handler) for SVC_Handler
    startup_stm32f429_439xx.o(RESET) refers to stm32f4xx_it.o(i.DebugMon_Handler) for DebugMon_Handler
    startup_stm32f429_439xx.o(RESET) refers to os_cpu_a.o(CODE) for OS_CPU_PendSVHandler
    startup_stm32f429_439xx.o(RESET) refers to os_cpu_c.o(i.OS_CPU_SysTickHandler) for OS_CPU_SysTickHandler
    startup_stm32f429_439xx.o(RESET) refers to bsp_wm8978.o(i.DMA1_Stream3_IRQHandler) for DMA1_Stream3_IRQHandler
    startup_stm32f429_439xx.o(RESET) refers to bsp_wm8978.o(i.DMA1_Stream4_IRQHandler) for DMA1_Stream4_IRQHandler
    startup_stm32f429_439xx.o(RESET) refers to player.o(i.TIM2_IRQHandler) for TIM2_IRQHandler
    startup_stm32f429_439xx.o(RESET) refers to usart.o(i.USART2_IRQHandler) for USART2_IRQHandler
    startup_stm32f429_439xx.o(RESET) refers to bsp_sdio_sd.o(i.SDIO_IRQHandler) for SDIO_IRQHandler
    startup_stm32f429_439xx.o(RESET) refers to bsp_sdio_sd.o(i.DMA2_Stream3_IRQHandler) for DMA2_Stream3_IRQHandler
    startup_stm32f429_439xx.o(.text) refers to system_stm32f4xx.o(i.SystemInit) for SystemInit
    startup_stm32f429_439xx.o(.text) refers to entry.o(.ARM.Collect$$$$00000000) for __main
    system_stm32f4xx.o(i.SystemCoreClockUpdate) refers to system_stm32f4xx.o(.data) for SystemCoreClock
    system_stm32f4xx.o(i.SystemInit) refers to system_stm32f4xx.o(i.SetSysClock) for SetSysClock
    stm32f4xx_adc.o(i.ADC_DeInit) refers to stm32f4xx_rcc.o(i.RCC_APB2PeriphResetCmd) for RCC_APB2PeriphResetCmd
    stm32f4xx_can.o(i.CAN_DeInit) refers to stm32f4xx_rcc.o(i.RCC_APB1PeriphResetCmd) for RCC_APB1PeriphResetCmd
    stm32f4xx_can.o(i.CAN_GetITStatus) refers to stm32f4xx_can.o(i.CheckITStatus) for CheckITStatus
    stm32f4xx_cryp.o(i.CRYP_DeInit) refers to stm32f4xx_rcc.o(i.RCC_AHB2PeriphResetCmd) for RCC_AHB2PeriphResetCmd
    stm32f4xx_cryp_aes.o(i.CRYP_AES_CBC) refers to stm32f4xx_cryp.o(i.CRYP_KeyStructInit) for CRYP_KeyStructInit
    stm32f4xx_cryp_aes.o(i.CRYP_AES_CBC) refers to stm32f4xx_cryp.o(i.CRYP_FIFOFlush) for CRYP_FIFOFlush
    stm32f4xx_cryp_aes.o(i.CRYP_AES_CBC) refers to stm32f4xx_cryp.o(i.CRYP_Init) for CRYP_Init
    stm32f4xx_cryp_aes.o(i.CRYP_AES_CBC) refers to stm32f4xx_cryp.o(i.CRYP_KeyInit) for CRYP_KeyInit
    stm32f4xx_cryp_aes.o(i.CRYP_AES_CBC) refers to stm32f4xx_cryp.o(i.CRYP_Cmd) for CRYP_Cmd
    stm32f4xx_cryp_aes.o(i.CRYP_AES_CBC) refers to stm32f4xx_cryp.o(i.CRYP_GetFlagStatus) for CRYP_GetFlagStatus
    stm32f4xx_cryp_aes.o(i.CRYP_AES_CBC) refers to stm32f4xx_cryp.o(i.CRYP_IVInit) for CRYP_IVInit
    stm32f4xx_cryp_aes.o(i.CRYP_AES_CBC) refers to stm32f4xx_cryp.o(i.CRYP_GetCmdStatus) for CRYP_GetCmdStatus
    stm32f4xx_cryp_aes.o(i.CRYP_AES_CBC) refers to stm32f4xx_cryp.o(i.CRYP_DataIn) for CRYP_DataIn
    stm32f4xx_cryp_aes.o(i.CRYP_AES_CBC) refers to stm32f4xx_cryp.o(i.CRYP_DataOut) for CRYP_DataOut
    stm32f4xx_cryp_aes.o(i.CRYP_AES_CCM) refers to stm32f4xx_cryp.o(i.CRYP_KeyStructInit) for CRYP_KeyStructInit
    stm32f4xx_cryp_aes.o(i.CRYP_AES_CCM) refers to stm32f4xx_cryp.o(i.CRYP_FIFOFlush) for CRYP_FIFOFlush
    stm32f4xx_cryp_aes.o(i.CRYP_AES_CCM) refers to stm32f4xx_cryp.o(i.CRYP_KeyInit) for CRYP_KeyInit
    stm32f4xx_cryp_aes.o(i.CRYP_AES_CCM) refers to stm32f4xx_cryp.o(i.CRYP_IVInit) for CRYP_IVInit
    stm32f4xx_cryp_aes.o(i.CRYP_AES_CCM) refers to stm32f4xx_cryp.o(i.CRYP_Init) for CRYP_Init
    stm32f4xx_cryp_aes.o(i.CRYP_AES_CCM) refers to stm32f4xx_cryp.o(i.CRYP_PhaseConfig) for CRYP_PhaseConfig
    stm32f4xx_cryp_aes.o(i.CRYP_AES_CCM) refers to stm32f4xx_cryp.o(i.CRYP_DataIn) for CRYP_DataIn
    stm32f4xx_cryp_aes.o(i.CRYP_AES_CCM) refers to stm32f4xx_cryp.o(i.CRYP_Cmd) for CRYP_Cmd
    stm32f4xx_cryp_aes.o(i.CRYP_AES_CCM) refers to stm32f4xx_cryp.o(i.CRYP_GetCmdStatus) for CRYP_GetCmdStatus
    stm32f4xx_cryp_aes.o(i.CRYP_AES_CCM) refers to stm32f4xx_cryp.o(i.CRYP_GetFlagStatus) for CRYP_GetFlagStatus
    stm32f4xx_cryp_aes.o(i.CRYP_AES_CCM) refers to stm32f4xx_cryp.o(i.CRYP_DataOut) for CRYP_DataOut
[...]
    SDIO_GetResponse                         0x0800568d   Thumb Code    20  stm32f4xx_sdio.o(i.SDIO_GetResponse)
    SDIO_IRQHandler                          0x080056a5   Thumb Code     8  bsp_sdio_sd.o(i.SDIO_IRQHandler)
    SDIO_ITConfig                            0x080056ad   Thumb Code    26  stm32f4xx_sdio.o(i.SDIO_ITConfig)
    SDIO_Init                                0x080056cd   Thumb Code    42  stm32f4xx_sdio.o(i.SDIO_Init)
    SDIO_ReadData                            0x080056fd   Thumb Code     6  stm32f4xx_sdio.o(i.SDIO_ReadData)
    SDIO_SendCommand                         0x08005709   Thumb Code    40  stm32f4xx_sdio.o(i.SDIO_SendCommand)
    SDIO_SetPowerState                       0x08005735   Thumb Code     6  stm32f4xx_sdio.o(i.SDIO_SetPowerState)
    SDRAM_Init                               0x08005afd   Thumb Code    98  sdram.o(i.SDRAM_Init)
    SD_Detect                                0x08005c35   Thumb Code    12  bsp_sdio_sd.o(i.SD_Detect)
    SD_EnableWideBusOperation                0x08005c41   Thumb Code   136  bsp_sdio_sd.o(i.SD_EnableWideBusOperation)
    SD_GetCardInfo                           0x08005cd1   Thumb Code   780  bsp_sdio_sd.o(i.SD_GetCardInfo)
    SD_GetState                              0x08005fed   Thumb Code    38  bsp_sdio_sd.o(i.SD_GetState)
    SD_GetStatus                             0x08006013   Thumb Code    30  bsp_sdio_sd.o(i.SD_GetStatus)
    SD_Init                                  0x08006031   Thumb Code   182  bsp_sdio_sd.o(i.SD_Init)
    SD_InitializeCards                       0x080060f1   Thumb Code   294  bsp_sdio_sd.o(i.SD_InitializeCards)
    SD_LowLevel_DMA_RxConfig                 0x0800622d   Thumb Code   136  bsp_sdio_sd.o(i.SD_LowLevel_DMA_RxConfig)
    SD_LowLevel_DMA_TxConfig                 0x080062bd   Thumb Code   136  bsp_sdio_sd.o(i.SD_LowLevel_DMA_TxConfig)
    SD_LowLevel_Init                         0x0800634d   Thumb Code   156  bsp_sdio_sd.o(i.SD_LowLevel_Init)
    SD_PowerON                               0x080063f1   Thumb Code   400  bsp_sdio_sd.o(i.SD_PowerON)
    SD_ProcessDMAIRQ                         0x08006591   Thumb Code    32  bsp_sdio_sd.o(i.SD_ProcessDMAIRQ)
    SD_ProcessIRQSrc                         0x080065b9   Thumb Code   162  bsp_sdio_sd.o(i.SD_ProcessIRQSrc)
    SD_ReadMultiBlocks                       0x08006665   Thumb Code   220  bsp_sdio_sd.o(i.SD_ReadMultiBlocks)
    SD_SelectDeselect                        0x0800675d   Thumb Code    50  bsp_sdio_sd.o(i.SD_SelectDeselect)
    SD_SendStatus                            0x08006795   Thumb Code    74  bsp_sdio_sd.o(i.SD_SendStatus)
    SD_StopTransfer                          0x080067e9   Thumb Code    46  bsp_sdio_sd.o(i.SD_StopTransfer)
    SD_WaitReadOperation                     0x0800681d   Thumb Code   108  bsp_sdio_sd.o(i.SD_WaitReadOperation)
    SD_WaitWriteOperation                    0x0800689d   Thumb Code   108  bsp_sdio_sd.o(i.SD_WaitWriteOperation)
    SD_WriteMultiBlocks                      0x0800691d   Thumb Code   312  bsp_sdio_sd.o(i.SD_WriteMultiBlocks)
    SPI_I2S_DMACmd                           0x08006a75   Thumb Code    18  stm32f4xx_spi.o(i.SPI_I2S_DMACmd)
    SPI_I2S_DeInit                           0x08006a89   Thumb Code   152  stm32f4xx_spi.o(i.SPI_I2S_DeInit)
    SVC_Handler                              0x08006b39   Thumb Code     2  stm32f4xx_it.o(i.SVC_Handler)
    ShellCmdCallFuncCat                      0x08006c5d   Thumb Code   126  system.o(i.ShellCmdCallFuncCat)
    ShellCmdCallFuncCd                       0x08006d01   Thumb Code    58  system.o(i.ShellCmdCallFuncCd)
    ShellCmdCallFuncCp                       0x08006d61   Thumb Code   476  system.o(i.ShellCmdCallFuncCp)
    ShellCmdCallFuncLed                      0x08006fdd   Thumb Code    48  led.o(i.ShellCmdCallFuncLed)
    ShellCmdCallFuncLoadWav                  0x0800701d   Thumb Code    54  system.o(i.ShellCmdCallFuncLoadWav)
    ShellCmdCallFuncLs                       0x08007069   Thumb Code   138  system.o(i.ShellCmdCallFuncLs)
    ShellCmdCallFuncMkdir                    0x08007149   Thumb Code    58  system.o(i.ShellCmdCallFuncMkdir)
    ShellCmdCallFuncPadMode                  0x08007185   Thumb Code   184  system.o(i.ShellCmdCallFuncPadMode)
    ShellCmdCallFuncPlayWav                  0x080072f1   Thumb Code    46  system.o(i.ShellCmdCallFuncPlayWav)
    ShellCmdCallFuncPwd                      0x08007325   Thumb Code    16  system.o(i.ShellCmdCallFuncPwd)
    ShellCmdCallFuncRm                       0x08007341   Thumb Code    52  system.o(i.ShellCmdCallFuncRm)
    ShellCmdCallFuncVersion                  0x08007375   Thumb Code    52  system.o(i.ShellCmdCallFuncVersion)
    ShellCmdParse                            0x08007409   Thumb Code   286  shell.o(i.ShellCmdParse)
    ShellCmdPut                              0x0800756d   Thumb Code    90  shell.o(i.ShellCmdPut)
    ShellCmdRegex                            0x080075d9   Thumb Code    58  shell.o(i.ShellCmdRegex)
    ShellConfig                              0x08007639   Thumb Code    38  shell.o(i.ShellConfig)
    ShellLoop                                0x08007681   Thumb Code    42  shell.o(i.ShellLoop)
    SystemConfig                             0x080076b5   Thumb Code   176  system.o(i.SystemConfig)
    SystemInit                               0x080077fd   Thumb Code    88  system_stm32f4xx.o(i.SystemInit)
    TIM2_IRQHandler                          0x08007865   Thumb Code   212  player.o(i.TIM2_IRQHandler)
    TIM2_Int_Init                            0x08007959   Thumb Code   106  player.o(i.TIM2_Int_Init)
    TIM_ClearFlag                            0x080079c3   Thumb Code     6  stm32f4xx_tim.o(i.TIM_ClearFlag)
    TIM_ClearITPendingBit                    0x080079c9   Thumb Code     6  stm32f4xx_tim.o(i.TIM_ClearITPendingBit)
    TIM_Cmd                                  0x080079cf   Thumb Code    24  stm32f4xx_tim.o(i.TIM_Cmd)
    TIM_DeInit                               0x080079e9   Thumb Code   346  stm32f4xx_tim.o(i.TIM_DeInit)
    TIM_GetITStatus                          0x08007b79   Thumb Code    34  stm32f4xx_tim.o(i.TIM_GetITStatus)
    TIM_ITConfig                             0x08007b9b   Thumb Code    18  stm32f4xx_tim.o(i.TIM_ITConfig)
    TIM_TimeBaseInit                         0x08007bad   Thumb Code   104  stm32f4xx_tim.o(i.TIM_TimeBaseInit)
    USART2_IRQHandler                        0x08007c31   Thumb Code   170  usart.o(i.USART2_IRQHandler)
    USART_Cmd                                0x08007ced   Thumb Code    24  stm32f4xx_usart.o(i.USART_Cmd)
    USART_GetFlagStatus                      0x08007d05   Thumb Code    26  stm32f4xx_usart.o(i.USART_GetFlagStatus)
    USART_GetITStatus                        0x08007d1f   Thumb Code    84  stm32f4xx_usart.o(i.USART_GetITStatus)
    USART_ITConfig                           0x08007d73   Thumb Code    74  stm32f4xx_usart.o(i.USART_ITConfig)
    USART_Init                               0x08007dbd   Thumb Code   204  stm32f4xx_usart.o(i.USART_Init)
    USART_ReceiveData                        0x08007e91   Thumb Code    10  stm32f4xx_usart.o(i.USART_ReceiveData)
    USART_SendData                           0x08007e9b   Thumb Code     8  stm32f4xx_usart.o(i.USART_SendData)
    UsageFault_Handler                       0x08007ea3   Thumb Code     4  stm32f4xx_it.o(i.UsageFault_Handler)
    Usart_SendByte                           0x08007ea7   Thumb Code    30  usart.o(i.Usart_SendByte)
    __0printf$3                              0x08007fd9   Thumb Code    22  printf3.o(i.__0printf$3)
    __1printf$3                              0x08007fd9   Thumb Code     0  printf3.o(i.__0printf$3)
    __2printf                                0x08007fd9   Thumb Code     0  printf3.o(i.__0printf$3)
    __0sprintf$3                             0x08007ff9   Thumb Code    34  printf3.o(i.__0sprintf$3)
    __1sprintf$3                             0x08007ff9   Thumb Code     0  printf3.o(i.__0sprintf$3)
    __2sprintf                               0x08007ff9   Thumb Code     0  printf3.o(i.__0sprintf$3)
    __aeabi_errno_addr                       0x08008021   Thumb Code     4  errno.o(i.__aeabi_errno_addr)
    __rt_errno_addr                          0x08008021   Thumb Code     0  errno.o(i.__aeabi_errno_addr)
    __scatterload_copy                       0x08008029   Thumb Code    14  handlers.o(i.__scatterload_copy)
    __scatterload_null                       0x08008037   Thumb Code     2  handlers.o(i.__scatterload_null)
    __scatterload_zeroinit                   0x08008039   Thumb Code    14  handlers.o(i.__scatterload_zeroinit)
    clust2sect                               0x080082b1   Thumb Code    26  ff.o(i.clust2sect)
    disk_initialize                          0x08008c49   Thumb Code    42  diskio.o(i.disk_initialize)
    disk_ioctl                               0x08008c75   Thumb Code   104  diskio.o(i.disk_ioctl)
    disk_read                                0x08008ce1   Thumb Code   180  diskio.o(i.disk_read)
    disk_status                              0x08008d95   Thumb Code    28  diskio.o(i.disk_status)
    disk_write                               0x08008db1   Thumb Code   186  diskio.o(i.disk_write)
    f_close                                  0x08008e6b   Thumb Code    32  ff.o(i.f_close)
    f_closedir                               0x08008e8b   Thumb Code    22  ff.o(i.f_closedir)
    f_delpath                                0x08008ea1   Thumb Code   154  system.o(i.f_delpath)
    f_lseek                                  0x08008f45   Thumb Code   410  ff.o(i.f_lseek)
    f_mkdir                                  0x080090df   Thumb Code   358  ff.o(i.f_mkdir)
    f_mount                                  0x08009245   Thumb Code    86  ff.o(i.f_mount)
    f_open                                   0x080092a1   Thumb Code   362  ff.o(i.f_open)
    f_opendir                                0x0800940b   Thumb Code   118  ff.o(i.f_opendir)
    f_read                                   0x08009481   Thumb Code   464  ff.o(i.f_read)
    f_readdir                                0x08009651   Thumb Code   100  ff.o(i.f_readdir)
    f_sync                                   0x080096b5   Thumb Code   176  ff.o(i.f_sync)
    f_unlink                                 0x08009765   Thumb Code   178  ff.o(i.f_unlink)
    f_write                                  0x08009817   Thumb Code   524  ff.o(i.f_write)
    ff_convert                               0x08009a25   Thumb Code   116  cc936.o(i.ff_convert)
    ff_wtoupper                              0x08009aa1   Thumb Code    46  cc936.o(i.ff_wtoupper)
    fputc                                    0x08009fb1   Thumb Code    32  usart.o(i.fputc)
    getFileName                              0x0800a09d   Thumb Code    60  system.o(i.getFileName)
    getTone                                  0x0800a0d9   Thumb Code   264  djembe_mode.o(i.getTone)
    getWav                                   0x0800a1f9   Thumb Code    34  wav.o(i.getWav)
    get_fat                                  0x0800a225   Thumb Code   318  ff.o(i.get_fat)
    get_fattime                              0x0800a365   Thumb Code     4  diskio.o(i.get_fattime)
    loadWav                                  0x0800a4e5   Thumb Code   510  wav.o(i.loadWav)
    main                                     0x0800a79d   Thumb Code    68  app.o(i.main)
    mixer                                    0x0800a851   Thumb Code    94  player.o(i.mixer)
    mode_djembe_init                         0x0800a8b1   Thumb Code    56  djembe_mode.o(i.mode_djembe_init)
    mode_djembe_tick                         0x0800a925   Thumb Code   454  djembe_mode.o(i.mode_djembe_tick)
    parsePath                                0x0800ab41   Thumb Code   340  system.o(i.parsePath)
    pathMerge                                0x0800acb1   Thumb Code    48  system.o(i.pathMerge)
    play_wav                                 0x0800ad59   Thumb Code   136  player.o(i.play_wav)
    player_Init                              0x0800adf1   Thumb Code    54  player.o(i.player_Init)
    player_queue_length                      0x0800ae39   Thumb Code    24  player.o(i.player_queue_length)
    player_queue_pop                         0x0800ae51   Thumb Code    28  player.o(i.player_queue_pop)
    player_queue_push                        0x0800ae6d   Thumb Code    14  player.o(i.player_queue_push)
    put_fat                                  0x0800ae7b   Thumb Code   392  ff.o(i.put_fat)
    readData                                 0x0800b003   Thumb Code    84  player.o(i.readData)
    read_all_input_state                     0x0800b059   Thumb Code    42  gating_membrane.o(i.read_all_input_state)
    unloadWav                                0x0800b249   Thumb Code    46  wav.o(i.unloadWav)
    useVolume                                0x0800b285   Thumb Code    36  player.o(i.useVolume)
    wm8978_CfgAudioIF                        0x0800b2df   Thumb Code    76  bsp_wm8978.o(i.wm8978_CfgAudioIF)
    wm8978_CfgAudioPath                      0x0800b32b   Thumb Code   624  bsp_wm8978.o(i.wm8978_CfgAudioPath)
    wm8978_Init                              0x0800b59b   Thumb Code    20  bsp_wm8978.o(i.wm8978_Init)
    wm8978_PowerDown                         0x0800b5af   Thumb Code     8  bsp_wm8978.o(i.wm8978_PowerDown)
    wm8978_Reset                             0x0800b5b9   Thumb Code    52  bsp_wm8978.o(i.wm8978_Reset)
    wm8978_SetOUT1Volume                     0x0800b5f5   Thumb Code    34  bsp_wm8978.o(i.wm8978_SetOUT1Volume)
    OSCfg_IdleTaskStkBasePtr                 0x080363b0   Data           4  os_cfg_app.o(.constdata)
    OSCfg_IdleTaskStkLimit                   0x080363b4   Data           4  os_cfg_app.o(.constdata)
    OSCfg_IdleTaskStkSize                    0x080363b8   Data           4  os_cfg_app.o(.constdata)
    OSCfg_IdleTaskStkSizeRAM                 0x080363bc   Data           4  os_cfg_app.o(.constdata)
    OSCfg_IntQBasePtr                        0x080363c0   Data           4  os_cfg_app.o(.constdata)
    OSCfg_IntQSize                           0x080363c4   Data           2  os_cfg_app.o(.constdata)
    OSCfg_IntQSizeRAM                        0x080363c8   Data           4  os_cfg_app.o(.constdata)
    OSCfg_IntQTaskStkBasePtr                 0x080363cc   Data           4  os_cfg_app.o(.constdata)
    OSCfg_IntQTaskStkLimit                   0x080363d0   Data           4  os_cfg_app.o(.constdata)
    OSCfg_IntQTaskStkSize                    0x080363d4   Data           4  os_cfg_app.o(.constdata)
    OSCfg_IntQTaskStkSizeRAM                 0x080363d8   Data           4  os_cfg_app.o(.constdata)
    OSCfg_ISRStkBasePtr                      0x080363dc   Data           4  os_cfg_app.o(.constdata)
    OSCfg_ISRStkSize                         0x080363e0   Data           4  os_cfg_app.o(.constdata)
    OSCfg_ISRStkSizeRAM                      0x080363e4   Data           4  os_cfg_app.o(.constdata)
    OSCfg_MsgPoolSize                        0x080363e8   Data           2  os_cfg_app.o(.constdata)
    OSCfg_MsgPoolSizeRAM                     0x080363ec   Data           4  os_cfg_app.o(.constdata)
    OSCfg_MsgPoolBasePtr                     0x080363f0   Data           4  os_cfg_app.o(.constdata)
    OSCfg_StatTaskPrio                       0x080363f4   Data           1  os_cfg_app.o(.constdata)
    OSCfg_StatTaskRate_Hz                    0x080363f8   Data           4  os_cfg_app.o(.constdata)
    OSCfg_StatTaskStkBasePtr                 0x080363fc   Data           4  os_cfg_app.o(.constdata)
    OSCfg_StatTaskStkLimit                   0x08036400   Data           4  os_cfg_app.o(.constdata)
    OSCfg_StatTaskStkSize                    0x08036404   Data           4  os_cfg_app.o(.constdata)
    OSCfg_StatTaskStkSizeRAM                 0x08036408   Data           4  os_cfg_app.o(.constdata)
    OSCfg_StkSizeMin                         0x0803640c   Data           4  os_cfg_app.o(.constdata)
    OSCfg_TickRate_Hz                        0x08036410   Data           4  os_cfg_app.o(.constdata)
    OSCfg_TickTaskPrio                       0x08036414   Data           1  os_cfg_app.o(.constdata)
    OSCfg_TickTaskStkBasePtr                 0x08036418   Data           4  os_cfg_app.o(.constdata)
    OSCfg_TickTaskStkLimit                   0x0803641c   Data           4  os_cfg_app.o(.constdata)
    OSCfg_TickTaskStkSize                    0x08036420   Data           4  os_cfg_app.o(.constdata)
    OSCfg_TickTaskStkSizeRAM                 0x08036424   Data           4  os_cfg_app.o(.constdata)
    OSCfg_TmrTaskPrio                        0x08036428   Data           1  os_cfg_app.o(.constdata)
    OSCfg_TmrTaskRate_Hz                     0x0803642c   Data           4  os_cfg_app.o(.constdata)
    OSCfg_TmrTaskStkBasePtr                  0x08036430   Data           4  os_cfg_app.o(.constdata)
    OSCfg_TmrTaskStkLimit                    0x08036434   Data           4  os_cfg_app.o(.constdata)
    OSCfg_TmrTaskStkSize                     0x08036438   Data           4  os_cfg_app.o(.constdata)
    OSCfg_TmrTaskStkSizeRAM                  0x0803643c   Data           4  os_cfg_app.o(.constdata)
    OSCfg_DataSizeRAM                        0x08036440   Data           4  os_cfg_app.o(.constdata)
    OSDbg_DbgEn                              0x08036444   Data           1  os_dbg.o(.constdata)
    OSDbg_ArgChkEn                           0x08036445   Data           1  os_dbg.o(.constdata)
    OSDbg_AppHooksEn                         0x08036446   Data           1  os_dbg.o(.constdata)
    OSDbg_EndiannessTest                     0x08036448   Data           4  os_dbg.o(.constdata)
    OSDbg_CalledFromISRChkEn                 0x0803644c   Data           1  os_dbg.o(.constdata)
    OSDbg_FlagEn                             0x0803644d   Data           1  os_dbg.o(.constdata)
    OSDbg_FlagGrp                            0x08036450   Data          40  os_dbg.o(.constdata)
    OSDbg_FlagDelEn                          0x08036478   Data           1  os_dbg.o(.constdata)
    OSDbg_FlagModeClrEn                      0x08036479   Data           1  os_dbg.o(.constdata)
    OSDbg_FlagPendAbortEn                    0x0803647a   Data           1  os_dbg.o(.constdata)
    OSDbg_FlagGrpSize                        0x0803647c   Data           2  os_dbg.o(.constdata)
    OSDbg_FlagWidth                          0x0803647e   Data           2  os_dbg.o(.constdata)
    OSDbg_IntQ                               0x08036480   Data           2  os_dbg.o(.constdata)
    OSDbg_ISRPostDeferredEn                  0x08036482   Data           1  os_dbg.o(.constdata)
    OSDbg_Mem                                0x08036484   Data          32  os_dbg.o(.constdata)
    OSDbg_MemEn                              0x080364a4   Data           1  os_dbg.o(.constdata)
    OSDbg_MemSize                            0x080364a6   Data           2  os_dbg.o(.constdata)
    OSDbg_MsgEn                              0x080364a8   Data           1  os_dbg.o(.constdata)
    OSDbg_MsgSize                            0x080364aa   Data           2  os_dbg.o(.constdata)
    OSDbg_MsgPoolSize                        0x080364ac   Data           2  os_dbg.o(.constdata)
    OSDbg_MsgQSize                           0x080364ae   Data           2  os_dbg.o(.constdata)
    OSDbg_Mutex                              0x080364b0   Data          48  os_dbg.o(.constdata)
    OSDbg_MutexEn                            0x080364e0   Data           1  os_dbg.o(.constdata)
    OSDbg_MutexDelEn                         0x080364e1   Data           1  os_dbg.o(.constdata)
    OSDbg_MutexPendAbortEn                   0x080364e2   Data           1  os_dbg.o(.constdata)
    OSDbg_MutexSize                          0x080364e4   Data           2  os_dbg.o(.constdata)
    OSDbg_ObjTypeChkEn                       0x080364e6   Data           1  os_dbg.o(.constdata)
    OSDbg_PendMultiEn                        0x080364e7   Data           1  os_dbg.o(.constdata)
    OSDbg_PendDataSize                       0x080364e8   Data           2  os_dbg.o(.constdata)
    OSDbg_PendListSize                       0x080364ea   Data           2  os_dbg.o(.constdata)
    OSDbg_PendObjSize                        0x080364ec   Data           2  os_dbg.o(.constdata)
    OSDbg_PrioMax                            0x080364ee   Data           2  os_dbg.o(.constdata)
    OSDbg_PrioTblSize                        0x080364f0   Data           2  os_dbg.o(.constdata)
    OSDbg_PtrSize                            0x080364f2   Data           2  os_dbg.o(.constdata)
    OSDbg_Q                                  0x080364f4   Data          48  os_dbg.o(.constdata)
    OSDbg_QEn                                0x08036524   Data           1  os_dbg.o(.constdata)
    OSDbg_QDelEn                             0x08036525   Data           1  os_dbg.o(.constdata)
    OSDbg_QFlushEn                           0x08036526   Data           1  os_dbg.o(.constdata)
    OSDbg_QPendAbortEn                       0x08036527   Data           1  os_dbg.o(.constdata)
    OSDbg_QSize                              0x08036528   Data           2  os_dbg.o(.constdata)
    OSDbg_SchedRoundRobinEn                  0x0803652a   Data           1  os_dbg.o(.constdata)
    OSDbg_Sem                                0x0803652c   Data          40  os_dbg.o(.constdata)
    OSDbg_SemEn                              0x08036554   Data           1  os_dbg.o(.constdata)
    OSDbg_SemDelEn                           0x08036555   Data           1  os_dbg.o(.constdata)
    OSDbg_SemPendAbortEn                     0x08036556   Data           1  os_dbg.o(.constdata)
    OSDbg_SemSetEn                           0x08036557   Data           1  os_dbg.o(.constdata)
    OSDbg_SemSize                            0x08036558   Data           2  os_dbg.o(.constdata)
    OSDbg_RdyList                            0x0803655a   Data           2  os_dbg.o(.constdata)
    OSDbg_RdyListSize                        0x0803655c   Data           4  os_dbg.o(.constdata)
    OSDbg_StkWidth                           0x08036560   Data           1  os_dbg.o(.constdata)
    OSDbg_StatTaskEn                         0x08036561   Data           1  os_dbg.o(.constdata)
    OSDbg_StatTaskStkChkEn                   0x08036562   Data           1  os_dbg.o(.constdata)
    OSDbg_TaskChangePrioEn                   0x08036563   Data           1  os_dbg.o(.constdata)
    OSDbg_TaskDelEn                          0x08036564   Data           1  os_dbg.o(.constdata)
    OSDbg_TaskQEn                            0x08036565   Data           1  os_dbg.o(.constdata)
    OSDbg_TaskQPendAbortEn                   0x08036566   Data           1  os_dbg.o(.constdata)
    OSDbg_TaskProfileEn                      0x08036567   Data           1  os_dbg.o(.constdata)
    OSDbg_TaskRegTblSize                     0x08036568   Data           2  os_dbg.o(.constdata)
    OSDbg_TaskSemPendAbortEn                 0x0803656a   Data           1  os_dbg.o(.constdata)
    OSDbg_TaskSuspendEn                      0x0803656b   Data           1  os_dbg.o(.constdata)
    OSDbg_TCBSize                            0x0803656c   Data           2  os_dbg.o(.constdata)
    OSDbg_TickListSize                       0x0803656e   Data           2  os_dbg.o(.constdata)
    OSDbg_TimeDlyHMSMEn                      0x08036570   Data           1  os_dbg.o(.constdata)
    OSDbg_TimeDlyResumeEn                    0x08036571   Data           1  os_dbg.o(.constdata)
    OSDbg_TLS_TblSize                        0x08036572   Data           2  os_dbg.o(.constdata)
    OSDbg_Tmr                                0x08036574   Data          48  os_dbg.o(.constdata)
    OSDbg_TmrEn                              0x080365a4   Data           1  os_dbg.o(.constdata)
    OSDbg_TmrDelEn                           0x080365a5   Data           1  os_dbg.o(.constdata)
    OSDbg_TmrSize                            0x080365a6   Data           2  os_dbg.o(.constdata)
    OSDbg_VersionNbr                         0x080365a8   Data           2  os_dbg.o(.constdata)
    OSDbg_DataSize                           0x080365ac   Data           4  os_dbg.o(.constdata)
    __ctype_table                            0x080365b0   Data         129  ctype_o.o(.constdata)
    Region$$Table$$Base                      0x0803667c   Number         0  anon$$obj.o(Region$$Table)
    Region$$Table$$Limit                     0x0803669c   Number         0  anon$$obj.o(Region$$Table)
    PCS_Data_Offset                          0x20000028   Data           1  mode_manager.o(.data)
    mode_app_tick                            0x2000002c   Data           4  mode_manager.o(.data)
    _load_wav_start_addr                     0x2000004c   Data           4  wav.o(.data)
    _load_wav_curr_index                     0x20000050   Data           2  wav.o(.data)
    CmdBuffer                                0x20000054   Data           4  usart.o(.data)
    CmdRecvIndex                             0x20000058   Data           4  usart.o(.data)
    CmdLen                                   0x2000005c   Data           4  usart.o(.data)
    shellCmdCallFuncRegexIndex               0x20000060   Data           2  shell.o(.data)
    ShellCmdSourcePutIndex                   0x20000062   Data           2  shell.o(.data)
    ShellCmdSourceParseIndex                 0x20000064   Data           2  shell.o(.data)
    ShellCmdSourceLength                     0x20000066   Data           2  shell.o(.data)
    ShellCmdVersion                          0x20000068   Data           4  system.o(.data)
    ShellCmdLS                               0x2000006c   Data           4  system.o(.data)
    ShellCmdPWD                              0x20000070   Data           4  system.o(.data)
    ShellCmdCD                               0x20000074   Data           4  system.o(.data)
    ShellCmdCAT                              0x20000078   Data           4  system.o(.data)
    ShellCmdCP                               0x2000007c   Data           4  system.o(.data)
    ShellCmdRM                               0x20000080   Data           4  system.o(.data)
    ShellCmdMKDIR                            0x20000084   Data           4  system.o(.data)
    ShellCmdLoadWav                          0x20000088   Data           4  system.o(.data)
    s_wav                                    0x2000008c   Data           4  system.o(.data)
    ShellCmdPlayWav                          0x20000090   Data           4  system.o(.data)
    ShellCmdPad                              0x20000094   Data           4  system.o(.data)
    StopCondition                            0x200000a0   Data           4  bsp_sdio_sd.o(.data)
    TransferError                            0x200000a4   Data           1  bsp_sdio_sd.o(.data)
    TransferEnd                              0x200000a8   Data           4  bsp_sdio_sd.o(.data)
    DMAEndOfTransfer                         0x200000ac   Data           4  bsp_sdio_sd.o(.data)
    I2S_DMA_TX_Callback                      0x2000012c   Data           4  bsp_wm8978.o(.data)
    I2S_DMA_RX_Callback                      0x20000130   Data           4  bsp_wm8978.o(.data)
    playerAudioBufflag                       0x20000134   Data           1  player.o(.data)
    playerAudioBuffIsread                    0x20000135   Data           1  player.o(.data)
    playerQueue                              0x20000138   Data           8  player.o(.data)
    playingEffectQueue                       0x20000140   Data           8  player.o(.data)
    playingBGMQueue                          0x20000148   Data           8  player.o(.data)
    s_player_id                              0x20000150   Data           4  player.o(.data)
    ShellCmdLed                              0x2000026c   Data           4  led.o(.data)
    CPU_TS_TmrFreq_Hz                        0x20000270   Data           4  cpu_core.o(.data)
    Mem_SegHeadPtr                           0x20000274   Data           4  lib_mem.o(.data)
    OSPrioTbl                                0x20000278   Data           8  os_prio.o(.data)
    OS_AppTaskCreateHookPtr                  0x20000280   Data           4  os_var.o(.data)
    OS_AppTaskDelHookPtr                     0x20000284   Data           4  os_var.o(.data)
    OS_AppTaskReturnHookPtr                  0x20000288   Data           4  os_var.o(.data)
    OS_AppIdleTaskHookPtr                    0x2000028c   Data           4  os_var.o(.data)
    OS_AppStatTaskHookPtr                    0x20000290   Data           4  os_var.o(.data)
    OS_AppTaskSwHookPtr                      0x20000294   Data           4  os_var.o(.data)
    OS_AppTimeTickHookPtr                    0x20000298   Data           4  os_var.o(.data)
    OSIdleTaskCtr                            0x2000029c   Data           4  os_var.o(.data)
    OSIntNestingCtr                          0x200002a0   Data           1  os_var.o(.data)
    OSRunning                                0x200002a1   Data           1  os_var.o(.data)
    OSFlagDbgListPtr                         0x200002a4   Data           4  os_var.o(.data)
    OSFlagQty                                0x200002a8   Data           2  os_var.o(.data)
    OSMemDbgListPtr                          0x200002ac   Data           4  os_var.o(.data)
    OSMemQty                                 0x200002b0   Data           2  os_var.o(.data)
    OSMutexDbgListPtr                        0x200002b4   Data           4  os_var.o(.data)
    OSMutexQty                               0x200002b8   Data           2  os_var.o(.data)
    OSPrioCur                                0x200002ba   Data           1  os_var.o(.data)
    OSPrioHighRdy                            0x200002bb   Data           1  os_var.o(.data)
    OSPrioSaved                              0x200002bc   Data           1  os_var.o(.data)
    OSQDbgListPtr                            0x200002c0   Data           4  os_var.o(.data)
    OSQQty                                   0x200002c4   Data           2  os_var.o(.data)
    OSSchedLockTimeBegin                     0x200002c8   Data           4  os_var.o(.data)
    OSSchedLockTimeMax                       0x200002cc   Data           4  os_var.o(.data)
    OSSchedLockTimeMaxCur                    0x200002d0   Data           4  os_var.o(.data)
    OSSchedLockNestingCtr                    0x200002d4   Data           1  os_var.o(.data)
    OSSemDbgListPtr                          0x200002d8   Data           4  os_var.o(.data)
    OSSemQty                                 0x200002dc   Data           2  os_var.o(.data)
    OSStatResetFlag                          0x200002de   Data           1  os_var.o(.data)
    OSStatTaskCPUUsage                       0x200002e0   Data           2  os_var.o(.data)
    OSStatTaskCPUUsageMax                    0x200002e2   Data           2  os_var.o(.data)
    OSStatTaskCtr                            0x200002e4   Data           4  os_var.o(.data)
    OSStatTaskCtrMax                         0x200002e8   Data           4  os_var.o(.data)
    OSStatTaskCtrRun                         0x200002ec   Data           4  os_var.o(.data)
    OSStatTaskRdy                            0x200002f0   Data           1  os_var.o(.data)
    OSStatTaskTimeMax                        0x200002f4   Data           4  os_var.o(.data)
    OSTaskCtxSwCtr                           0x200002f8   Data           4  os_var.o(.data)
    OSTaskDbgListPtr                         0x200002fc   Data           4  os_var.o(.data)
    OSTaskQty                                0x20000300   Data           2  os_var.o(.data)
    OSTaskRegNextAvailID                     0x20000302   Data           1  os_var.o(.data)
    OSTickCtr                                0x20000304   Data           4  os_var.o(.data)
    OSTickTaskTimeMax                        0x20000308   Data           4  os_var.o(.data)
    OSTickListDly                            0x2000030c   Data           8  os_var.o(.data)
    OSTickListTimeout                        0x20000314   Data           8  os_var.o(.data)
    OSTmrDbgListPtr                          0x2000031c   Data           4  os_var.o(.data)
    OSTmrListEntries                         0x20000320   Data           2  os_var.o(.data)
    OSTmrListPtr                             0x20000324   Data           4  os_var.o(.data)
    OSTmrQty                                 0x20000328   Data           2  os_var.o(.data)
    OSTmrTaskTimeMax                         0x2000032c   Data           4  os_var.o(.data)
    OSTmrTickCtr                             0x20000330   Data           4  os_var.o(.data)
    OSTmrUpdateCnt                           0x20000334   Data           4  os_var.o(.data)
    OSTmrUpdateCtr                           0x20000338   Data           4  os_var.o(.data)
    OSTCBCurPtr                              0x2000033c   Data           4  os_var.o(.data)
    OSTCBHighRdyPtr                          0x20000340   Data           4  os_var.o(.data)
    OS_CPU_ExceptStkBase                     0x20000344   Data           4  os_cpu_c.o(.data)
    __stdout                                 0x20000348   Data           4  stdout.o(.data)
    PCS_Data                                 0x20005850   Data          24  mode_manager.o(.bss)
    _load_wav_poll                           0x20005880   Data       86016  wav.o(.bss)
    _CmdBuffer                               0x2001a880   Data         256  usart.o(.bss)
    DmaSendBuffer                            0x2001a980   Data        5000  usart.o(.bss)
    _shellCmdPoll                            0x2001bd08   Data          64  shell.o(.bss)
    shellCmdPoll                             0x2001bd48   Data        2048  shell.o(.bss)
    shellCmdSource                           0x2001c548   Data       16384  shell.o(.bss)
    shellCmdCallFuncPool                     0x20020548   Data        8192  shell.o(.bss)
    shellCmdSourceMutex                      0x20022548   Data          48  shell.o(.bss)
    system_fs                                0x20022578   Data        4144  system.o(.bss)
    system_dir                               0x200235a8   Data          36  system.o(.bss)
    system_curr_path                         0x200235cc   Data        1024  system.o(.bss)
    SDCardInfo                               0x20023a00   Data          88  bsp_sdio_sd.o(.bss)
    SDIO_InitStructure                       0x20023a58   Data          24  bsp_sdio_sd.o(.bss)
    SDIO_CmdInitStructure                    0x20023a70   Data          20  bsp_sdio_sd.o(.bss)
    SDIO_DataInitStructure                   0x20023a84   Data          24  bsp_sdio_sd.o(.bss)
    playerAudioBuffA                         0x20023aa8   Data          10  player.o(.bss)
    playerAudioBuffB                         0x20023ab2   Data          10  player.o(.bss)
    readAudioBuffer                          0x20023abc   Data          10  player.o(.bss)
    _playerPool                              0x20023ac8   Data         768  player.o(.bss)
    ADC_ConvertedValue                       0x20023dde   Data          10  piezoelectric_element.o(.bss)
    CPU_Name                                 0x20023de8   Data          16  cpu_core.o(.bss)
    Mem_Heap                                 0x20023df8   Data        3072  lib_mem.o(.bss)
    Mem_SegHeap                              0x200249f8   Data          20  lib_mem.o(.bss)
    OSCfg_IdleTaskStk                        0x20024a0c   Data         256  os_cfg_app.o(.bss)
    OSCfg_ISRStk                             0x20024b0c   Data         400  os_cfg_app.o(.bss)
    OSCfg_MsgPool                            0x20024c9c   Data        1600  os_cfg_app.o(.bss)
    OSCfg_StatTaskStk                        0x200252dc   Data         400  os_cfg_app.o(.bss)
    OSCfg_TickTaskStk                        0x2002546c   Data         400  os_cfg_app.o(.bss)
    OSCfg_TmrTaskStk                         0x200255fc   Data         400  os_cfg_app.o(.bss)
    OSIdleTaskTCB                            0x2002578c   Data         192  os_var.o(.bss)
    OSMsgPool                                0x2002584c   Data          12  os_var.o(.bss)
    OSRdyList                                0x20025858   Data         768  os_var.o(.bss)
    OSStatTaskTCB                            0x20025b58   Data         192  os_var.o(.bss)
    OSTickTaskTCB                            0x20025c18   Data         192  os_var.o(.bss)
    OSTmrMutex                               0x20025cd8   Data          48  os_var.o(.bss)
    OSTmrTaskTCB                             0x20025d08   Data         192  os_var.o(.bss)
    __initial_sp                             0x20026dc8   Data           0  startup_stm32f429_439xx.o(STACK)



==============================================================================

Memory Map of the image

  Image Entry point : 0x080001ad

  Load Region LR_IROM1 (Base: 0x08000000, Size: 0x000369ec, Max: 0x00100000, ABSOLUTE, COMPRESSED[0x00036784])

    Execution Region ER_IROM1 (Exec base: 0x08000000, Load base: 0x08000000, Size: 0x0003669c, Max: 0x00100000, ABSOLUTE)

    Exec Addr    Load Addr    Size         Type   Attr      Idx    E Section Name        Object

    0x08000000   0x08000000   0x000001ac   Data   RO            3    RESET               startup_stm32f429_439xx.o
    0x080001ac   0x080001ac   0x00000000   Code   RO         9017  * .ARM.Collect$$$$00000000  mc_w.l(entry.o)
    0x080001ac   0x080001ac   0x00000004   Code   RO         9301    .ARM.Collect$$$$00000001  mc_w.l(entry2.o)
    0x080001b0   0x080001b0   0x00000004   Code   RO         9304    .ARM.Collect$$$$00000004  mc_w.l(entry5.o)
    0x080001b4   0x080001b4   0x00000000   Code   RO         9306    .ARM.Collect$$$$00000008  mc_w.l(entry7b.o)
    0x080001b4   0x080001b4   0x00000000   Code   RO         9308    .ARM.Collect$$$$0000000A  mc_w.l(entry8b.o)
    0x080001b4   0x080001b4   0x00000008   Code   RO         9309    .ARM.Collect$$$$0000000B  mc_w.l(entry9a.o)
    0x080001bc   0x080001bc   0x00000000   Code   RO         9311    .ARM.Collect$$$$0000000D  mc_w.l(entry10a.o)
    0x080001bc   0x080001bc   0x00000000   Code   RO         9313    .ARM.Collect$$$$0000000F  mc_w.l(entry11a.o)
    0x080001bc   0x080001bc   0x00000004   Code   RO         9302    .ARM.Collect$$$$00002712  mc_w.l(entry2.o)
    0x080001c0   0x080001c0   0x0000004c   Code   RO            4    .text               startup_stm32f429_439xx.o
    0x0800020c   0x0800020c   0x00000034   Code   RO         7305    .text               cpu_a.o
    0x08000240   0x08000240   0x00000062   Code   RO         9020    .text               mc_w.l(uldiv.o)
    0x080002a2   0x080002a2   0x00000024   Code   RO         9022    .text               mc_w.l(memcpya.o)
    0x080002c6   0x080002c6   0x00000024   Code   RO         9024    .text               mc_w.l(memseta.o)
    0x080002ea   0x080002ea   0x0000000e   Code   RO         9026    .text               mc_w.l(strlen.o)
    0x080002f8   0x080002f8   0x0000001c   Code   RO         9028    .text               mc_w.l(strcmp.o)
    0x08000314   0x08000314   0x00000012   Code   RO         9030    .text               mc_w.l(strcpy.o)
    0x08000326   0x08000326   0x0000001e   Code   RO         9032    .text               mc_w.l(strncmp.o)
    0x08000344   0x08000344   0x00000032   Code   RO         9036    .text               mc_w.l(strncasecmp.o)
    0x08000376   0x08000376   0x0000001a   Code   RO         9299    .text               mc_w.l(atoi.o)
    0x08000390   0x08000390   0x0000002c   Code   RO         9316    .text               mc_w.l(uidiv.o)
    0x080003bc   0x080003bc   0x0000001e   Code   RO         9318    .text               mc_w.l(llshl.o)
    0x080003da   0x080003da   0x00000020   Code   RO         9320    .text               mc_w.l(llushr.o)
    0x080003fa   0x080003fa   0x0000000c   Code   RO         9322    .text               mc_w.l(tolower.o)
    0x08000406   0x08000406   0x00000070   Code   RO         9331    .text               mc_w.l(strtol.o)
    0x08000476   0x08000476   0x00000002   PAD
    0x08000478   0x08000478   0x00000024   Code   RO         9344    .text               mc_w.l(init.o)
    0x0800049c   0x0800049c   0x00000008   Code   RO         9348    .text               mc_w.l(ctype_o.o)
    0x080004a4   0x080004a4   0x0000009e   Code   RO         9376    .text               mc_w.l(_strtoul.o)
    0x08000542   0x08000542   0x0000001c   Code   RO         9380    .text               mc_w.l(_chval.o)
    0x0800055e   0x0800055e   0x00000056   Code   RO         9390    .text               mc_w.l(__dczerorl2.o)
    0x080005b4   0x080005b4   0x0000010c   Code   RO         8929    CODE                os_cpu_a.o
    0x080006c0   0x080006c0   0x00000016   Code   RO          222    i.ADC_Cmd           stm32f4xx_adc.o
    0x080006d6   0x080006d6   0x00000002   PAD
    0x080006d8   0x080006d8   0x00000030   Code   RO          223    i.ADC_CommonInit    stm32f4xx_adc.o
    0x08000708   0x08000708   0x00000016   Code   RO          226    i.ADC_DMACmd        stm32f4xx_adc.o
    0x0800071e   0x0800071e   0x00000016   Code   RO          227    i.ADC_DMARequestAfterLastTransferCmd  stm32f4xx_adc.o
    0x08000734   0x08000734   0x00000054   Code   RO          242    i.ADC_Init          stm32f4xx_adc.o
    0x08000788   0x08000788   0x000000b8   Code   RO          247    i.ADC_RegularChannelConfig  stm32f4xx_adc.o
    0x08000840   0x08000840   0x0000000a   Code   RO          249    i.ADC_SoftwareStartConv  stm32f4xx_adc.o
    0x0800084a   0x0800084a   0x00000002   PAD
    0x0800084c   0x0800084c   0x00000054   Code   RO         5236    i.AppTaskADC        app.o
    0x080008a0   0x080008a0   0x00000098   Code   RO         5237    i.AppTaskInput      app.o
    0x08000938   0x08000938   0x00000008   Code   RO         5238    i.AppTaskShell      app.o
    0x08000940   0x08000940   0x00000128   Code   RO         5239    i.AppTaskStart      app.o
    0x08000a68   0x08000a68   0x00000040   Code   RO         5803    i.BL8782_PDN_INIT   system.o
    0x08000aa8   0x08000aa8   0x0000000e   Code   RO         5606    i.BSP_CPU_ClkFreq   bsp.o
    0x08000ab6   0x08000ab6   0x00000002   PAD
    0x08000ab8   0x08000ab8   0x00000064   Code   RO         5607    i.BSP_Init          bsp.o
    0x08000b1c   0x08000b1c   0x00000004   Code   RO         5161    i.BusFault_Handler  stm32f4xx_it.o
    0x08000b20   0x08000b20   0x0000000c   Code   RO         7187    i.CPU_Init          cpu_core.o
    0x08000b2c   0x08000b2c   0x00000030   Code   RO         7188    i.CPU_NameClr       cpu_core.o
    0x08000b5c   0x08000b5c   0x00000008   Code   RO         7190    i.CPU_NameInit      cpu_core.o
    0x08000b64   0x08000b64   0x00000004   Code   RO         7192    i.CPU_SW_Exception  cpu_core.o
    0x08000b68   0x08000b68   0x00000014   Code   RO         7194    i.CPU_TS_Init       cpu_core.o
    0x08000b7c   0x08000b7c   0x0000000c   Code   RO         7196    i.CPU_TS_TmrFreqSet  cpu_core.o
    0x08000b88   0x08000b88   0x00000034   Code   RO         5610    i.CPU_TS_TmrInit    bsp.o
    0x08000bbc   0x08000bbc   0x0000000c   Code   RO         5611    i.CPU_TS_TmrRd      bsp.o
    0x08000bc8   0x08000bc8   0x0000002c   Code   RO         6001    i.CmdError          bsp_sdio_sd.o
    0x08000bf4   0x08000bf4   0x00000134   Code   RO         6002    i.CmdResp1Error     bsp_sdio_sd.o
    0x08000d28   0x08000d28   0x0000004c   Code   RO         6003    i.CmdResp2Error     bsp_sdio_sd.o
    0x08000d74   0x08000d74   0x00000038   Code   RO         6004    i.CmdResp3Error     bsp_sdio_sd.o
    0x08000dac   0x08000dac   0x0000009c   Code   RO         6005    i.CmdResp6Error     bsp_sdio_sd.o
    0x08000e48   0x08000e48   0x0000004c   Code   RO         6006    i.CmdResp7Error     bsp_sdio_sd.o
    0x08000e94   0x08000e94   0x0000002c   Code   RO         6714    i.DMA1_Stream3_IRQHandler  bsp_wm8978.o
    0x08000ec0   0x08000ec0   0x0000002c   Code   RO         6715    i.DMA1_Stream4_IRQHandler  bsp_wm8978.o
    0x08000eec   0x08000eec   0x00000008   Code   RO         6007    i.DMA2_Stream3_IRQHandler  bsp_sdio_sd.o
    0x08000ef4   0x08000ef4   0x00000034   Code   RO         1220    i.DMA_ClearFlag     stm32f4xx_dma.o
    0x08000f28   0x08000f28   0x00000034   Code   RO         1221    i.DMA_ClearITPendingBit  stm32f4xx_dma.o
    0x08000f5c   0x08000f5c   0x00000016   Code   RO         1222    i.DMA_Cmd           stm32f4xx_dma.o
    0x08000f72   0x08000f72   0x00000002   PAD
    0x08000f74   0x08000f74   0x00000158   Code   RO         1223    i.DMA_DeInit        stm32f4xx_dma.o
    0x080010cc   0x080010cc   0x00000016   Code   RO         1224    i.DMA_DoubleBufferModeCmd  stm32f4xx_dma.o
    0x080010e2   0x080010e2   0x00000018   Code   RO         1225    i.DMA_DoubleBufferModeConfig  stm32f4xx_dma.o
    0x080010fa   0x080010fa   0x00000016   Code   RO         1226    i.DMA_FlowControllerConfig  stm32f4xx_dma.o
    0x08001110   0x08001110   0x00000014   Code   RO         1227    i.DMA_GetCmdStatus  stm32f4xx_dma.o
    0x08001124   0x08001124   0x00000064   Code   RO         1232    i.DMA_GetITStatus   stm32f4xx_dma.o
    0x08001188   0x08001188   0x0000003a   Code   RO         1233    i.DMA_ITConfig      stm32f4xx_dma.o
    0x080011c2   0x080011c2   0x00000002   PAD
    0x080011c4   0x080011c4   0x00000058   Code   RO         1234    i.DMA_Init          stm32f4xx_dma.o
    0x0800121c   0x0800121c   0x00000002   Code   RO         5162    i.DebugMon_Handler  stm32f4xx_it.o
    0x0800121e   0x0800121e   0x00000002   PAD
    0x08001220   0x08001220   0x000000a8   Code   RO         5682    i.Debug_USART_Config  usart.o
    0x080012c8   0x080012c8   0x00000048   Code   RO         1844    i.FMC_GetFlagStatus  stm32f4xx_fmc.o
    0x08001310   0x08001310   0x00000020   Code   RO         1861    i.FMC_SDRAMCmdConfig  stm32f4xx_fmc.o
    0x08001330   0x08001330   0x00000144   Code   RO         1863    i.FMC_SDRAMInit     stm32f4xx_fmc.o
    0x08001474   0x08001474   0x00000018   Code   RO         1867    i.FMC_SetRefreshCount  stm32f4xx_fmc.o
    0x0800148c   0x0800148c   0x00000194   Code   RO         6008    i.FindSCR           bsp_sdio_sd.o
    0x08001620   0x08001620   0x00000090   Code   RO         2046    i.GPIO_Init         stm32f4xx_gpio.o
    0x080016b0   0x080016b0   0x00000046   Code   RO         2047    i.GPIO_PinAFConfig  stm32f4xx_gpio.o
    0x080016f6   0x080016f6   0x00000012   Code   RO         2050    i.GPIO_ReadInputDataBit  stm32f4xx_gpio.o
    0x08001708   0x08001708   0x00000004   Code   RO         2053    i.GPIO_ResetBits    stm32f4xx_gpio.o
    0x0800170c   0x0800170c   0x00000004   Code   RO         2054    i.GPIO_SetBits      stm32f4xx_gpio.o
    0x08001710   0x08001710   0x00000048   Code   RO         7043    i.Gating_Membrane_Init  gating_membrane.o
    0x08001758   0x08001758   0x00000004   Code   RO         5163    i.HardFault_Handler  stm32f4xx_it.o
    0x0800175c   0x0800175c   0x00000018   Code   RO         2334    i.I2C_AcknowledgeConfig  stm32f4xx_i2c.o
    0x08001774   0x08001774   0x0000002a   Code   RO         2337    i.I2C_CheckEvent    stm32f4xx_i2c.o
    0x0800179e   0x0800179e   0x00000018   Code   RO         2340    i.I2C_Cmd           stm32f4xx_i2c.o
    0x080017b6   0x080017b6   0x00000002   PAD
    0x080017b8   0x080017b8   0x00000064   Code   RO         6716    i.I2C_GPIO_Config   bsp_wm8978.o
    0x0800181c   0x0800181c   0x00000018   Code   RO         2348    i.I2C_GenerateSTART  stm32f4xx_i2c.o
    0x08001834   0x08001834   0x00000018   Code   RO         2349    i.I2C_GenerateSTOP  stm32f4xx_i2c.o
    0x0800184c   0x0800184c   0x0000003a   Code   RO         2350    i.I2C_GetFlagStatus  stm32f4xx_i2c.o
    0x08001886   0x08001886   0x00000002   PAD
    0x08001888   0x08001888   0x000000e8   Code   RO         2355    i.I2C_Init          stm32f4xx_i2c.o
    0x08001970   0x08001970   0x0000004c   Code   RO         6717    i.I2C_Mode_Configu  bsp_wm8978.o
    0x080019bc   0x080019bc   0x00000010   Code   RO         2362    i.I2C_Send7bitAddress  stm32f4xx_i2c.o
    0x080019cc   0x080019cc   0x00000004   Code   RO         2363    i.I2C_SendData      stm32f4xx_i2c.o
    0x080019d0   0x080019d0   0x00000018   Code   RO         4109    i.I2S_Cmd           stm32f4xx_spi.o
    0x080019e8   0x080019e8   0x000000a4   Code   RO         6718    i.I2S_GPIO_Config   bsp_wm8978.o
    0x08001a8c   0x08001a8c   0x00000198   Code   RO         4111    i.I2S_Init          stm32f4xx_spi.o
    0x08001c24   0x08001c24   0x00000068   Code   RO         6929    i.I2S_Int_Init      player.o
    0x08001c8c   0x08001c8c   0x00000010   Code   RO         6719    i.I2S_Play_Start    bsp_wm8978.o
    0x08001c9c   0x08001c9c   0x0000001c   Code   RO         6721    i.I2S_Stop          bsp_wm8978.o
    0x08001cb8   0x08001cb8   0x0000007c   Code   RO         6722    i.I2Sx_Mode_Config  bsp_wm8978.o
    0x08001d34   0x08001d34   0x000000c8   Code   RO         6723    i.I2Sx_TX_DMA_Init  bsp_wm8978.o
    0x08001dfc   0x08001dfc   0x00000024   Code   RO         5804    i.IsDirectoryPath   system.o
    0x08001e20   0x08001e20   0x00000060   Code   RO         7076    i.LED_Init          led.o
    0x08001e80   0x08001e80   0x00000028   Code   RO         7078    i.LED_OFF_All       led.o
    0x08001ea8   0x08001ea8   0x00000028   Code   RO         7079    i.LED_ON            led.o
    0x08001ed0   0x08001ed0   0x00000028   Code   RO         7080    i.LED_ON_All        led.o
    0x08001ef8   0x08001ef8   0x00000004   Code   RO         5164    i.MemManage_Handler  stm32f4xx_it.o
    0x08001efc   0x08001efc   0x00000012   Code   RO         7507    i.Mem_Clr           lib_mem.o
    0x08001f0e   0x08001f0e   0x00000002   PAD
    0x08001f10   0x08001f10   0x0000004c   Code   RO         7517    i.Mem_Init          lib_mem.o
    0x08001f5c   0x08001f5c   0x0000004a   Code   RO         7530    i.Mem_SegCreate     lib_mem.o
    0x08001fa6   0x08001fa6   0x00000002   PAD
    0x08001fa8   0x08001fa8   0x00000020   Code   RO         7531    i.Mem_SegCreateCritical  lib_mem.o
    0x08001fc8   0x08001fc8   0x00000054   Code   RO         7534    i.Mem_Set           lib_mem.o
    0x0800201c   0x0800201c   0x0000002c   Code   RO         6930    i.MusicPlayer_I2S_DMA_TX_Callback  player.o
    0x08002048   0x08002048   0x00000002   Code   RO         5165    i.NMI_Handler       stm32f4xx_it.o
    0x0800204a   0x0800204a   0x00000026   Code   RO         5684    i.NVIC_Configuration  usart.o
    0x08002070   0x08002070   0x00000078   Code   RO          164    i.NVIC_Init         misc.o
    0x080020e8   0x080020e8   0x00000014   Code   RO          165    i.NVIC_PriorityGroupConfig  misc.o
    0x080020fc   0x080020fc   0x00000002   Code   RO         7842    i.OSCfg_Init        os_cfg_app.o
    0x080020fe   0x080020fe   0x00000002   PAD
    0x08002100   0x08002100   0x00000014   Code   RO         8932    i.OSIdleTaskHook    os_cpu_c.o
    0x08002114   0x08002114   0x00000164   Code   RO         7865    i.OSInit            os_core.o
    0x08002278   0x08002278   0x00000028   Code   RO         8933    i.OSInitHook        os_cpu_c.o
    0x080022a0   0x080022a0   0x000000dc   Code   RO         7867    i.OSIntExit         os_core.o
    0x0800237c   0x0800237c   0x00000070   Code   RO         8258    i.OSMutexCreate     os_mutex.o
    0x080023ec   0x080023ec   0x000001d0   Code   RO         8260    i.OSMutexPend       os_mutex.o
    0x080025bc   0x080025bc   0x0000018c   Code   RO         8262    i.OSMutexPost       os_mutex.o
    0x08002748   0x08002748   0x000000a4   Code   RO         7868    i.OSSched           os_core.o
    0x080027ec   0x080027ec   0x00000060   Code   RO         7869    i.OSSchedLock       os_core.o
    0x0800284c   0x0800284c   0x00000080   Code   RO         7870    i.OSSchedUnlock     os_core.o
    0x080028cc   0x080028cc   0x00000068   Code   RO         7871    i.OSStart           os_core.o
    0x08002934   0x08002934   0x00000128   Code   RO         8529    i.OSStatReset       os_stat.o
    0x08002a5c   0x08002a5c   0x000000f0   Code   RO         8530    i.OSStatTaskCPUUsageInit  os_stat.o
    0x08002b4c   0x08002b4c   0x00000014   Code   RO         8934    i.OSStatTaskHook    os_cpu_c.o
    0x08002b60   0x08002b60   0x00000190   Code   RO         8560    i.OSTaskCreate      os_task.o
    0x08002cf0   0x08002cf0   0x00000018   Code   RO         8935    i.OSTaskCreateHook  os_cpu_c.o
    0x08002d08   0x08002d08   0x00000188   Code   RO         8561    i.OSTaskDel         os_task.o
    0x08002e90   0x08002e90   0x00000018   Code   RO         8936    i.OSTaskDelHook     os_cpu_c.o
    0x08002ea8   0x08002ea8   0x00000054   Code   RO         8569    i.OSTaskResume      os_task.o
    0x08002efc   0x08002efc   0x00000018   Code   RO         8937    i.OSTaskReturnHook  os_cpu_c.o
    0x08002f14   0x08002f14   0x000001c8   Code   RO         8570    i.OSTaskSemPend     os_task.o
    0x080030dc   0x080030dc   0x0000003e   Code   RO         8572    i.OSTaskSemPost     os_task.o
    0x0800311a   0x0800311a   0x00000002   PAD
    0x0800311c   0x0800311c   0x000000c0   Code   RO         8574    i.OSTaskStkChk      os_task.o
    0x080031dc   0x080031dc   0x000002c4   Code   RO         8938    i.OSTaskStkInit     os_cpu_c.o
    0x080034a0   0x080034a0   0x00000024   Code   RO         8575    i.OSTaskSuspend     os_task.o
    0x080034c4   0x080034c4   0x000000b8   Code   RO         8939    i.OSTaskSwHook      os_cpu_c.o
    0x0800357c   0x0800357c   0x000000a4   Code   RO         8779    i.OSTimeDly         os_time.o
    0x08003620   0x08003620   0x00000044   Code   RO         8784    i.OSTimeTick        os_time.o
    0x08003664   0x08003664   0x00000014   Code   RO         8940    i.OSTimeTickHook    os_cpu_c.o
    0x08003678   0x08003678   0x00000038   Code   RO         8941    i.OS_CPU_SysTickHandler  os_cpu_c.o
    0x080036b0   0x080036b0   0x00000030   Code   RO         8942    i.OS_CPU_SysTickInit  os_cpu_c.o
    0x080036e0   0x080036e0   0x000001a8   Code   RO         8081    i.OS_Dbg_Init       os_dbg.o
    0x08003888   0x08003888   0x00000018   Code   RO         8106    i.OS_FlagInit       os_flag.o
    0x080038a0   0x080038a0   0x00000044   Code   RO         7873    i.OS_IdleTask       os_core.o
    0x080038e4   0x080038e4   0x00000070   Code   RO         7874    i.OS_IdleTaskInit   os_core.o
    0x08003954   0x08003954   0x00000018   Code   RO         8190    i.OS_MemInit        os_mem.o
    0x0800396c   0x0800396c   0x0000007c   Code   RO         8222    i.OS_MsgPoolInit    os_msg.o
    0x080039e8   0x080039e8   0x00000044   Code   RO         8223    i.OS_MsgQFreeAll    os_msg.o
    0x08003a2c   0x08003a2c   0x0000000e   Code   RO         8225    i.OS_MsgQInit       os_msg.o
    0x08003a3a   0x08003a3a   0x00000002   PAD
    0x08003a3c   0x08003a3c   0x00000030   Code   RO         8264    i.OS_MutexDbgListAdd  os_mutex.o
    0x08003a6c   0x08003a6c   0x00000008   Code   RO         8266    i.OS_MutexGrpAdd    os_mutex.o
    0x08003a74   0x08003a74   0x00000060   Code   RO         8267    i.OS_MutexGrpPostAll  os_mutex.o
    0x08003ad4   0x08003ad4   0x0000002c   Code   RO         8268    i.OS_MutexGrpPrioFindHighest  os_mutex.o
    0x08003b00   0x08003b00   0x0000001c   Code   RO         8269    i.OS_MutexGrpRemove  os_mutex.o
    0x08003b1c   0x08003b1c   0x00000018   Code   RO         8270    i.OS_MutexInit      os_mutex.o
    0x08003b34   0x08003b34   0x00000068   Code   RO         7875    i.OS_Pend           os_core.o
    0x08003b9c   0x08003b9c   0x00000028   Code   RO         7878    i.OS_PendDataInit   os_core.o
    0x08003bc4   0x08003bc4   0x0000005c   Code   RO         7879    i.OS_PendDbgNameAdd  os_core.o
    0x08003c20   0x08003c20   0x00000024   Code   RO         7880    i.OS_PendDbgNameRemove  os_core.o
    0x08003c44   0x08003c44   0x0000003a   Code   RO         7881    i.OS_PendListChangePrio  os_core.o
    0x08003c7e   0x08003c7e   0x0000000a   Code   RO         7882    i.OS_PendListInit   os_core.o
    0x08003c88   0x08003c88   0x00000066   Code   RO         7884    i.OS_PendListInsertPrio  os_core.o
    0x08003cee   0x08003cee   0x00000034   Code   RO         7885    i.OS_PendListRemove  os_core.o
    0x08003d22   0x08003d22   0x00000042   Code   RO         7886    i.OS_PendListRemove1  os_core.o
    0x08003d64   0x08003d64   0x000000d6   Code   RO         7889    i.OS_Post           os_core.o
    0x08003e3a   0x08003e3a   0x0000002c   Code   RO         7890    i.OS_Post1          os_core.o
    0x08003e66   0x08003e66   0x00000002   PAD
    0x08003e68   0x08003e68   0x00000028   Code   RO         8348    i.OS_PrioGetHighest  os_prio.o
    0x08003e90   0x08003e90   0x00000018   Code   RO         8349    i.OS_PrioInit       os_prio.o
    0x08003ea8   0x08003ea8   0x00000024   Code   RO         8350    i.OS_PrioInsert     os_prio.o
    0x08003ecc   0x08003ecc   0x00000024   Code   RO         8351    i.OS_PrioRemove     os_prio.o
    0x08003ef0   0x08003ef0   0x00000018   Code   RO         8394    i.OS_QInit          os_q.o
    0x08003f08   0x08003f08   0x00000024   Code   RO         7891    i.OS_RdyListInit    os_core.o
    0x08003f2c   0x08003f2c   0x0000002c   Code   RO         7892    i.OS_RdyListInsert  os_core.o
    0x08003f58   0x08003f58   0x00000040   Code   RO         7893    i.OS_RdyListInsertHead  os_core.o
    0x08003f98   0x08003f98   0x0000003c   Code   RO         7894    i.OS_RdyListInsertTail  os_core.o
    0x08003fd4   0x08003fd4   0x0000005c   Code   RO         7896    i.OS_RdyListRemove  os_core.o
    0x08004030   0x08004030   0x0000001c   Code   RO         7897    i.OS_SchedLockTimeMeasStart  os_core.o
    0x0800404c   0x0800404c   0x0000003c   Code   RO         7898    i.OS_SchedLockTimeMeasStop  os_core.o
    0x08004088   0x08004088   0x00000018   Code   RO         8466    i.OS_SemInit        os_sem.o
    0x080040a0   0x080040a0   0x000002e8   Code   RO         8531    i.OS_StatTask       os_stat.o
    0x08004388   0x08004388   0x000000cc   Code   RO         8532    i.OS_StatTaskInit   os_stat.o
    0x08004454   0x08004454   0x0000002c   Code   RO         7899    i.OS_TaskBlock      os_core.o
    0x08004480   0x08004480   0x000000ec   Code   RO         8576    i.OS_TaskChangePrio  os_task.o
    0x0800456c   0x0800456c   0x00000030   Code   RO         8577    i.OS_TaskDbgListAdd  os_task.o
    0x0800459c   0x0800459c   0x00000044   Code   RO         8578    i.OS_TaskDbgListRemove  os_task.o
    0x080045e0   0x080045e0   0x00000020   Code   RO         8579    i.OS_TaskInit       os_task.o
    0x08004600   0x08004600   0x000000bc   Code   RO         8580    i.OS_TaskInitTCB    os_task.o
    0x080046bc   0x080046bc   0x00000100   Code   RO         8582    i.OS_TaskResume     os_task.o
    0x080047bc   0x080047bc   0x00000018   Code   RO         8583    i.OS_TaskReturn     os_task.o
    0x080047d4   0x080047d4   0x000001c4   Code   RO         8584    i.OS_TaskSemPost    os_task.o
    0x08004998   0x08004998   0x00000118   Code   RO         8585    i.OS_TaskSuspend    os_task.o
    0x08004ab0   0x08004ab0   0x00000086   Code   RO         8727    i.OS_TickListInsert  os_tick.o
    0x08004b36   0x08004b36   0x00000002   PAD
    0x08004b38   0x08004b38   0x000000bc   Code   RO         8728    i.OS_TickListInsertDly  os_tick.o
    0x08004bf4   0x08004bf4   0x00000058   Code   RO         8729    i.OS_TickListRemove  os_tick.o
    0x08004c4c   0x08004c4c   0x00000002   Code   RO         8730    i.OS_TickListResetPeak  os_tick.o
    0x08004c4e   0x08004c4e   0x00000002   PAD
    0x08004c50   0x08004c50   0x00000098   Code   RO         8731    i.OS_TickListUpdateDly  os_tick.o
    0x08004ce8   0x08004ce8   0x00000114   Code   RO         8732    i.OS_TickListUpdateTimeout  os_tick.o
    0x08004dfc   0x08004dfc   0x00000064   Code   RO         8733    i.OS_TickTask       os_tick.o
    0x08004e60   0x08004e60   0x000000c8   Code   RO         8734    i.OS_TickTaskInit   os_tick.o
    0x08004f28   0x08004f28   0x00000134   Code   RO         8830    i.OS_TmrInit        os_tmr.o
    0x0800505c   0x0800505c   0x00000018   Code   RO         8831    i.OS_TmrLock        os_tmr.o
    0x08005074   0x08005074   0x00000002   Code   RO         8832    i.OS_TmrResetPeak   os_tmr.o
    0x08005076   0x08005076   0x00000002   PAD
    0x08005078   0x08005078   0x00000094   Code   RO         8833    i.OS_TmrTask        os_tmr.o
    0x0800510c   0x0800510c   0x00000044   Code   RO         8834    i.OS_TmrUnlink      os_tmr.o
    0x08005150   0x08005150   0x00000014   Code   RO         8835    i.OS_TmrUnlock      os_tmr.o
    0x08005164   0x08005164   0x00000144   Code   RO         7134    i.PIEZOELECTRIC_ELEMENT_Init  piezoelectric_element.o
    0x080052a8   0x080052a8   0x00000020   Code   RO         2960    i.RCC_AHB1PeriphClockCmd  stm32f4xx_rcc.o
    0x080052c8   0x080052c8   0x00000020   Code   RO         2966    i.RCC_AHB3PeriphClockCmd  stm32f4xx_rcc.o
    0x080052e8   0x080052e8   0x00000020   Code   RO         2969    i.RCC_APB1PeriphClockCmd  stm32f4xx_rcc.o
    0x08005308   0x08005308   0x00000020   Code   RO         2971    i.RCC_APB1PeriphResetCmd  stm32f4xx_rcc.o
    0x08005328   0x08005328   0x00000020   Code   RO         2972    i.RCC_APB2PeriphClockCmd  stm32f4xx_rcc.o
    0x08005348   0x08005348   0x00000020   Code   RO         2974    i.RCC_APB2PeriphResetCmd  stm32f4xx_rcc.o
    0x08005368   0x08005368   0x000000e8   Code   RO         2981    i.RCC_GetClocksFreq  stm32f4xx_rcc.o
    0x08005450   0x08005450   0x00000040   Code   RO         2982    i.RCC_GetFlagStatus  stm32f4xx_rcc.o
    0x08005490   0x08005490   0x0000000c   Code   RO         2988    i.RCC_I2SCLKConfig  stm32f4xx_rcc.o
    0x0800549c   0x0800549c   0x0000000c   Code   RO         3000    i.RCC_PLLI2SCmd     stm32f4xx_rcc.o
    0x080054a8   0x080054a8   0x0000011c   Code   RO         6010    i.SDEnWideBus       bsp_sdio_sd.o
    0x080055c4   0x080055c4   0x0000000c   Code   RO         3891    i.SDIO_ClearFlag    stm32f4xx_sdio.o
    0x080055d0   0x080055d0   0x0000000c   Code   RO         3892    i.SDIO_ClearITPendingBit  stm32f4xx_sdio.o
    0x080055dc   0x080055dc   0x0000000c   Code   RO         3893    i.SDIO_ClockCmd     stm32f4xx_sdio.o
    0x080055e8   0x080055e8   0x0000000c   Code   RO         3896    i.SDIO_DMACmd       stm32f4xx_sdio.o
    0x080055f4   0x080055f4   0x00000034   Code   RO         3897    i.SDIO_DataConfig   stm32f4xx_sdio.o
    0x08005628   0x08005628   0x00000016   Code   RO         3899    i.SDIO_DeInit       stm32f4xx_sdio.o
    0x0800563e   0x0800563e   0x00000002   PAD
    0x08005640   0x08005640   0x0000000c   Code   RO         3900    i.SDIO_GetCommandResponse  stm32f4xx_sdio.o
    0x0800564c   0x0800564c   0x00000018   Code   RO         3903    i.SDIO_GetFlagStatus  stm32f4xx_sdio.o
    0x08005664   0x08005664   0x00000018   Code   RO         3904    i.SDIO_GetITStatus  stm32f4xx_sdio.o
    0x0800567c   0x0800567c   0x00000010   Code   RO         3905    i.SDIO_GetPowerState  stm32f4xx_sdio.o
    0x0800568c   0x0800568c   0x00000018   Code   RO         3906    i.SDIO_GetResponse  stm32f4xx_sdio.o
    0x080056a4   0x080056a4   0x00000008   Code   RO         6011    i.SDIO_IRQHandler   bsp_sdio_sd.o
    0x080056ac   0x080056ac   0x00000020   Code   RO         3907    i.SDIO_ITConfig     stm32f4xx_sdio.o
    0x080056cc   0x080056cc   0x00000030   Code   RO         3908    i.SDIO_Init         stm32f4xx_sdio.o
    0x080056fc   0x080056fc   0x0000000c   Code   RO         3909    i.SDIO_ReadData     stm32f4xx_sdio.o
    0x08005708   0x08005708   0x0000002c   Code   RO         3911    i.SDIO_SendCommand  stm32f4xx_sdio.o
    0x08005734   0x08005734   0x0000000c   Code   RO         3913    i.SDIO_SetPowerState  stm32f4xx_sdio.o
    0x08005740   0x08005740   0x000003bc   Code   RO         5943    i.SDRAM_GPIO_Config  sdram.o
    0x08005afc   0x08005afc   0x00000062   Code   RO         5944    i.SDRAM_Init        sdram.o
    0x08005b5e   0x08005b5e   0x000000b0   Code   RO         5945    i.SDRAM_InitSequence  sdram.o
    0x08005c0e   0x08005c0e   0x00000002   PAD
    0x08005c10   0x08005c10   0x00000024   Code   RO         5949    i.SDRAM_delay       sdram.o
    0x08005c34   0x08005c34   0x0000000c   Code   RO         6013    i.SD_Detect         bsp_sdio_sd.o
    0x08005c40   0x08005c40   0x00000090   Code   RO         6014    i.SD_EnableWideBusOperation  bsp_sdio_sd.o
    0x08005cd0   0x08005cd0   0x0000031c   Code   RO         6016    i.SD_GetCardInfo    bsp_sdio_sd.o
    0x08005fec   0x08005fec   0x00000026   Code   RO         6018    i.SD_GetState       bsp_sdio_sd.o
    0x08006012   0x08006012   0x0000001e   Code   RO         6019    i.SD_GetStatus      bsp_sdio_sd.o
    0x08006030   0x08006030   0x000000c0   Code   RO         6022    i.SD_Init           bsp_sdio_sd.o
    0x080060f0   0x080060f0   0x0000013c   Code   RO         6023    i.SD_InitializeCards  bsp_sdio_sd.o
    0x0800622c   0x0800622c   0x00000090   Code   RO         6024    i.SD_LowLevel_DMA_RxConfig  bsp_sdio_sd.o
    0x080062bc   0x080062bc   0x00000090   Code   RO         6025    i.SD_LowLevel_DMA_TxConfig  bsp_sdio_sd.o
    0x0800634c   0x0800634c   0x000000a4   Code   RO         6027    i.SD_LowLevel_Init  bsp_sdio_sd.o
    0x080063f0   0x080063f0   0x000001a0   Code   RO         6029    i.SD_PowerON        bsp_sdio_sd.o
    0x08006590   0x08006590   0x00000028   Code   RO         6030    i.SD_ProcessDMAIRQ  bsp_sdio_sd.o
    0x080065b8   0x080065b8   0x000000ac   Code   RO         6031    i.SD_ProcessIRQSrc  bsp_sdio_sd.o
    0x08006664   0x08006664   0x000000f8   Code   RO         6033    i.SD_ReadMultiBlocks  bsp_sdio_sd.o
    0x0800675c   0x0800675c   0x00000038   Code   RO         6034    i.SD_SelectDeselect  bsp_sdio_sd.o
    0x08006794   0x08006794   0x00000054   Code   RO         6036    i.SD_SendStatus     bsp_sdio_sd.o
    0x080067e8   0x080067e8   0x00000034   Code   RO         6037    i.SD_StopTransfer   bsp_sdio_sd.o
    0x0800681c   0x0800681c   0x00000080   Code   RO         6038    i.SD_WaitReadOperation  bsp_sdio_sd.o
    0x0800689c   0x0800689c   0x00000080   Code   RO         6039    i.SD_WaitWriteOperation  bsp_sdio_sd.o
    0x0800691c   0x0800691c   0x00000158   Code   RO         6041    i.SD_WriteMultiBlocks  bsp_sdio_sd.o
    0x08006a74   0x08006a74   0x00000012   Code   RO         4121    i.SPI_I2S_DMACmd    stm32f4xx_spi.o
    0x08006a86   0x08006a86   0x00000002   PAD
    0x08006a88   0x08006a88   0x000000b0   Code   RO         4122    i.SPI_I2S_DeInit    stm32f4xx_spi.o
    0x08006b38   0x08006b38   0x00000002   Code   RO         5167    i.SVC_Handler       stm32f4xx_it.o
    0x08006b3a   0x08006b3a   0x00000002   PAD
    0x08006b3c   0x08006b3c   0x00000120   Code   RO           13    i.SetSysClock       system_stm32f4xx.o
    0x08006c5c   0x08006c5c   0x000000a4   Code   RO         5806    i.ShellCmdCallFuncCat  system.o
    0x08006d00   0x08006d00   0x00000060   Code   RO         5807    i.ShellCmdCallFuncCd  system.o
    0x08006d60   0x08006d60   0x0000027c   Code   RO         5808    i.ShellCmdCallFuncCp  system.o
    0x08006fdc   0x08006fdc   0x00000040   Code   RO         7081    i.ShellCmdCallFuncLed  led.o
    0x0800701c   0x0800701c   0x0000004c   Code   RO         5809    i.ShellCmdCallFuncLoadWav  system.o
    0x08007068   0x08007068   0x000000e0   Code   RO         5810    i.ShellCmdCallFuncLs  system.o
    0x08007148   0x08007148   0x0000003a   Code   RO         5811    i.ShellCmdCallFuncMkdir  system.o
    0x08007182   0x08007182   0x00000002   PAD
    0x08007184   0x08007184   0x0000016c   Code   RO         5812    i.ShellCmdCallFuncPadMode  system.o
    0x080072f0   0x080072f0   0x00000034   Code   RO         5813    i.ShellCmdCallFuncPlayWav  system.o
    0x08007324   0x08007324   0x0000001c   Code   RO         5814    i.ShellCmdCallFuncPwd  system.o
    0x08007340   0x08007340   0x00000034   Code   RO         5815    i.ShellCmdCallFuncRm  system.o
    0x08007374   0x08007374   0x00000094   Code   RO         5816    i.ShellCmdCallFuncVersion  system.o
    0x08007408   0x08007408   0x00000164   Code   RO         5751    i.ShellCmdParse     shell.o
    0x0800756c   0x0800756c   0x0000006c   Code   RO         5752    i.ShellCmdPut       shell.o
    0x080075d8   0x080075d8   0x00000060   Code   RO         5753    i.ShellCmdRegex     shell.o
    0x08007638   0x08007638   0x00000048   Code   RO         5754    i.ShellConfig       shell.o
    0x08007680   0x08007680   0x00000034   Code   RO         5755    i.ShellLoop         shell.o
    0x080076b4   0x080076b4   0x00000148   Code   RO         5817    i.SystemConfig      system.o
    0x080077fc   0x080077fc   0x00000068   Code   RO           15    i.SystemInit        system_stm32f4xx.o
    0x08007864   0x08007864   0x000000f4   Code   RO         6931    i.TIM2_IRQHandler   player.o
    0x08007958   0x08007958   0x0000006a   Code   RO         6932    i.TIM2_Int_Init     player.o
    0x080079c2   0x080079c2   0x00000006   Code   RO         4347    i.TIM_ClearFlag     stm32f4xx_tim.o
    0x080079c8   0x080079c8   0x00000006   Code   RO         4348    i.TIM_ClearITPendingBit  stm32f4xx_tim.o
    0x080079ce   0x080079ce   0x00000018   Code   RO         4353    i.TIM_Cmd           stm32f4xx_tim.o
    0x080079e6   0x080079e6   0x00000002   PAD
    0x080079e8   0x080079e8   0x00000190   Code   RO         4358    i.TIM_DeInit        stm32f4xx_tim.o
    0x08007b78   0x08007b78   0x00000022   Code   RO         4374    i.TIM_GetITStatus   stm32f4xx_tim.o
    0x08007b9a   0x08007b9a   0x00000012   Code   RO         4378    i.TIM_ITConfig      stm32f4xx_tim.o
    0x08007bac   0x08007bac   0x00000084   Code   RO         4425    i.TIM_TimeBaseInit  stm32f4xx_tim.o
    0x08007c30   0x08007c30   0x000000bc   Code   RO         5685    i.USART2_IRQHandler  usart.o
    0x08007cec   0x08007cec   0x00000018   Code   RO         4907    i.USART_Cmd         stm32f4xx_usart.o
    0x08007d04   0x08007d04   0x0000001a   Code   RO         4910    i.USART_GetFlagStatus  stm32f4xx_usart.o
    0x08007d1e   0x08007d1e   0x00000054   Code   RO         4911    i.USART_GetITStatus  stm32f4xx_usart.o
    0x08007d72   0x08007d72   0x0000004a   Code   RO         4913    i.USART_ITConfig    stm32f4xx_usart.o
    0x08007dbc   0x08007dbc   0x000000d4   Code   RO         4914    i.USART_Init        stm32f4xx_usart.o
    0x08007e90   0x08007e90   0x0000000a   Code   RO         4921    i.USART_ReceiveData  stm32f4xx_usart.o
    0x08007e9a   0x08007e9a   0x00000008   Code   RO         4924    i.USART_SendData    stm32f4xx_usart.o
    0x08007ea2   0x08007ea2   0x00000004   Code   RO         5169    i.UsageFault_Handler  stm32f4xx_it.o
    0x08007ea6   0x08007ea6   0x0000001e   Code   RO         5686    i.Usart_SendByte    usart.o
    0x08007ec4   0x08007ec4   0x00000020   Code   RO         6728    i.WM8978_I2C_TIMEOUT_UserCallback  bsp_wm8978.o
    0x08007ee4   0x08007ee4   0x000000f4   Code   RO         6729    i.WM8978_I2C_WriteRegister  bsp_wm8978.o
    0x08007fd8   0x08007fd8   0x00000020   Code   RO         9127    i.__0printf$3       mc_w.l(printf3.o)
    0x08007ff8   0x08007ff8   0x00000028   Code   RO         9129    i.__0sprintf$3      mc_w.l(printf3.o)
    0x08008020   0x08008020   0x00000008   Code   RO         9324    i.__aeabi_errno_addr  mc_w.l(errno.o)
    0x08008028   0x08008028   0x0000000e   Code   RO         9384    i.__scatterload_copy  mc_w.l(handlers.o)
    0x08008036   0x08008036   0x00000002   Code   RO         9385    i.__scatterload_null  mc_w.l(handlers.o)
    0x08008038   0x08008038   0x0000000e   Code   RO         9386    i.__scatterload_zeroinit  mc_w.l(handlers.o)
    0x08008046   0x08008046   0x00000002   PAD
    0x08008048   0x08008048   0x000001b8   Code   RO         9134    i._printf_core      mc_w.l(printf3.o)
    0x08008200   0x08008200   0x0000000a   Code   RO         9136    i._sputc            mc_w.l(printf3.o)
    0x0800820a   0x0800820a   0x00000002   PAD
    0x0800820c   0x0800820c   0x00000090   Code   RO         6266    i.check_fs          ff.o
    0x0800829c   0x0800829c   0x00000014   Code   RO         6267    i.chk_chr           ff.o
    0x080082b0   0x080082b0   0x0000001a   Code   RO         6268    i.clust2sect        ff.o
    0x080082ca   0x080082ca   0x00000002   PAD
    0x080082cc   0x080082cc   0x00000090   Code   RO         6269    i.cmp_lfn           ff.o
    0x0800835c   0x0800835c   0x000000d6   Code   RO         6270    i.create_chain      ff.o
    0x08008432   0x08008432   0x00000002   PAD
    0x08008434   0x08008434   0x00000270   Code   RO         6271    i.create_name       ff.o
    0x080086a4   0x080086a4   0x0000005c   Code   RO         6272    i.dir_alloc         ff.o
    0x08008700   0x08008700   0x000000ea   Code   RO         6273    i.dir_find          ff.o
    0x080087ea   0x080087ea   0x0000013c   Code   RO         6274    i.dir_next          ff.o
    0x08008926   0x08008926   0x000000c6   Code   RO         6275    i.dir_read          ff.o
    0x080089ec   0x080089ec   0x0000012a   Code   RO         6276    i.dir_register      ff.o
    0x08008b16   0x08008b16   0x0000006a   Code   RO         6277    i.dir_remove        ff.o
    0x08008b80   0x08008b80   0x000000c8   Code   RO         6278    i.dir_sdi           ff.o
    0x08008c48   0x08008c48   0x0000002a   Code   RO         6615    i.disk_initialize   diskio.o
    0x08008c72   0x08008c72   0x00000002   PAD
    0x08008c74   0x08008c74   0x0000006c   Code   RO         6616    i.disk_ioctl        diskio.o
    0x08008ce0   0x08008ce0   0x000000b4   Code   RO         6617    i.disk_read         diskio.o
    0x08008d94   0x08008d94   0x0000001c   Code   RO         6618    i.disk_status       diskio.o
    0x08008db0   0x08008db0   0x000000ba   Code   RO         6619    i.disk_write        diskio.o
    0x08008e6a   0x08008e6a   0x00000020   Code   RO         6280    i.f_close           ff.o
    0x08008e8a   0x08008e8a   0x00000016   Code   RO         6281    i.f_closedir        ff.o
    0x08008ea0   0x08008ea0   0x000000a4   Code   RO         5818    i.f_delpath         system.o
    0x08008f44   0x08008f44   0x0000019a   Code   RO         6285    i.f_lseek           ff.o
    0x080090de   0x080090de   0x00000166   Code   RO         6286    i.f_mkdir           ff.o
    0x08009244   0x08009244   0x0000005c   Code   RO         6288    i.f_mount           ff.o
    0x080092a0   0x080092a0   0x0000016a   Code   RO         6289    i.f_open            ff.o
    0x0800940a   0x0800940a   0x00000076   Code   RO         6290    i.f_opendir         ff.o
    0x08009480   0x08009480   0x000001d0   Code   RO         6294    i.f_read            ff.o
    0x08009650   0x08009650   0x00000064   Code   RO         6295    i.f_readdir         ff.o
    0x080096b4   0x080096b4   0x000000b0   Code   RO         6299    i.f_sync            ff.o
    0x08009764   0x08009764   0x000000b2   Code   RO         6301    i.f_unlink          ff.o
    0x08009816   0x08009816   0x0000020c   Code   RO         6303    i.f_write           ff.o
    0x08009a22   0x08009a22   0x00000002   PAD
    0x08009a24   0x08009a24   0x0000007c   Code   RO         6682    i.ff_convert        cc936.o
    0x08009aa0   0x08009aa0   0x00000038   Code   RO         6683    i.ff_wtoupper       cc936.o
    0x08009ad8   0x08009ad8   0x000003c8   Code   RO         6304    i.find_volume       ff.o
    0x08009ea0   0x08009ea0   0x00000080   Code   RO         6305    i.fit_lfn           ff.o
    0x08009f20   0x08009f20   0x00000090   Code   RO         6306    i.follow_path       ff.o
    0x08009fb0   0x08009fb0   0x00000024   Code   RO         5689    i.fputc             usart.o
    0x08009fd4   0x08009fd4   0x000000c8   Code   RO         6307    i.gen_numname       ff.o
    0x0800a09c   0x0800a09c   0x0000003c   Code   RO         5819    i.getFileName       system.o
    0x0800a0d8   0x0800a0d8   0x00000120   Code   RO         5527    i.getTone           djembe_mode.o
    0x0800a1f8   0x0800a1f8   0x0000002c   Code   RO         5566    i.getWav            wav.o
    0x0800a224   0x0800a224   0x0000013e   Code   RO         6308    i.get_fat           ff.o
    0x0800a362   0x0800a362   0x00000002   PAD
    0x0800a364   0x0800a364   0x00000008   Code   RO         6620    i.get_fattime       diskio.o
    0x0800a36c   0x0800a36c   0x0000010c   Code   RO         6309    i.get_fileinfo      ff.o
    0x0800a478   0x0800a478   0x0000004a   Code   RO         6310    i.get_ldnumber      ff.o
    0x0800a4c2   0x0800a4c2   0x00000020   Code   RO         6311    i.ld_clust          ff.o
    0x0800a4e2   0x0800a4e2   0x00000002   PAD
    0x0800a4e4   0x0800a4e4   0x000002b8   Code   RO         5567    i.loadWav           wav.o
    0x0800a79c   0x0800a79c   0x00000060   Code   RO         5240    i.main              app.o
    0x0800a7fc   0x0800a7fc   0x00000026   Code   RO         6312    i.mem_cmp           ff.o
    0x0800a822   0x0800a822   0x0000001a   Code   RO         6313    i.mem_cpy           ff.o
    0x0800a83c   0x0800a83c   0x00000014   Code   RO         6314    i.mem_set           ff.o
    0x0800a850   0x0800a850   0x0000005e   Code   RO         6933    i.mixer             player.o
    0x0800a8ae   0x0800a8ae   0x00000002   PAD
    0x0800a8b0   0x0800a8b0   0x00000074   Code   RO         5528    i.mode_djembe_init  djembe_mode.o
    0x0800a924   0x0800a924   0x000001e8   Code   RO         5529    i.mode_djembe_tick  djembe_mode.o
    0x0800ab0c   0x0800ab0c   0x00000034   Code   RO         6315    i.move_window       ff.o
    0x0800ab40   0x0800ab40   0x00000170   Code   RO         5820    i.parsePath         system.o
    0x0800acb0   0x0800acb0   0x00000034   Code   RO         5821    i.pathMerge         system.o
    0x0800ace4   0x0800ace4   0x00000074   Code   RO         6316    i.pick_lfn          ff.o
    0x0800ad58   0x0800ad58   0x00000098   Code   RO         6934    i.play_wav          player.o
    0x0800adf0   0x0800adf0   0x00000048   Code   RO         6935    i.player_Init       player.o
    0x0800ae38   0x0800ae38   0x00000018   Code   RO         6936    i.player_queue_length  player.o
    0x0800ae50   0x0800ae50   0x0000001c   Code   RO         6937    i.player_queue_pop  player.o
    0x0800ae6c   0x0800ae6c   0x0000000e   Code   RO         6938    i.player_queue_push  player.o
    0x0800ae7a   0x0800ae7a   0x00000188   Code   RO         6317    i.put_fat           ff.o
    0x0800b002   0x0800b002   0x00000054   Code   RO         6939    i.readData          player.o
    0x0800b056   0x0800b056   0x00000002   PAD
    0x0800b058   0x0800b058   0x00000038   Code   RO         7044    i.read_all_input_state  gating_membrane.o
    0x0800b090   0x0800b090   0x0000006c   Code   RO         6319    i.remove_chain      ff.o
    0x0800b0fc   0x0800b0fc   0x00000010   Code   RO         6320    i.st_clust          ff.o
    0x0800b10c   0x0800b10c   0x00000020   Code   RO         6321    i.sum_sfn           ff.o
    0x0800b12c   0x0800b12c   0x000000c8   Code   RO         6322    i.sync_fs           ff.o
    0x0800b1f4   0x0800b1f4   0x00000052   Code   RO         6323    i.sync_window       ff.o
    0x0800b246   0x0800b246   0x00000002   PAD
    0x0800b248   0x0800b248   0x0000003c   Code   RO         5568    i.unloadWav         wav.o
    0x0800b284   0x0800b284   0x00000024   Code   RO         6940    i.useVolume         player.o
    0x0800b2a8   0x0800b2a8   0x00000036   Code   RO         6324    i.validate          ff.o
    0x0800b2de   0x0800b2de   0x0000004c   Code   RO         6730    i.wm8978_CfgAudioIF  bsp_wm8978.o
    0x0800b32a   0x0800b32a   0x00000270   Code   RO         6731    i.wm8978_CfgAudioPath  bsp_wm8978.o
    0x0800b59a   0x0800b59a   0x00000014   Code   RO         6733    i.wm8978_Init       bsp_wm8978.o
    0x0800b5ae   0x0800b5ae   0x00000008   Code   RO         6736    i.wm8978_PowerDown  bsp_wm8978.o
    0x0800b5b6   0x0800b5b6   0x00000002   PAD
    0x0800b5b8   0x0800b5b8   0x0000003c   Code   RO         6740    i.wm8978_Reset      bsp_wm8978.o
    0x0800b5f4   0x0800b5f4   0x00000022   Code   RO         6743    i.wm8978_SetOUT1Volume  bsp_wm8978.o
    0x0800b616   0x0800b616   0x00000002   PAD
    0x0800b618   0x0800b618   0x00000020   Code   RO         6745    i.wm8978_WriteReg   bsp_wm8978.o
    0x0800b638   0x0800b638   0x0000003a   Data   RO         6326    .constdata          ff.o
    0x0800b672   0x0800b672   0x0002acc8   Data   RO         6684    .constdata          cc936.o
    0x0803633a   0x0803633a   0x00000002   PAD
    0x0803633c   0x0803633c   0x00000074   Data   RO         6746    .constdata          bsp_wm8978.o
    0x080363b0   0x080363b0   0x00000094   Data   RO         7844    .constdata          os_cfg_app.o
    0x08036444   0x08036444   0x0000016c   Data   RO         8082    .constdata          os_dbg.o
    0x080365b0   0x080365b0   0x00000081   Data   RO         9349    .constdata          mc_w.l(ctype_o.o)
    0x08036631   0x08036631   0x00000003   PAD
    0x08036634   0x08036634   0x00000004   Data   RO         9350    .constdata          mc_w.l(ctype_o.o)
    0x08036638   0x08036638   0x0000003d   Data   RO         5823    .conststring        system.o
    0x08036675   0x08036675   0x00000003   PAD
    0x08036678   0x08036678   0x00000004   Data   RO         7082    .conststring        led.o
    0x0803667c   0x0803667c   0x00000020   Data   RO         9382    Region$$Table       anon$$obj.o


    Execution Region RW_IRAM1 (Exec base: 0x20000000, Load base: 0x0803669c, Size: 0x00026dc8, Max: 0x00030000, ABSOLUTE, COMPRESSED[0x000000e8])

    Exec Addr    Load Addr    Size         Type   Attr      Idx    E Section Name        Object

    0x20000000   COMPRESSED   0x00000010   Data   RW         3013    .data               stm32f4xx_rcc.o
    0x20000010   COMPRESSED   0x00000015   Data   RW         5242    .data               app.o
    0x20000025   COMPRESSED   0x00000003   PAD
    0x20000028   COMPRESSED   0x00000008   Data   RW         5503    .data               mode_manager.o
    0x20000030   COMPRESSED   0x00000019   Data   RW         5531    .data               djembe_mode.o
    0x20000049   COMPRESSED   0x00000003   PAD
    0x2000004c   COMPRESSED   0x00000006   Data   RW         5570    .data               wav.o
    0x20000052   COMPRESSED   0x00000002   PAD
    0x20000054   COMPRESSED   0x0000000c   Data   RW         5691    .data               usart.o
    0x20000060   COMPRESSED   0x00000008   Data   RW         5757    .data               shell.o
    0x20000068   COMPRESSED   0x00000030   Data   RW         5824    .data               system.o
    0x20000098   COMPRESSED   0x00000018   Data   RW         6044    .data               bsp_sdio_sd.o
    0x200000b0   COMPRESSED   0x00000002   Data   RW         6327    .data               ff.o
    0x200000b2   COMPRESSED   0x00000002   PAD
    0x200000b4   COMPRESSED   0x00000080   Data   RW         6747    .data               bsp_wm8978.o
    0x20000134   COMPRESSED   0x00000020   Data   RW         6942    .data               player.o
    0x20000154   COMPRESSED   0x00000080   Data   RW         7046    .data               gating_membrane.o
    0x200001d4   COMPRESSED   0x0000009c   Data   RW         7083    .data               led.o
    0x20000270   COMPRESSED   0x00000004   Data   RW         7200    .data               cpu_core.o
    0x20000274   COMPRESSED   0x00000004   Data   RW         7536    .data               lib_mem.o
    0x20000278   COMPRESSED   0x00000008   Data   RW         8352    .data               os_prio.o
    0x20000280   COMPRESSED   0x000000c4   Data   RW         8916    .data               os_var.o
    0x20000344   COMPRESSED   0x00000004   Data   RW         8943    .data               os_cpu_c.o
    0x20000348   COMPRESSED   0x00000004   Data   RW         9315    .data               mc_w.l(stdout.o)
    0x2000034c   COMPRESSED   0x00000004   Data   RW         9327    .data               mc_w.l(errno.o)
    0x20000350        -       0x00005500   Zero   RW         5241    .bss                app.o
    0x20005850        -       0x00000018   Zero   RW         5502    .bss                mode_manager.o
    0x20005868        -       0x00000015   Zero   RW         5530    .bss                djembe_mode.o
    0x2000587d   COMPRESSED   0x00000003   PAD
    0x20005880        -       0x00015000   Zero   RW         5569    .bss                wav.o
    0x2001a880        -       0x00001488   Zero   RW         5690    .bss                usart.o
    0x2001bd08        -       0x00006870   Zero   RW         5756    .bss                shell.o
    0x20022578        -       0x00001454   Zero   RW         5822    .bss                system.o
    0x200239cc   COMPRESSED   0x00000004   PAD
    0x200239d0        -       0x000000cc   Zero   RW         6043    .bss                bsp_sdio_sd.o
    0x20023a9c        -       0x0000000c   Zero   RW         6325    .bss                ff.o
    0x20023aa8        -       0x00000320   Zero   RW         6941    .bss                player.o
    0x20023dc8        -       0x00000015   Zero   RW         7045    .bss                gating_membrane.o
    0x20023ddd   COMPRESSED   0x00000001   PAD
    0x20023dde        -       0x0000000a   Zero   RW         7135    .bss                piezoelectric_element.o
    0x20023de8        -       0x00000010   Zero   RW         7198    .bss                cpu_core.o
    0x20023df8        -       0x00000c14   Zero   RW         7535    .bss                lib_mem.o
    0x20024a0c        -       0x00000d80   Zero   RW         7843    .bss                os_cfg_app.o
    0x2002578c        -       0x0000063c   Zero   RW         8915    .bss                os_var.o
    0x20025dc8        -       0x00001000   Zero   RW            1    STACK               startup_stm32f429_439xx.o


==============================================================================

Image component sizes


      Code (inc. data)   RO Data    RW Data    ZI Data      Debug   Object Name

       636        144          0         21      21760      37046   app.o
       178         60          0          0          0       2157   bsp.o
      5068        292          0         24        204      32755   bsp_sdio_sd.o
      1926        144        116        128          0      12827   bsp_wm8978.o
       180         18     175304          0          0       2723   cc936.o
        52          0          0          0          0        352   cpu_a.o
         0          0          0          0          0       7792   cpu_c.o
       104         18          0          4         16       5116   cpu_core.o
       552          8          0          0          0      12481   diskio.o
       892        118          0         25         21       3632   djembe_mode.o
      8720         68         58          2         12      46931   ff.o
       128         22          0        128         21       1934   gating_membrane.o
       280         64          4        156          0       3583   led.o
       284         26          0          4       3092      15361   lib_mem.o
       140         24          0          0          0       1807   misc.o
         0          0          0          8         24       1081   mode_manager.o
         0          0          0          0          0      38327   os_app_hooks.o
         2          0        148          0       3456      19291   os_cfg_app.o
      2494        342          0          0          0      19341   os_core.o
       268         14          0          0          0        440   os_cpu_a.o
      1168        168          0          4          0      27047   os_cpu_c.o
       424        278        364          0          0       4793   os_dbg.o
        24         10          0          0          0        914   os_flag.o
        24         10          0          0          0        913   os_mem.o
       206         20          0          0          0       2448   os_msg.o
      1220         56          0          0          0       7415   os_mutex.o
       136         16          0          8          0       3002   os_prio.o
        24         10          0          0          0        911   os_q.o
        24         10          0          0          0        905   os_sem.o
      1484        190          0          0          0       4059   os_stat.o
      3206        164          0          0          0      14257   os_task.o
      1140         88          0          0          0       6590   os_tick.o
       232         26          0          0          0       1725   os_time.o
       570        142          0          0          0       4207   os_tmr.o
         0          0          0        196       1596      17884   os_var.o
       324         18          0          0         10       1522   piezoelectric_element.o
      1002         94          0         32        800      11172   player.o
      1266         30          0          0          0       3205   sdram.o
       684        170          0          8      26736       4541   shell.o
        76         16        428          0       4096       1020   startup_stm32f429_439xx.o
       392         24          0          0          0       6175   stm32f4xx_adc.o
       804         72          0          0          0       9220   stm32f4xx_dma.o
       452         20          0          0          0       3923   stm32f4xx_fmc.o
       240          0          0          0          0       4039   stm32f4xx_gpio.o
       448         14          0          0          0       6966   stm32f4xx_i2c.o
        22          0          0          0          0       3415   stm32f4xx_it.o
       512         70          0         16          0       9085   stm32f4xx_rcc.o
       370         80          0          0          0      11978   stm32f4xx_sdio.o
       626         36          0          0          0       3735   stm32f4xx_spi.o
       620         82          0          0          0       5663   stm32f4xx_tim.o
       438          8          0          0          0       6157   stm32f4xx_usart.o
      2970        842         61         48       5204      15712   system.o
       392         32          0          0          0     362853   system_stm32f4xx.o
       460         32          0         12       5256       3963   usart.o
       800        210          0          6      86016       3258   wav.o

    ----------------------------------------------------------------------
     44752       4400     176520        840     158328     839649   Object Totals
         0          0         32          0          0          0   (incl. Generated)
        68          0          5         10          8          0   (incl. Padding)

    ----------------------------------------------------------------------

      Code (inc. data)   RO Data    RW Data    ZI Data      Debug   Library Member Name

        86          0          0          0          0          0   __dczerorl2.o
        28          0          0          0          0         68   _chval.o
       158          0          0          0          0         92   _strtoul.o
        26          0          0          0          0         80   atoi.o
         8          4        133          0          0         68   ctype_o.o
         0          0          0          0          0          0   entry.o
         0          0          0          0          0          0   entry10a.o
         0          0          0          0          0          0   entry11a.o
         8          4          0          0          0          0   entry2.o
         4          0          0          0          0          0   entry5.o
         0          0          0          0          0          0   entry7b.o
         0          0          0          0          0          0   entry8b.o
         8          4          0          0          0          0   entry9a.o
         8          4          0          4          0         68   errno.o
        30          0          0          0          0          0   handlers.o
        36          8          0          0          0         68   init.o
        30          0          0          0          0         68   llshl.o
        32          0          0          0          0         68   llushr.o
        36          0          0          0          0         68   memcpya.o
        36          0          0          0          0        108   memseta.o
       522         20          0          0          0        336   printf3.o
         0          0          0          4          0          0   stdout.o
        28          0          0          0          0         76   strcmp.o
        18          0          0          0          0         68   strcpy.o
        14          0          0          0          0         68   strlen.o
        50          0          0          0          0         84   strncasecmp.o
        30          0          0          0          0         80   strncmp.o
       112          0          0          0          0         88   strtol.o
        12          0          0          0          0         68   tolower.o
        44          0          0          0          0         80   uidiv.o
        98          0          0          0          0         92   uldiv.o

    ----------------------------------------------------------------------
      1468         44        136          8          0       1796   Library Totals
         6          0          3          0          0          0   (incl. Padding)

    ----------------------------------------------------------------------

      Code (inc. data)   RO Data    RW Data    ZI Data      Debug   Library Name

      1462         44        133          8          0       1796   mc_w.l

    ----------------------------------------------------------------------
      1468         44        136          8          0       1796   Library Totals

    ----------------------------------------------------------------------

==============================================================================


      Code (inc. data)   RO Data    RW Data    ZI Data      Debug   

     46220       4444     176656        848     158328     805045   Grand Totals
     46220       4444     176656        232     158328     805045   ELF Image Totals (compressed)
     46220       4444     176656        232          0          0   ROM Totals

==============================================================================

    Total RO  Size (Code + RO Data)               222876 ( 217.65kB)
    Total RW  Size (RW Data + ZI Data)            159176 ( 155.45kB)
    Total ROM Size (Code + RO Data + RW Data)     223108 ( 217.88kB)

==============================================================================

